Archive member included to satisfy reference by file (symbol)

c:/ac6/systemworkbench/plugins/fr.ac6.mcu.externaltools.arm-none.win32_1.17.0.201812190825/tools/compiler/bin/../lib/gcc/arm-none-eabi/7.3.1/thumb/v6-m\libgcc.a(_udivsi3.o)
                              Drivers\CMSIS\system_stm32f0xx.o (__aeabi_uidiv)
c:/ac6/systemworkbench/plugins/fr.ac6.mcu.externaltools.arm-none.win32_1.17.0.201812190825/tools/compiler/bin/../lib/gcc/arm-none-eabi/7.3.1/thumb/v6-m\libgcc.a(_divsi3.o)
                              Drivers\CMSIS\system_stm32f0xx.o (__aeabi_idiv)
c:/ac6/systemworkbench/plugins/fr.ac6.mcu.externaltools.arm-none.win32_1.17.0.201812190825/tools/compiler/bin/../lib/gcc/arm-none-eabi/7.3.1/thumb/v6-m\libgcc.a(_dvmd_tls.o)
                              c:/ac6/systemworkbench/plugins/fr.ac6.mcu.externaltools.arm-none.win32_1.17.0.201812190825/tools/compiler/bin/../lib/gcc/arm-none-eabi/7.3.1/thumb/v6-m\libgcc.a(_udivsi3.o) (__aeabi_idiv0)
c:/ac6/systemworkbench/plugins/fr.ac6.mcu.externaltools.arm-none.win32_1.17.0.201812190825/tools/compiler/bin/../lib/gcc/arm-none-eabi/7.3.1/../../../../arm-none-eabi/lib/thumb/v6-m\libc_nano.a(lib_a-atoi.o)
                              Middlewares\UART_serial_com\UART_UI.o (atoi)
c:/ac6/systemworkbench/plugins/fr.ac6.mcu.externaltools.arm-none.win32_1.17.0.201812190825/tools/compiler/bin/../lib/gcc/arm-none-eabi/7.3.1/../../../../arm-none-eabi/lib/thumb/v6-m\libc_nano.a(lib_a-exit.o)
                              c:/ac6/systemworkbench/plugins/fr.ac6.mcu.externaltools.arm-none.win32_1.17.0.201812190825/tools/compiler/bin/../lib/gcc/arm-none-eabi/7.3.1/../../../../arm-none-eabi/lib/thumb/v6-m/crt0.o (exit)
c:/ac6/systemworkbench/plugins/fr.ac6.mcu.externaltools.arm-none.win32_1.17.0.201812190825/tools/compiler/bin/../lib/gcc/arm-none-eabi/7.3.1/../../../../arm-none-eabi/lib/thumb/v6-m\libc_nano.a(lib_a-impure.o)
                              c:/ac6/systemworkbench/plugins/fr.ac6.mcu.externaltools.arm-none.win32_1.17.0.201812190825/tools/compiler/bin/../lib/gcc/arm-none-eabi/7.3.1/../../../../arm-none-eabi/lib/thumb/v6-m\libc_nano.a(lib_a-exit.o) (_global_impure_ptr)
c:/ac6/systemworkbench/plugins/fr.ac6.mcu.externaltools.arm-none.win32_1.17.0.201812190825/tools/compiler/bin/../lib/gcc/arm-none-eabi/7.3.1/../../../../arm-none-eabi/lib/thumb/v6-m\libc_nano.a(lib_a-init.o)
                              c:/ac6/systemworkbench/plugins/fr.ac6.mcu.externaltools.arm-none.win32_1.17.0.201812190825/tools/compiler/bin/../lib/gcc/arm-none-eabi/7.3.1/../../../../arm-none-eabi/lib/thumb/v6-m/crt0.o (__libc_init_array)
c:/ac6/systemworkbench/plugins/fr.ac6.mcu.externaltools.arm-none.win32_1.17.0.201812190825/tools/compiler/bin/../lib/gcc/arm-none-eabi/7.3.1/../../../../arm-none-eabi/lib/thumb/v6-m\libc_nano.a(lib_a-memcpy-stub.o)
                              Middlewares\UART_serial_com\UART_UI.o (memcpy)
c:/ac6/systemworkbench/plugins/fr.ac6.mcu.externaltools.arm-none.win32_1.17.0.201812190825/tools/compiler/bin/../lib/gcc/arm-none-eabi/7.3.1/../../../../arm-none-eabi/lib/thumb/v6-m\libc_nano.a(lib_a-memset.o)
                              c:/ac6/systemworkbench/plugins/fr.ac6.mcu.externaltools.arm-none.win32_1.17.0.201812190825/tools/compiler/bin/../lib/gcc/arm-none-eabi/7.3.1/../../../../arm-none-eabi/lib/thumb/v6-m/crt0.o (memset)
c:/ac6/systemworkbench/plugins/fr.ac6.mcu.externaltools.arm-none.win32_1.17.0.201812190825/tools/compiler/bin/../lib/gcc/arm-none-eabi/7.3.1/../../../../arm-none-eabi/lib/thumb/v6-m\libc_nano.a(lib_a-sprintf.o)
                              Middlewares\UART_serial_com\UART_UI.o (sprintf)
c:/ac6/systemworkbench/plugins/fr.ac6.mcu.externaltools.arm-none.win32_1.17.0.201812190825/tools/compiler/bin/../lib/gcc/arm-none-eabi/7.3.1/../../../../arm-none-eabi/lib/thumb/v6-m\libc_nano.a(lib_a-strcmp.o)
                              Middlewares\UART_serial_com\UART_UI.o (strcmp)
c:/ac6/systemworkbench/plugins/fr.ac6.mcu.externaltools.arm-none.win32_1.17.0.201812190825/tools/compiler/bin/../lib/gcc/arm-none-eabi/7.3.1/../../../../arm-none-eabi/lib/thumb/v6-m\libc_nano.a(lib_a-strcpy.o)
                              Middlewares\UART_serial_com\UART_UI.o (strcpy)
c:/ac6/systemworkbench/plugins/fr.ac6.mcu.externaltools.arm-none.win32_1.17.0.201812190825/tools/compiler/bin/../lib/gcc/arm-none-eabi/7.3.1/../../../../arm-none-eabi/lib/thumb/v6-m\libc_nano.a(lib_a-strncmp.o)
                              Middlewares\UART_serial_com\UART_UI.o (strncmp)
c:/ac6/systemworkbench/plugins/fr.ac6.mcu.externaltools.arm-none.win32_1.17.0.201812190825/tools/compiler/bin/../lib/gcc/arm-none-eabi/7.3.1/../../../../arm-none-eabi/lib/thumb/v6-m\libc_nano.a(lib_a-strtok.o)
                              Middlewares\UART_serial_com\UART_UI.o (strtok)
[...]
Memory Configuration

Name             Origin             Length             Attributes
RAM              0x20000000         0x00001000         xrw
ROM              0x08000000         0x00008000         xr
*default*        0x00000000         0xffffffff

Linker script and memory map

LOAD c:/ac6/systemworkbench/plugins/fr.ac6.mcu.externaltools.arm-none.win32_1.17.0.201812190825/tools/compiler/bin/../lib/gcc/arm-none-eabi/7.3.1/thumb/v6-m/crti.o
LOAD c:/ac6/systemworkbench/plugins/fr.ac6.mcu.externaltools.arm-none.win32_1.17.0.201812190825/tools/compiler/bin/../lib/gcc/arm-none-eabi/7.3.1/thumb/v6-m/crtbegin.o
LOAD c:/ac6/systemworkbench/plugins/fr.ac6.mcu.externaltools.arm-none.win32_1.17.0.201812190825/tools/compiler/bin/../lib/gcc/arm-none-eabi/7.3.1/../../../../arm-none-eabi/lib/thumb/v6-m/crt0.o
LOAD c:/ac6/systemworkbench/plugins/fr.ac6.mcu.externaltools.arm-none.win32_1.17.0.201812190825/tools/compiler/bin/../lib/gcc/arm-none-eabi/7.3.1/../../../../arm-none-eabi/lib/thumb/v6-m\libm.a
LOAD Drivers\BSP\Components\stspin32f0.o
LOAD Drivers\BSP\STEVAL-SPIN3202\STEVAL-SPIN3202.o
LOAD Drivers\CMSIS\system_stm32f0xx.o
LOAD Drivers\STM32F0xx_HAL_Driver\stm32f0xx_hal.o
LOAD Drivers\STM32F0xx_HAL_Driver\stm32f0xx_hal_adc.o
LOAD Drivers\STM32F0xx_HAL_Driver\stm32f0xx_hal_adc_ex.o
LOAD Drivers\STM32F0xx_HAL_Driver\stm32f0xx_hal_cortex.o
LOAD Drivers\STM32F0xx_HAL_Driver\stm32f0xx_hal_dma.o
LOAD Drivers\STM32F0xx_HAL_Driver\stm32f0xx_hal_flash.o
LOAD Drivers\STM32F0xx_HAL_Driver\stm32f0xx_hal_flash_ex.o
LOAD Drivers\STM32F0xx_HAL_Driver\stm32f0xx_hal_gpio.o
LOAD Drivers\STM32F0xx_HAL_Driver\stm32f0xx_hal_rcc.o
LOAD Drivers\STM32F0xx_HAL_Driver\stm32f0xx_hal_rcc_ex.o
LOAD Drivers\STM32F0xx_HAL_Driver\stm32f0xx_hal_tim.o
LOAD Drivers\STM32F0xx_HAL_Driver\stm32f0xx_hal_tim_ex.o
LOAD Drivers\STM32F0xx_HAL_Driver\stm32f0xx_hal_uart.o
LOAD Drivers\STM32F0xx_HAL_Driver\stm32f0xx_hal_uart_ex.o
LOAD Drivers\STM32F0xx_HAL_Driver\stm32f0xx_hal_usart.o
LOAD Middlewares\MC_6Step_Lib\6Step_Lib.o
LOAD Middlewares\UART_serial_com\UART_UI.o
LOAD User\main_32F0.o
LOAD User\stspin32f0_hal_msp.o
LOAD User\stspin32f0_it.o
LOAD startup\startup_stm32f031x6.o
START GROUP
LOAD c:/ac6/systemworkbench/plugins/fr.ac6.mcu.externaltools.arm-none.win32_1.17.0.201812190825/tools/compiler/bin/../lib/gcc/arm-none-eabi/7.3.1/thumb/v6-m\libgcc.a
LOAD c:/ac6/systemworkbench/plugins/fr.ac6.mcu.externaltools.arm-none.win32_1.17.0.201812190825/tools/compiler/bin/../lib/gcc/arm-none-eabi/7.3.1/../../../../arm-none-eabi/lib/thumb/v6-m\libc_nano.a
END GROUP
START GROUP
LOAD c:/ac6/systemworkbench/plugins/fr.ac6.mcu.externaltools.arm-none.win32_1.17.0.201812190825/tools/compiler/bin/../lib/gcc/arm-none-eabi/7.3.1/thumb/v6-m\libgcc.a
LOAD c:/ac6/systemworkbench/plugins/fr.ac6.mcu.externaltools.arm-none.win32_1.17.0.201812190825/tools/compiler/bin/../lib/gcc/arm-none-eabi/7.3.1/../../../../arm-none-eabi/lib/thumb/v6-m\libc_nano.a
LOAD c:/ac6/systemworkbench/plugins/fr.ac6.mcu.externaltools.arm-none.win32_1.17.0.201812190825/tools/compiler/bin/../lib/gcc/arm-none-eabi/7.3.1/../../../../arm-none-eabi/lib/thumb/v6-m\libnosys.a
END GROUP
START GROUP
LOAD c:/ac6/systemworkbench/plugins/fr.ac6.mcu.externaltools.arm-none.win32_1.17.0.201812190825/tools/compiler/bin/../lib/gcc/arm-none-eabi/7.3.1/thumb/v6-m\libgcc.a
LOAD c:/ac6/systemworkbench/plugins/fr.ac6.mcu.externaltools.arm-none.win32_1.17.0.201812190825/tools/compiler/bin/../lib/gcc/arm-none-eabi/7.3.1/../../../../arm-none-eabi/lib/thumb/v6-m\libc_nano.a
LOAD c:/ac6/systemworkbench/plugins/fr.ac6.mcu.externaltools.arm-none.win32_1.17.0.201812190825/tools/compiler/bin/../lib/gcc/arm-none-eabi/7.3.1/../../../../arm-none-eabi/lib/thumb/v6-m\libnosys.a
END GROUP
LOAD c:/ac6/systemworkbench/plugins/fr.ac6.mcu.externaltools.arm-none.win32_1.17.0.201812190825/tools/compiler/bin/../lib/gcc/arm-none-eabi/7.3.1/thumb/v6-m/crtend.o
LOAD c:/ac6/systemworkbench/plugins/fr.ac6.mcu.externaltools.arm-none.win32_1.17.0.201812190825/tools/compiler/bin/../lib/gcc/arm-none-eabi/7.3.1/thumb/v6-m/crtn.o
                0x20001000                _estack = 0x20001000
                0x00000000                _Min_Heap_Size = 0x0
                0x00000400                _Min_Stack_Size = 0x400

.isr_vector     0x08000000       0xc0
                0x08000000                . = ALIGN (0x4)
 *(.isr_vector)
 .isr_vector    0x08000000       0xc0 startup\startup_stm32f031x6.o
                0x08000000                g_pfnVectors
                0x080000c0                . = ALIGN (0x4)

.text           0x080000c0     0x26ec
                0x080000c0                . = ALIGN (0x4)
 *(.text)
 .text          0x080000c0       0x48 c:/ac6/systemworkbench/plugins/fr.ac6.mcu.externaltools.arm-none.win32_1.17.0.201812190825/tools/compiler/bin/../lib/gcc/arm-none-eabi/7.3.1/thumb/v6-m/crtbegin.o
 .text          0x08000108      0x114 c:/ac6/systemworkbench/plugins/fr.ac6.mcu.externaltools.arm-none.win32_1.17.0.201812190825/tools/compiler/bin/../lib/gcc/arm-none-eabi/7.3.1/thumb/v6-m\libgcc.a(_udivsi3.o)
                0x08000108                __aeabi_uidiv
                0x08000108                __udivsi3
                0x08000214                __aeabi_uidivmod
 .text          0x0800021c        0x4 c:/ac6/systemworkbench/plugins/fr.ac6.mcu.externaltools.arm-none.win32_1.17.0.201812190825/tools/compiler/bin/../lib/gcc/arm-none-eabi/7.3.1/thumb/v6-m\libgcc.a(_dvmd_tls.o)
                0x0800021c                __aeabi_idiv0
                0x0800021c                __aeabi_ldiv0
 *(.text*)
 .text.HF_TIMx_SetDutyCycle_CH1
                0x08000220        0xc Drivers\BSP\Components\stspin32f0.o
                0x08000220                HF_TIMx_SetDutyCycle_CH1
 .text.HF_TIMx_SetDutyCycle_CH2
                0x0800022c        0xc Drivers\BSP\Components\stspin32f0.o
                0x0800022c                HF_TIMx_SetDutyCycle_CH2
 .text.HF_TIMx_SetDutyCycle_CH3
                0x08000238        0xc Drivers\BSP\Components\stspin32f0.o
                0x08000238                HF_TIMx_SetDutyCycle_CH3
 .text.HF_TIMx_SetDutyCycle
                0x08000244       0x18 Drivers\BSP\Components\stspin32f0.o
                0x08000244                HF_TIMx_SetDutyCycle
 .text.ADC_Channel
                0x0800025c       0x28 Drivers\BSP\Components\stspin32f0.o
                0x0800025c                ADC_Channel
 .text.Get_UART_Data
                0x08000284       0x10 Drivers\BSP\Components\stspin32f0.o
                0x08000284                Get_UART_Data
 .text.EnableInput_CH1_E_CH2_E_CH3_D
                0x08000294       0x3c Drivers\BSP\Components\stspin32f0.o
                0x08000294                EnableInput_CH1_E_CH2_E_CH3_D
 .text.EnableInput_CH1_E_CH2_D_CH3_E
                0x080002d0       0x3c Drivers\BSP\Components\stspin32f0.o
                0x080002d0                EnableInput_CH1_E_CH2_D_CH3_E
 .text.EnableInput_CH1_D_CH2_E_CH3_E
                0x0800030c       0x3c Drivers\BSP\Components\stspin32f0.o
                0x0800030c                EnableInput_CH1_D_CH2_E_CH3_E
 .text.DisableInput_CH1_D_CH2_D_CH3_D
                0x08000348       0x3c Drivers\BSP\Components\stspin32f0.o
                0x08000348                DisableInput_CH1_D_CH2_D_CH3_D
 .text.Overcurrent_Selection
                0x08000384       0x14 Drivers\BSP\Components\stspin32f0.o
                0x08000384                Overcurrent_Selection
 .text.Overcurrent_Threshold_Setvalue
                0x08000398       0x4c Drivers\BSP\Components\stspin32f0.o
                0x08000398                Overcurrent_Threshold_Setvalue
 .text.BSP_BOARD_FAULT_LED_OFF
                0x080003e4       0x14 Drivers\BSP\STEVAL-SPIN3202\STEVAL-SPIN3202.o
                0x080003e4                BSP_BOARD_FAULT_LED_OFF
 .text.MC_SixStep_ADC_Channel
                0x080003f8       0x10 Drivers\BSP\STEVAL-SPIN3202\STEVAL-SPIN3202.o
                0x080003f8                MC_SixStep_ADC_Channel
 .text.SystemInit
                0x08000408       0x60 Drivers\CMSIS\system_stm32f0xx.o
                0x08000408                SystemInit
 .text.HAL_MspInit
                0x08000468        0x4 Drivers\STM32F0xx_HAL_Driver\stm32f0xx_hal.o
                0x08000468                HAL_MspInit
 .text.HAL_InitTick
                0x0800046c       0x24 Drivers\STM32F0xx_HAL_Driver\stm32f0xx_hal.o
                0x0800046c                HAL_InitTick
 .text.HAL_Init
                0x08000490       0x20 Drivers\STM32F0xx_HAL_Driver\stm32f0xx_hal.o
                0x08000490                HAL_Init
 .text.HAL_IncTick
                0x080004b0       0x10 Drivers\STM32F0xx_HAL_Driver\stm32f0xx_hal.o
                0x080004b0                HAL_IncTick
 .text.HAL_GetTick
                0x080004c0        0xc Drivers\STM32F0xx_HAL_Driver\stm32f0xx_hal.o
                0x080004c0                HAL_GetTick
 .text.HAL_ADC_MspInit
                0x080004cc        0x4 Drivers\STM32F0xx_HAL_Driver\stm32f0xx_hal_adc.o
                0x080004cc                HAL_ADC_MspInit
 .text.HAL_ADC_Init
                0x080004d0      0x10c Drivers\STM32F0xx_HAL_Driver\stm32f0xx_hal_adc.o
                0x080004d0                HAL_ADC_Init
 .text.HAL_ADC_GetValue
                0x080005dc        0xc Drivers\STM32F0xx_HAL_Driver\stm32f0xx_hal_adc.o
                0x080005dc                HAL_ADC_GetValue
 .text.HAL_ADC_ConvCpltCallback
                0x080005e8        0x4 Drivers\STM32F0xx_HAL_Driver\stm32f0xx_hal_adc.o
                0x080005e8                HAL_ADC_ConvCpltCallback
 .text.HAL_ADC_LevelOutOfWindowCallback
                0x080005ec        0x4 Drivers\STM32F0xx_HAL_Driver\stm32f0xx_hal_adc.o
                0x080005ec                HAL_ADC_LevelOutOfWindowCallback
 .text.HAL_ADC_ErrorCallback
                0x080005f0        0x4 Drivers\STM32F0xx_HAL_Driver\stm32f0xx_hal_adc.o
                0x080005f0                HAL_ADC_ErrorCallback
 .text.HAL_ADC_IRQHandler
                0x080005f4       0xc8 Drivers\STM32F0xx_HAL_Driver\stm32f0xx_hal_adc.o
                0x080005f4                HAL_ADC_IRQHandler
 .text.HAL_ADC_ConfigChannel
                0x080006bc      0x108 Drivers\STM32F0xx_HAL_Driver\stm32f0xx_hal_adc.o
                0x080006bc                HAL_ADC_ConfigChannel
 .text.HAL_NVIC_SetPriority
                0x080007c4       0x58 Drivers\STM32F0xx_HAL_Driver\stm32f0xx_hal_cortex.o
                0x080007c4                HAL_NVIC_SetPriority
 .text.HAL_NVIC_EnableIRQ
                0x0800081c       0x14 Drivers\STM32F0xx_HAL_Driver\stm32f0xx_hal_cortex.o
                0x0800081c                HAL_NVIC_EnableIRQ
 .text.HAL_SYSTICK_Config
                0x08000830       0x38 Drivers\STM32F0xx_HAL_Driver\stm32f0xx_hal_cortex.o
                0x08000830                HAL_SYSTICK_Config
 .text.HAL_SYSTICK_Callback
                0x08000868        0x4 Drivers\STM32F0xx_HAL_Driver\stm32f0xx_hal_cortex.o
                0x08000868                HAL_SYSTICK_Callback
 .text.HAL_SYSTICK_IRQHandler
                0x0800086c        0x8 Drivers\STM32F0xx_HAL_Driver\stm32f0xx_hal_cortex.o
                0x0800086c                HAL_SYSTICK_IRQHandler
 .text.HAL_DMA_IRQHandler
                0x08000874      0x218 Drivers\STM32F0xx_HAL_Driver\stm32f0xx_hal_dma.o
                0x08000874                HAL_DMA_IRQHandler
 .text.HAL_GPIO_Init
                0x08000a8c      0x1c0 Drivers\STM32F0xx_HAL_Driver\stm32f0xx_hal_gpio.o
                0x08000a8c                HAL_GPIO_Init
 .text.HAL_GPIO_WritePin
                0x08000c4c        0xc Drivers\STM32F0xx_HAL_Driver\stm32f0xx_hal_gpio.o
                0x08000c4c                HAL_GPIO_WritePin
 .text.HAL_GPIO_EXTI_Callback
                0x08000c58        0x4 Drivers\STM32F0xx_HAL_Driver\stm32f0xx_hal_gpio.o
                0x08000c58                HAL_GPIO_EXTI_Callback
 .text.HAL_GPIO_EXTI_IRQHandler
                0x08000c5c       0x18 Drivers\STM32F0xx_HAL_Driver\stm32f0xx_hal_gpio.o
                0x08000c5c                HAL_GPIO_EXTI_IRQHandler
 .text.HAL_RCC_GetHCLKFreq
                0x08000c74       0x28 Drivers\STM32F0xx_HAL_Driver\stm32f0xx_hal_rcc.o
                0x08000c74                HAL_RCC_GetHCLKFreq
 .text.HAL_RCC_GetPCLK1Freq
                0x08000c9c       0x30 Drivers\STM32F0xx_HAL_Driver\stm32f0xx_hal_rcc.o
                0x08000c9c                HAL_RCC_GetPCLK1Freq
 .text.HAL_RCC_OscConfig
                0x08000ccc      0x400 Drivers\STM32F0xx_HAL_Driver\stm32f0xx_hal_rcc_ex.o
                0x08000ccc                HAL_RCC_OscConfig
 .text.HAL_RCC_ClockConfig
                0x080010cc      0x1c8 Drivers\STM32F0xx_HAL_Driver\stm32f0xx_hal_rcc_ex.o
                0x080010cc                HAL_RCC_ClockConfig
 .text.HAL_RCC_GetSysClockFreq
                0x08001294       0x50 Drivers\STM32F0xx_HAL_Driver\stm32f0xx_hal_rcc_ex.o
                0x08001294                HAL_RCC_GetSysClockFreq
 .text.HAL_TIM_Base_MspInit
                0x080012e4        0x4 Drivers\STM32F0xx_HAL_Driver\stm32f0xx_hal_tim.o
                0x080012e4                HAL_TIM_Base_MspInit
 .text.HAL_TIM_Base_Init
                0x080012e8       0xbc Drivers\STM32F0xx_HAL_Driver\stm32f0xx_hal_tim.o
                0x080012e8                HAL_TIM_Base_Init
 .text.HAL_TIM_PWM_Start
                0x080013a4       0x48 Drivers\STM32F0xx_HAL_Driver\stm32f0xx_hal_tim.o
                0x080013a4                HAL_TIM_PWM_Start
 .text.HAL_TIM_PWM_Stop
                0x080013ec       0x78 Drivers\STM32F0xx_HAL_Driver\stm32f0xx_hal_tim.o
                0x080013ec                HAL_TIM_PWM_Stop
 .text.HAL_TIM_PWM_ConfigChannel
                0x08001464      0x24c Drivers\STM32F0xx_HAL_Driver\stm32f0xx_hal_tim.o
                0x08001464                HAL_TIM_PWM_ConfigChannel
 .text.HAL_TIM_ConfigClockSource
                0x080016b0      0x18c Drivers\STM32F0xx_HAL_Driver\stm32f0xx_hal_tim.o
                0x080016b0                HAL_TIM_ConfigClockSource
 .text.HAL_TIM_SlaveConfigSynchronization
                0x0800183c       0xe8 Drivers\STM32F0xx_HAL_Driver\stm32f0xx_hal_tim.o
                0x0800183c                HAL_TIM_SlaveConfigSynchronization
 .text.HAL_TIM_PeriodElapsedCallback
                0x08001924        0x4 Drivers\STM32F0xx_HAL_Driver\stm32f0xx_hal_tim.o
                0x08001924                HAL_TIM_PeriodElapsedCallback
 .text.HAL_TIM_OC_DelayElapsedCallback
                0x08001928        0x4 Drivers\STM32F0xx_HAL_Driver\stm32f0xx_hal_tim.o
                0x08001928                HAL_TIM_OC_DelayElapsedCallback
 .text.HAL_TIM_IC_CaptureCallback
                0x0800192c        0x4 Drivers\STM32F0xx_HAL_Driver\stm32f0xx_hal_tim.o
                0x0800192c                HAL_TIM_IC_CaptureCallback
 .text.HAL_TIM_PWM_PulseFinishedCallback
                0x08001930        0x4 Drivers\STM32F0xx_HAL_Driver\stm32f0xx_hal_tim.o
                0x08001930                HAL_TIM_PWM_PulseFinishedCallback
 .text.HAL_TIM_TriggerCallback
                0x08001934        0x4 Drivers\STM32F0xx_HAL_Driver\stm32f0xx_hal_tim.o
                0x08001934                HAL_TIM_TriggerCallback
 .text.HAL_TIM_IRQHandler
                0x08001938      0x158 Drivers\STM32F0xx_HAL_Driver\stm32f0xx_hal_tim.o
                0x08001938                HAL_TIM_IRQHandler
 .text.HAL_TIMEx_PWMN_Start
                0x08001a90       0x28 Drivers\STM32F0xx_HAL_Driver\stm32f0xx_hal_tim_ex.o
                0x08001a90                HAL_TIMEx_PWMN_Start
 .text.HAL_TIMEx_PWMN_Stop
                0x08001ab8       0x54 Drivers\STM32F0xx_HAL_Driver\stm32f0xx_hal_tim_ex.o
                0x08001ab8                HAL_TIMEx_PWMN_Stop
 .text.HAL_TIMEx_MasterConfigSynchronization
                0x08001b0c       0x44 Drivers\STM32F0xx_HAL_Driver\stm32f0xx_hal_tim_ex.o
                0x08001b0c                HAL_TIMEx_MasterConfigSynchronization
 .text.HAL_TIMEx_ConfigBreakDeadTime
                0x08001b50       0x40 Drivers\STM32F0xx_HAL_Driver\stm32f0xx_hal_tim_ex.o
                0x08001b50                HAL_TIMEx_ConfigBreakDeadTime
 .text.HAL_TIMEx_CommutationCallback
                0x08001b90        0x4 Drivers\STM32F0xx_HAL_Driver\stm32f0xx_hal_tim_ex.o
                0x08001b90                HAL_TIMEx_CommutationCallback
 .text.HAL_TIMEx_BreakCallback
                0x08001b94        0x4 Drivers\STM32F0xx_HAL_Driver\stm32f0xx_hal_tim_ex.o
                0x08001b94                HAL_TIMEx_BreakCallback
 .text.HAL_UART_MspInit
                0x08001b98        0x4 Drivers\STM32F0xx_HAL_Driver\stm32f0xx_hal_uart.o
                0x08001b98                HAL_UART_MspInit
 .text.HAL_UART_Transmit
                0x08001b9c      0x134 Drivers\STM32F0xx_HAL_Driver\stm32f0xx_hal_uart.o
                0x08001b9c                HAL_UART_Transmit
 .text.HAL_UART_Receive_IT
                0x08001cd0       0xa0 Drivers\STM32F0xx_HAL_Driver\stm32f0xx_hal_uart.o
                0x08001cd0                HAL_UART_Receive_IT
 .text.HAL_UART_RxCpltCallback
                0x08001d70        0x4 Drivers\STM32F0xx_HAL_Driver\stm32f0xx_hal_uart.o
                0x08001d70                HAL_UART_RxCpltCallback
 .text.HAL_UART_GetState
                0x08001d74        0x8 Drivers\STM32F0xx_HAL_Driver\stm32f0xx_hal_uart.o
                0x08001d74                HAL_UART_GetState
 .text.UART_Receive_IT
                0x08001d7c       0x8c Drivers\STM32F0xx_HAL_Driver\stm32f0xx_hal_uart.o
                0x08001d7c                UART_Receive_IT
 .text.UART_AdvFeatureConfig
                0x08001e08       0xd0 Drivers\STM32F0xx_HAL_Driver\stm32f0xx_hal_uart.o
                0x08001e08                UART_AdvFeatureConfig
 .text.HAL_UART_Init
                0x08001ed8      0x248 Drivers\STM32F0xx_HAL_Driver\stm32f0xx_hal_uart.o
                0x08001ed8                HAL_UART_Init
 .text.test_ADC_read
                0x08002120       0x14 Middlewares\MC_6Step_Lib\6Step_Lib.o
                0x08002120                test_ADC_read
 .text.MC_SixStep_INIT
                0x08002134       0x54 Middlewares\MC_6Step_Lib\6Step_Lib.o
                0x08002134                MC_SixStep_INIT
 .text.MC_UI_INIT
                0x08002188      0x26c Middlewares\UART_serial_com\UART_UI.o
                0x08002188                MC_UI_INIT
 .text.SystemClock_Config
                0x080023f4       0x4c User\main_32F0.o
                0x080023f4                SystemClock_Config
 .text.startup.main
                0x08002440      0x200 User\main_32F0.o
                0x08002440                main
 .text.HardFault_Handler
                0x08002640        0x4 User\stspin32f0_it.o
                0x08002640                HardFault_Handler
 .text.USART1_IRQHandler
                0x08002644       0x48 User\stspin32f0_it.o
                0x08002644                USART1_IRQHandler
 .text.DMA1_Channel2_3_IRQHandler
                0x0800268c       0x10 User\stspin32f0_it.o
                0x0800268c                DMA1_Channel2_3_IRQHandler
 .text.TIM1_BRK_UP_TRG_COM_IRQHandler
                0x0800269c       0x10 User\stspin32f0_it.o
                0x0800269c                TIM1_BRK_UP_TRG_COM_IRQHandler
 .text.ADC1_IRQHandler
                0x080026ac       0x10 User\stspin32f0_it.o
                0x080026ac                ADC1_IRQHandler
 .text.EXTI0_1_IRQHandler
                0x080026bc       0x10 User\stspin32f0_it.o
                0x080026bc                EXTI0_1_IRQHandler
 .text.SysTick_Handler
                0x080026cc        0xc User\stspin32f0_it.o
                0x080026cc                SysTick_Handler
 .text.TIM2_IRQHandler
                0x080026d8       0x10 User\stspin32f0_it.o
                0x080026d8                TIM2_IRQHandler
 .text.TIM3_IRQHandler
                0x080026e8       0x10 User\stspin32f0_it.o
                0x080026e8                TIM3_IRQHandler
 .text.Reset_Handler
                0x080026f8       0x50 startup\startup_stm32f031x6.o
                0x080026f8                Reset_Handler
 .text.Default_Handler
                0x08002748        0x2 startup\startup_stm32f031x6.o
                0x08002748                TIM1_CC_IRQHandler
                0x08002748                PVD_IRQHandler
                0x08002748                PendSV_Handler
                0x08002748                NMI_Handler
                0x08002748                I2C1_IRQHandler
                0x08002748                SPI1_IRQHandler
                0x08002748                EXTI2_3_IRQHandler
                0x08002748                TIM17_IRQHandler
                0x08002748                RTC_IRQHandler
                0x08002748                TIM16_IRQHandler
                0x08002748                EXTI4_15_IRQHandler
                0x08002748                RCC_IRQHandler
                0x08002748                DMA1_Channel1_IRQHandler
                0x08002748                Default_Handler
                0x08002748                TIM14_IRQHandler
                0x08002748                DMA1_Channel4_5_IRQHandler
                0x08002748                SVC_Handler
                0x08002748                WWDG_IRQHandler
                0x08002748                FLASH_IRQHandler
 *fill*         0x0800274a        0x2 
 .text.__libc_init_array
                0x0800274c       0x48 c:/ac6/systemworkbench/plugins/fr.ac6.mcu.externaltools.arm-none.win32_1.17.0.201812190825/tools/compiler/bin/../lib/gcc/arm-none-eabi/7.3.1/../../../../arm-none-eabi/lib/thumb/v6-m\libc_nano.a(lib_a-init.o)
                0x0800274c                __libc_init_array
 *(.glue_7)
 .glue_7        0x08002794        0x0 linker stubs
 *(.glue_7t)
 .glue_7t       0x08002794        0x0 linker stubs
 *(.eh_frame)
 .eh_frame      0x08002794        0x0 c:/ac6/systemworkbench/plugins/fr.ac6.mcu.externaltools.arm-none.win32_1.17.0.201812190825/tools/compiler/bin/../lib/gcc/arm-none-eabi/7.3.1/thumb/v6-m/crtbegin.o
 *(.init)
 .init          0x08002794        0x4 c:/ac6/systemworkbench/plugins/fr.ac6.mcu.externaltools.arm-none.win32_1.17.0.201812190825/tools/compiler/bin/../lib/gcc/arm-none-eabi/7.3.1/thumb/v6-m/crti.o
                0x08002794                _init
 .init          0x08002798        0x8 c:/ac6/systemworkbench/plugins/fr.ac6.mcu.externaltools.arm-none.win32_1.17.0.201812190825/tools/compiler/bin/../lib/gcc/arm-none-eabi/7.3.1/thumb/v6-m/crtn.o
 *(.fini)
 .fini          0x080027a0        0x4 c:/ac6/systemworkbench/plugins/fr.ac6.mcu.externaltools.arm-none.win32_1.17.0.201812190825/tools/compiler/bin/../lib/gcc/arm-none-eabi/7.3.1/thumb/v6-m/crti.o
                0x080027a0                _fini
 .fini          0x080027a4        0x8 c:/ac6/systemworkbench/plugins/fr.ac6.mcu.externaltools.arm-none.win32_1.17.0.201812190825/tools/compiler/bin/../lib/gcc/arm-none-eabi/7.3.1/thumb/v6-m/crtn.o
                0x080027ac                . = ALIGN (0x4)
                0x080027ac                _etext = .

.vfp11_veneer   0x080027ac        0x0
 .vfp11_veneer  0x080027ac        0x0 linker stubs

.v4_bx          0x080027ac        0x0
 .v4_bx         0x080027ac        0x0 linker stubs

.iplt           0x080027ac        0x0
 .iplt          0x080027ac        0x0 c:/ac6/systemworkbench/plugins/fr.ac6.mcu.externaltools.arm-none.win32_1.17.0.201812190825/tools/compiler/bin/../lib/gcc/arm-none-eabi/7.3.1/thumb/v6-m/crtbegin.o

.rodata         0x080027ac       0x34
                0x080027ac                . = ALIGN (0x4)
 *(.rodata)
 .rodata        0x080027ac       0x10 Drivers\STM32F0xx_HAL_Driver\stm32f0xx_hal_rcc.o
                0x080027ac                APBAHBPrescTable
 .rodata        0x080027bc       0x20 Drivers\STM32F0xx_HAL_Driver\stm32f0xx_hal_rcc_ex.o
                0x080027bc                PLLMULFactorTable
                0x080027cc                PredivFactorTable
 .rodata        0x080027dc        0x4 Drivers\STM32F0xx_HAL_Driver\stm32f0xx_hal_uart.o
 *(.rodata*)
                0x080027e0                . = ALIGN (0x4)

.rel.dyn        0x080027e0        0x0
 .rel.iplt      0x080027e0        0x0 c:/ac6/systemworkbench/plugins/fr.ac6.mcu.externaltools.arm-none.win32_1.17.0.201812190825/tools/compiler/bin/../lib/gcc/arm-none-eabi/7.3.1/thumb/v6-m/crtbegin.o

.ARM.extab      0x080027e0        0x0
                0x080027e0                . = ALIGN (0x4)
 *(.ARM.extab* .gnu.linkonce.armextab.*)
                0x080027e0                . = ALIGN (0x4)

.ARM            0x080027e0        0x0
                0x080027e0                . = ALIGN (0x4)
                0x080027e0                __exidx_start = .
 *(.ARM.exidx*)
                0x080027e0                __exidx_end = .
                0x080027e0                . = ALIGN (0x4)

.preinit_array  0x080027e0        0x0
                0x080027e0                . = ALIGN (0x4)
                0x080027e0                PROVIDE (__preinit_array_start = .)
 *(.preinit_array*)
                0x080027e0                PROVIDE (__preinit_array_end = .)
                0x080027e0                . = ALIGN (0x4)

.init_array     0x080027e0        0x4
                0x080027e0                . = ALIGN (0x4)
                0x080027e0                PROVIDE (__init_array_start = .)
 *(SORT_BY_NAME(.init_array.*))
 *(.init_array*)
 .init_array    0x080027e0        0x4 c:/ac6/systemworkbench/plugins/fr.ac6.mcu.externaltools.arm-none.win32_1.17.0.201812190825/tools/compiler/bin/../lib/gcc/arm-none-eabi/7.3.1/thumb/v6-m/crtbegin.o
                0x080027e4                PROVIDE (__init_array_end = .)
                0x080027e4                . = ALIGN (0x4)

.fini_array     0x080027e4        0x4
                0x080027e4                . = ALIGN (0x4)
                [!provide]                PROVIDE (__fini_array_start = .)
 *(SORT_BY_NAME(.fini_array.*))
 *(.fini_array*)
 .fini_array    0x080027e4        0x4 c:/ac6/systemworkbench/plugins/fr.ac6.mcu.externaltools.arm-none.win32_1.17.0.201812190825/tools/compiler/bin/../lib/gcc/arm-none-eabi/7.3.1/thumb/v6-m/crtbegin.o
                [!provide]                PROVIDE (__fini_array_end = .)
                0x080027e8                . = ALIGN (0x4)
                0x080027e8                _sidata = LOADADDR (.data)

.data           0x20000000      0x3f0 load address 0x080027e8
                0x20000000                . = ALIGN (0x4)
                0x20000000                _sdata = .
 *(.data)
 .data          0x20000000       0x30 Drivers\BSP\Components\stspin32f0.o
                0x20000000                STSPIN32F0MotorDriver
 .data          0x20000030       0x14 Drivers\CMSIS\system_stm32f0xx.o
                0x20000030                AHBPrescTable
                0x20000040                SystemCoreClock
 .data          0x20000044      0x3a9 Middlewares\UART_serial_com\UART_UI.o
                0x20000048                rowV1TBxBuffer
                0x20000060                rowVTxBuffer
                0x20000078                aRxBuffer
                0x20000084                row0TxBuffer
                0x2000008c                row1TxBuffer
                0x200000a4                row2TxBuffer
                0x200000bc                row4TxBuffer
                0x200000d4                row5TxBuffer
                0x200000ec                row6TxBuffer
                0x20000104                row7aTxBuffer
                0x20000130                row7TxBuffer
                0x2000014c                row7bTxBuffer
                0x20000168                row7cTxBuffer
                0x20000180                row7dTxBuffer
                0x200001ac                row7eTxBuffer
                0x200001d8                row71TxBuffer
                0x20000208                row71bTxBuffer
                0x20000224                row8TxBuffer
                0x20000254                row9TxBuffer
                0x2000027c                row10TxBuffer
                0x2000029c                row11TxBuffer
                0x200002c4                row14TxBuffer
                0x200002f4                row15TxBuffer
                0x2000031c                row16TxBuffer
                0x20000341                BUFF_RCV
                0x20000344                rowVTBxBuffer
                0x20000364                rowETxBuffer
                0x2000038c                rowLxBuffer
                0x2000039c                rowSxBuffer
                0x200003c4                rowMxBuffer
 *(.data*)
                0x200003f0                . = ALIGN (0x4)
 *fill*         0x200003ed        0x3 
                0x200003f0                _edata = .

.igot.plt       0x200003f0        0x0 load address 0x08002bd8
 .igot.plt      0x200003f0        0x0 c:/ac6/systemworkbench/plugins/fr.ac6.mcu.externaltools.arm-none.win32_1.17.0.201812190825/tools/compiler/bin/../lib/gcc/arm-none-eabi/7.3.1/thumb/v6-m/crtbegin.o
                0x200003f0                . = ALIGN (0x4)

.bss            0x200003f0      0x324 load address 0x08002bd8
                0x200003f0                _sbss = .
                0x200003f0                __bss_start__ = _sbss
 *(.bss)
 .bss           0x200003f0       0x1c c:/ac6/systemworkbench/plugins/fr.ac6.mcu.externaltools.arm-none.win32_1.17.0.201812190825/tools/compiler/bin/../lib/gcc/arm-none-eabi/7.3.1/thumb/v6-m/crtbegin.o
 .bss           0x2000040c        0x4 Drivers\STM32F0xx_HAL_Driver\stm32f0xx_hal.o
 .bss           0x20000410       0x5c Middlewares\MC_6Step_Lib\6Step_Lib.o
                0x20000410                constant_multiplier_tmp
                0x20000418                counter_ARR_Bemf
                0x2000041c                Tick_cnt
                0x20000420                potent_filtered
                0x20000424                speed_sum_pot_filt
                0x20000428                speed_sum_sp_filt
                0x20000430                speed_fdbk_error
                0x20000431                lf_timer_failure
                0x20000432                startup_bemf_failure
                0x20000434                cnt_bemf_event
                0x20000438                n_zcr_startup
                0x2000043c                index_adc_chn
                0x20000440                El_Speed_Hz
                0x20000444                Mech_Speed_RPM
                0x20000448                ARR_LF
                0x2000044c                UART_FLAG_RECEIVE
                0x2000044d                array_completed
                0x2000044e                index_array
                0x20000450                delta
                0x20000454                T_single_step_first_value
                0x20000458                T_single_step
                0x2000045c                Time_vector_prev_tmp
                0x20000460                Time_vector_tmp
                0x20000464                constant_k
                0x20000468                mech_accel_hz
 *(.bss*)
 *(COMMON)
 COMMON         0x2000046c      0x16c Drivers\BSP\Components\stspin32f0.o
                0x2000046c                ADCx
                0x200004b4                huart
                0x20000524                LF_TIMx
                0x20000560                REFx
                0x2000059c                HF_TIMx
 COMMON         0x200005d8      0x13c Middlewares\MC_6Step_Lib\6Step_Lib.o
                0x200005d8                speed_tmp_array
                0x20000658                Rotor_poles_pairs
                0x2000065c                PI_parameters
                0x2000066c                SIXSTEP_parameters
                0x200006f8                sConfig
                0x20000714                . = ALIGN (0x4)
                0x20000714                _ebss = .
                0x20000714                __bss_end__ = _ebss

._user_heap_stack
                0x20000714      0x404 load address 0x08002bd8
                0x20000718                . = ALIGN (0x8)
 *fill*         0x20000714        0x4 
                0x20000718                PROVIDE (end = .)
                [!provide]                PROVIDE (_end = .)
                0x20000718                . = (. + _Min_Heap_Size)
                0x20000b18                . = (. + _Min_Stack_Size)
 *fill*         0x20000718      0x400 
                0x20000b18                . = ALIGN (0x8)

/DISCARD/
 libc.a(*)
 libm.a(*)
 libgcc.a(*)

.ARM.attributes
                0x00000000       0x28
 *(.ARM.attributes)
 .ARM.attributes
                0x00000000       0x1e c:/ac6/systemworkbench/plugins/fr.ac6.mcu.externaltools.arm-none.win32_1.17.0.201812190825/tools/compiler/bin/../lib/gcc/arm-none-eabi/7.3.1/thumb/v6-m/crti.o
 .ARM.attributes
                0x0000001e       0x2c c:/ac6/systemworkbench/plugins/fr.ac6.mcu.externaltools.arm-none.win32_1.17.0.201812190825/tools/compiler/bin/../lib/gcc/arm-none-eabi/7.3.1/thumb/v6-m/crtbegin.o
 .ARM.attributes
                0x0000004a       0x31 Drivers\BSP\Components\stspin32f0.o
 .ARM.attributes
                0x0000007b       0x31 Drivers\BSP\STEVAL-SPIN3202\STEVAL-SPIN3202.o
 .ARM.attributes
                0x000000ac       0x31 Drivers\CMSIS\system_stm32f0xx.o
 .ARM.attributes
                0x000000dd       0x31 Drivers\STM32F0xx_HAL_Driver\stm32f0xx_hal.o
 .ARM.attributes
                0x0000010e       0x31 Drivers\STM32F0xx_HAL_Driver\stm32f0xx_hal_adc.o
 .ARM.attributes
                0x0000013f       0x31 Drivers\STM32F0xx_HAL_Driver\stm32f0xx_hal_cortex.o
 .ARM.attributes
                0x00000170       0x31 Drivers\STM32F0xx_HAL_Driver\stm32f0xx_hal_dma.o
 .ARM.attributes
                0x000001a1       0x31 Drivers\STM32F0xx_HAL_Driver\stm32f0xx_hal_gpio.o
 .ARM.attributes
                0x000001d2       0x31 Drivers\STM32F0xx_HAL_Driver\stm32f0xx_hal_rcc.o
 .ARM.attributes
                0x00000203       0x31 Drivers\STM32F0xx_HAL_Driver\stm32f0xx_hal_rcc_ex.o
 .ARM.attributes
                0x00000234       0x31 Drivers\STM32F0xx_HAL_Driver\stm32f0xx_hal_tim.o
 .ARM.attributes
                0x00000265       0x31 Drivers\STM32F0xx_HAL_Driver\stm32f0xx_hal_tim_ex.o
 .ARM.attributes
                0x00000296       0x31 Drivers\STM32F0xx_HAL_Driver\stm32f0xx_hal_uart.o
 .ARM.attributes
                0x000002c7       0x31 Middlewares\MC_6Step_Lib\6Step_Lib.o
 .ARM.attributes
                0x000002f8       0x31 Middlewares\UART_serial_com\UART_UI.o
 .ARM.attributes
                0x00000329       0x31 User\main_32F0.o
 .ARM.attributes
                0x0000035a       0x31 User\stspin32f0_it.o
 .ARM.attributes
                0x0000038b       0x21 startup\startup_stm32f031x6.o
 .ARM.attributes
                0x000003ac       0x1e c:/ac6/systemworkbench/plugins/fr.ac6.mcu.externaltools.arm-none.win32_1.17.0.201812190825/tools/compiler/bin/../lib/gcc/arm-none-eabi/7.3.1/thumb/v6-m\libgcc.a(_udivsi3.o)
 .ARM.attributes
                0x000003ca       0x1e c:/ac6/systemworkbench/plugins/fr.ac6.mcu.externaltools.arm-none.win32_1.17.0.201812190825/tools/compiler/bin/../lib/gcc/arm-none-eabi/7.3.1/thumb/v6-m\libgcc.a(_dvmd_tls.o)
 .ARM.attributes
                0x000003e8       0x2c c:/ac6/systemworkbench/plugins/fr.ac6.mcu.externaltools.arm-none.win32_1.17.0.201812190825/tools/compiler/bin/../lib/gcc/arm-none-eabi/7.3.1/../../../../arm-none-eabi/lib/thumb/v6-m\libc_nano.a(lib_a-init.o)
 .ARM.attributes
                0x00000414       0x1e c:/ac6/systemworkbench/plugins/fr.ac6.mcu.externaltools.arm-none.win32_1.17.0.201812190825/tools/compiler/bin/../lib/gcc/arm-none-eabi/7.3.1/thumb/v6-m/crtn.o
OUTPUT(STSPIN32F0_Uart.elf elf32-littlearm)

.debug_info     0x00000000    0x13030
 .debug_info    0x00000000     0x1179 Drivers\BSP\Components\stspin32f0.o
 .debug_info    0x00001179      0xe8f Drivers\BSP\STEVAL-SPIN3202\STEVAL-SPIN3202.o
 .debug_info    0x00002008      0x221 Drivers\CMSIS\system_stm32f0xx.o
 .debug_info    0x00002229      0x570 Drivers\STM32F0xx_HAL_Driver\stm32f0xx_hal.o
 .debug_info    0x00002799     0x10b1 Drivers\STM32F0xx_HAL_Driver\stm32f0xx_hal_adc.o
 .debug_info    0x0000384a      0x748 Drivers\STM32F0xx_HAL_Driver\stm32f0xx_hal_cortex.o
 .debug_info    0x00003f92      0x618 Drivers\STM32F0xx_HAL_Driver\stm32f0xx_hal_dma.o
 .debug_info    0x000045aa      0x5c7 Drivers\STM32F0xx_HAL_Driver\stm32f0xx_hal_gpio.o
 .debug_info    0x00004b71      0x695 Drivers\STM32F0xx_HAL_Driver\stm32f0xx_hal_rcc.o
 .debug_info    0x00005206      0x729 Drivers\STM32F0xx_HAL_Driver\stm32f0xx_hal_rcc_ex.o
 .debug_info    0x0000592f     0x3996 Drivers\STM32F0xx_HAL_Driver\stm32f0xx_hal_tim.o
 .debug_info    0x000092c5     0x1241 Drivers\STM32F0xx_HAL_Driver\stm32f0xx_hal_tim_ex.o
 .debug_info    0x0000a506     0x18b6 Drivers\STM32F0xx_HAL_Driver\stm32f0xx_hal_uart.o
 .debug_info    0x0000bdbc     0x1736 Middlewares\MC_6Step_Lib\6Step_Lib.o
 .debug_info    0x0000d4f2     0x248c Middlewares\UART_serial_com\UART_UI.o
 .debug_info    0x0000f97e     0x1ebf User\main_32F0.o
 .debug_info    0x0001183d     0x17d1 User\stspin32f0_it.o
 .debug_info    0x0001300e       0x22 startup\startup_stm32f031x6.o

.debug_abbrev   0x00000000     0x295d
 .debug_abbrev  0x00000000      0x269 Drivers\BSP\Components\stspin32f0.o
 .debug_abbrev  0x00000269      0x1d9 Drivers\BSP\STEVAL-SPIN3202\STEVAL-SPIN3202.o
 .debug_abbrev  0x00000442      0x111 Drivers\CMSIS\system_stm32f0xx.o
 .debug_abbrev  0x00000553      0x220 Drivers\STM32F0xx_HAL_Driver\stm32f0xx_hal.o
 .debug_abbrev  0x00000773      0x2b5 Drivers\STM32F0xx_HAL_Driver\stm32f0xx_hal_adc.o
 .debug_abbrev  0x00000a28      0x24f Drivers\STM32F0xx_HAL_Driver\stm32f0xx_hal_cortex.o
 .debug_abbrev  0x00000c77      0x1de Drivers\STM32F0xx_HAL_Driver\stm32f0xx_hal_dma.o
 .debug_abbrev  0x00000e55      0x1c6 Drivers\STM32F0xx_HAL_Driver\stm32f0xx_hal_gpio.o
 .debug_abbrev  0x0000101b      0x216 Drivers\STM32F0xx_HAL_Driver\stm32f0xx_hal_rcc.o
 .debug_abbrev  0x00001231      0x1f9 Drivers\STM32F0xx_HAL_Driver\stm32f0xx_hal_rcc_ex.o
 .debug_abbrev  0x0000142a      0x343 Drivers\STM32F0xx_HAL_Driver\stm32f0xx_hal_tim.o
 .debug_abbrev  0x0000176d      0x2e8 Drivers\STM32F0xx_HAL_Driver\stm32f0xx_hal_tim_ex.o
 .debug_abbrev  0x00001a55      0x2e6 Drivers\STM32F0xx_HAL_Driver\stm32f0xx_hal_uart.o
 .debug_abbrev  0x00001d3b      0x292 Middlewares\MC_6Step_Lib\6Step_Lib.o
 .debug_abbrev  0x00001fcd      0x3a7 Middlewares\UART_serial_com\UART_UI.o
 .debug_abbrev  0x00002374      0x32a User\main_32F0.o
 .debug_abbrev  0x0000269e      0x2ad User\stspin32f0_it.o
 .debug_abbrev  0x0000294b       0x12 startup\startup_stm32f031x6.o

.debug_loc      0x00000000     0xa074
 .debug_loc     0x00000000      0x11c Drivers\BSP\Components\stspin32f0.o
 .debug_loc     0x0000011c      0x129 Drivers\BSP\STEVAL-SPIN3202\STEVAL-SPIN3202.o
 .debug_loc     0x00000245      0x116 Drivers\CMSIS\system_stm32f0xx.o
 .debug_loc     0x0000035b       0x6a Drivers\STM32F0xx_HAL_Driver\stm32f0xx_hal.o
 .debug_loc     0x000003c5      0xeb6 Drivers\STM32F0xx_HAL_Driver\stm32f0xx_hal_adc.o
 .debug_loc     0x0000127b      0x357 Drivers\STM32F0xx_HAL_Driver\stm32f0xx_hal_cortex.o
 .debug_loc     0x000015d2      0x5ec Drivers\STM32F0xx_HAL_Driver\stm32f0xx_hal_dma.o
 .debug_loc     0x00001bbe      0x477 Drivers\STM32F0xx_HAL_Driver\stm32f0xx_hal_gpio.o
 .debug_loc     0x00002035       0xbb Drivers\STM32F0xx_HAL_Driver\stm32f0xx_hal_rcc.o
 .debug_loc     0x000020f0      0x571 Drivers\STM32F0xx_HAL_Driver\stm32f0xx_hal_rcc_ex.o
 .debug_loc     0x00002661     0x541d Drivers\STM32F0xx_HAL_Driver\stm32f0xx_hal_tim.o
 .debug_loc     0x00007a7e      0xd27 Drivers\STM32F0xx_HAL_Driver\stm32f0xx_hal_tim_ex.o
 .debug_loc     0x000087a5     0x188a Drivers\STM32F0xx_HAL_Driver\stm32f0xx_hal_uart.o
 .debug_loc     0x0000a02f       0x45 Middlewares\UART_serial_com\UART_UI.o

.debug_aranges  0x00000000      0xa28
 .debug_aranges
                0x00000000       0x78 Drivers\BSP\Components\stspin32f0.o
 .debug_aranges
                0x00000078       0x78 Drivers\BSP\STEVAL-SPIN3202\STEVAL-SPIN3202.o
 .debug_aranges
                0x000000f0       0x28 Drivers\CMSIS\system_stm32f0xx.o
 .debug_aranges
                0x00000118       0x98 Drivers\STM32F0xx_HAL_Driver\stm32f0xx_hal.o
 .debug_aranges
                0x000001b0       0xb8 Drivers\STM32F0xx_HAL_Driver\stm32f0xx_hal_adc.o
 .debug_aranges
                0x00000268       0x78 Drivers\STM32F0xx_HAL_Driver\stm32f0xx_hal_cortex.o
 .debug_aranges
                0x000002e0       0x60 Drivers\STM32F0xx_HAL_Driver\stm32f0xx_hal_dma.o
 .debug_aranges
                0x00000340       0x58 Drivers\STM32F0xx_HAL_Driver\stm32f0xx_hal_gpio.o
 .debug_aranges
                0x00000398       0x80 Drivers\STM32F0xx_HAL_Driver\stm32f0xx_hal_rcc.o
 .debug_aranges
                0x00000418       0x40 Drivers\STM32F0xx_HAL_Driver\stm32f0xx_hal_rcc_ex.o
 .debug_aranges
                0x00000458      0x230 Drivers\STM32F0xx_HAL_Driver\stm32f0xx_hal_tim.o
 .debug_aranges
                0x00000688       0xe8 Drivers\STM32F0xx_HAL_Driver\stm32f0xx_hal_tim_ex.o
 .debug_aranges
                0x00000770      0x118 Drivers\STM32F0xx_HAL_Driver\stm32f0xx_hal_uart.o
 .debug_aranges
                0x00000888       0x28 Middlewares\MC_6Step_Lib\6Step_Lib.o
 .debug_aranges
                0x000008b0       0xd0 Middlewares\UART_serial_com\UART_UI.o
 .debug_aranges
                0x00000980       0x28 User\main_32F0.o
 .debug_aranges
                0x000009a8       0x58 User\stspin32f0_it.o
 .debug_aranges
                0x00000a00       0x28 startup\startup_stm32f031x6.o

.debug_ranges   0x00000000     0x16b8
 .debug_ranges  0x00000000       0x68 Drivers\BSP\Components\stspin32f0.o
 .debug_ranges  0x00000068       0x68 Drivers\BSP\STEVAL-SPIN3202\STEVAL-SPIN3202.o
 .debug_ranges  0x000000d0       0x18 Drivers\CMSIS\system_stm32f0xx.o
 .debug_ranges  0x000000e8       0x88 Drivers\STM32F0xx_HAL_Driver\stm32f0xx_hal.o
 .debug_ranges  0x00000170      0x260 Drivers\STM32F0xx_HAL_Driver\stm32f0xx_hal_adc.o
 .debug_ranges  0x000003d0       0xe8 Drivers\STM32F0xx_HAL_Driver\stm32f0xx_hal_cortex.o
 .debug_ranges  0x000004b8       0x80 Drivers\STM32F0xx_HAL_Driver\stm32f0xx_hal_dma.o
 .debug_ranges  0x00000538       0x48 Drivers\STM32F0xx_HAL_Driver\stm32f0xx_hal_gpio.o
 .debug_ranges  0x00000580       0x88 Drivers\STM32F0xx_HAL_Driver\stm32f0xx_hal_rcc.o
 .debug_ranges  0x00000608       0x30 Drivers\STM32F0xx_HAL_Driver\stm32f0xx_hal_rcc_ex.o
 .debug_ranges  0x00000638      0x848 Drivers\STM32F0xx_HAL_Driver\stm32f0xx_hal_tim.o
 .debug_ranges  0x00000e80      0x180 Drivers\STM32F0xx_HAL_Driver\stm32f0xx_hal_tim_ex.o
 .debug_ranges  0x00001000      0x3e0 Drivers\STM32F0xx_HAL_Driver\stm32f0xx_hal_uart.o
 .debug_ranges  0x000013e0       0x18 Middlewares\MC_6Step_Lib\6Step_Lib.o
 .debug_ranges  0x000013f8      0x240 Middlewares\UART_serial_com\UART_UI.o
 .debug_ranges  0x00001638       0x18 User\main_32F0.o
 .debug_ranges  0x00001650       0x48 User\stspin32f0_it.o
 .debug_ranges  0x00001698       0x20 startup\startup_stm32f031x6.o

.debug_macro    0x00000000     0xa3d6
 .debug_macro   0x00000000      0x1c8 Drivers\BSP\Components\stspin32f0.o
 .debug_macro   0x000001c8      0xac0 Drivers\BSP\Components\stspin32f0.o
 .debug_macro   0x00000c88       0x22 Drivers\BSP\Components\stspin32f0.o
 .debug_macro   0x00000caa       0x8e Drivers\BSP\Components\stspin32f0.o
 .debug_macro   0x00000d38       0x51 Drivers\BSP\Components\stspin32f0.o
 .debug_macro   0x00000d89       0xef Drivers\BSP\Components\stspin32f0.o
 .debug_macro   0x00000e78       0x6a Drivers\BSP\Components\stspin32f0.o
 .debug_macro   0x00000ee2      0x1df Drivers\BSP\Components\stspin32f0.o
 .debug_macro   0x000010c1       0xa9 Drivers\BSP\Components\stspin32f0.o
 .debug_macro   0x0000116a       0x28 Drivers\BSP\Components\stspin32f0.o
 .debug_macro   0x00001192       0x22 Drivers\BSP\Components\stspin32f0.o
 .debug_macro   0x000011b4       0x3a Drivers\BSP\Components\stspin32f0.o
 .debug_macro   0x000011ee       0x1f Drivers\BSP\Components\stspin32f0.o
 .debug_macro   0x0000120d      0x242 Drivers\BSP\Components\stspin32f0.o
 .debug_macro   0x0000144f     0x3484 Drivers\BSP\Components\stspin32f0.o
 .debug_macro   0x000048d3       0x3c Drivers\BSP\Components\stspin32f0.o
 .debug_macro   0x0000490f       0x5d Drivers\BSP\Components\stspin32f0.o
 .debug_macro   0x0000496c      0x838 Drivers\BSP\Components\stspin32f0.o
 .debug_macro   0x000051a4       0xc7 Drivers\BSP\Components\stspin32f0.o
 .debug_macro   0x0000526b      0x13b Drivers\BSP\Components\stspin32f0.o
 .debug_macro   0x000053a6       0xce Drivers\BSP\Components\stspin32f0.o
 .debug_macro   0x00005474      0x1df Drivers\BSP\Components\stspin32f0.o
 .debug_macro   0x00005653       0x2d Drivers\BSP\Components\stspin32f0.o
 .debug_macro   0x00005680       0x28 Drivers\BSP\Components\stspin32f0.o
 .debug_macro   0x000056a8      0x39f Drivers\BSP\Components\stspin32f0.o
 .debug_macro   0x00005a47       0x7a Drivers\BSP\Components\stspin32f0.o
 .debug_macro   0x00005ac1       0x5a Drivers\BSP\Components\stspin32f0.o
 .debug_macro   0x00005b1b       0x12 Drivers\BSP\Components\stspin32f0.o
 .debug_macro   0x00005b2d      0x1a0 Drivers\BSP\Components\stspin32f0.o
 .debug_macro   0x00005ccd       0x69 Drivers\BSP\Components\stspin32f0.o
 .debug_macro   0x00005d36       0x4d Drivers\BSP\Components\stspin32f0.o
 .debug_macro   0x00005d83       0xfc Drivers\BSP\Components\stspin32f0.o
 .debug_macro   0x00005e7f      0x83e Drivers\BSP\Components\stspin32f0.o
 .debug_macro   0x000066bd       0x31 Drivers\BSP\Components\stspin32f0.o
 .debug_macro   0x000066ee       0x12 Drivers\BSP\Components\stspin32f0.o
 .debug_macro   0x00006700      0x33d Drivers\BSP\Components\stspin32f0.o
 .debug_macro   0x00006a3d      0x1f0 Drivers\BSP\Components\stspin32f0.o
 .debug_macro   0x00006c2d      0x13a Drivers\BSP\Components\stspin32f0.o
 .debug_macro   0x00006d67      0x150 Drivers\BSP\Components\stspin32f0.o
 .debug_macro   0x00006eb7      0x1e4 Drivers\BSP\STEVAL-SPIN3202\STEVAL-SPIN3202.o
 .debug_macro   0x0000709b      0x141 Drivers\BSP\STEVAL-SPIN3202\STEVAL-SPIN3202.o
 .debug_macro   0x000071dc      0x150 Drivers\BSP\STEVAL-SPIN3202\STEVAL-SPIN3202.o
 .debug_macro   0x0000732c      0x1b0 Drivers\CMSIS\system_stm32f0xx.o
 .debug_macro   0x000074dc      0x1d4 Drivers\STM32F0xx_HAL_Driver\stm32f0xx_hal.o
 .debug_macro   0x000076b0      0x1d4 Drivers\STM32F0xx_HAL_Driver\stm32f0xx_hal_adc.o
 .debug_macro   0x00007884      0x1b0 Drivers\STM32F0xx_HAL_Driver\stm32f0xx_hal_cortex.o
 .debug_macro   0x00007a34      0x1b6 Drivers\STM32F0xx_HAL_Driver\stm32f0xx_hal_dma.o
 .debug_macro   0x00007bea      0x1e9 Drivers\STM32F0xx_HAL_Driver\stm32f0xx_hal_gpio.o
 .debug_macro   0x00007dd3      0x1ce Drivers\STM32F0xx_HAL_Driver\stm32f0xx_hal_rcc.o
 .debug_macro   0x00007fa1      0x1c8 Drivers\STM32F0xx_HAL_Driver\stm32f0xx_hal_rcc_ex.o
 .debug_macro   0x00008169      0x1b1 Drivers\STM32F0xx_HAL_Driver\stm32f0xx_hal_tim.o
 .debug_macro   0x0000831a      0x1b0 Drivers\STM32F0xx_HAL_Driver\stm32f0xx_hal_tim_ex.o
 .debug_macro   0x000084ca      0x1bf Drivers\STM32F0xx_HAL_Driver\stm32f0xx_hal_uart.o
 .debug_macro   0x00008689      0x3b5 Middlewares\MC_6Step_Lib\6Step_Lib.o
 .debug_macro   0x00008a3e       0x5e Middlewares\MC_6Step_Lib\6Step_Lib.o
 .debug_macro   0x00008a9c       0x18 Middlewares\MC_6Step_Lib\6Step_Lib.o
 .debug_macro   0x00008ab4       0x35 Middlewares\MC_6Step_Lib\6Step_Lib.o
 .debug_macro   0x00008ae9       0x34 Middlewares\MC_6Step_Lib\6Step_Lib.o
 .debug_macro   0x00008b1d      0x174 Middlewares\MC_6Step_Lib\6Step_Lib.o
 .debug_macro   0x00008c91       0x58 Middlewares\MC_6Step_Lib\6Step_Lib.o
 .debug_macro   0x00008ce9       0x1f Middlewares\MC_6Step_Lib\6Step_Lib.o
 .debug_macro   0x00008d08       0x43 Middlewares\MC_6Step_Lib\6Step_Lib.o
 .debug_macro   0x00008d4b       0x20 Middlewares\MC_6Step_Lib\6Step_Lib.o
 .debug_macro   0x00008d6b      0x18e Middlewares\MC_6Step_Lib\6Step_Lib.o
 .debug_macro   0x00008ef9      0x330 Middlewares\MC_6Step_Lib\6Step_Lib.o
 .debug_macro   0x00009229      0x1e1 Middlewares\MC_6Step_Lib\6Step_Lib.o
 .debug_macro   0x0000940a       0x16 Middlewares\MC_6Step_Lib\6Step_Lib.o
 .debug_macro   0x00009420       0x35 Middlewares\MC_6Step_Lib\6Step_Lib.o
 .debug_macro   0x00009455       0x16 Middlewares\MC_6Step_Lib\6Step_Lib.o
 .debug_macro   0x0000946b       0x29 Middlewares\MC_6Step_Lib\6Step_Lib.o
 .debug_macro   0x00009494       0x1c Middlewares\MC_6Step_Lib\6Step_Lib.o
 .debug_macro   0x000094b0       0x10 Middlewares\MC_6Step_Lib\6Step_Lib.o
 .debug_macro   0x000094c0       0x10 Middlewares\MC_6Step_Lib\6Step_Lib.o
 .debug_macro   0x000094d0       0x1c Middlewares\MC_6Step_Lib\6Step_Lib.o
 .debug_macro   0x000094ec       0x52 Middlewares\MC_6Step_Lib\6Step_Lib.o
 .debug_macro   0x0000953e       0x40 Middlewares\MC_6Step_Lib\6Step_Lib.o
 .debug_macro   0x0000957e       0x10 Middlewares\MC_6Step_Lib\6Step_Lib.o
 .debug_macro   0x0000958e       0x40 Middlewares\MC_6Step_Lib\6Step_Lib.o
 .debug_macro   0x000095ce       0xd7 Middlewares\MC_6Step_Lib\6Step_Lib.o
 .debug_macro   0x000096a5       0x1c Middlewares\MC_6Step_Lib\6Step_Lib.o
 .debug_macro   0x000096c1       0x3d Middlewares\MC_6Step_Lib\6Step_Lib.o
 .debug_macro   0x000096fe       0x16 Middlewares\MC_6Step_Lib\6Step_Lib.o
 .debug_macro   0x00009714      0x16f Middlewares\MC_6Step_Lib\6Step_Lib.o
 .debug_macro   0x00009883       0x16 Middlewares\MC_6Step_Lib\6Step_Lib.o
 .debug_macro   0x00009899      0x3be Middlewares\UART_serial_com\UART_UI.o
 .debug_macro   0x00009c57       0x22 Middlewares\UART_serial_com\UART_UI.o
 .debug_macro   0x00009c79      0x394 User\main_32F0.o
 .debug_macro   0x0000a00d      0x3c9 User\stspin32f0_it.o

.debug_line     0x00000000     0xc700
 .debug_line    0x00000000      0x83c Drivers\BSP\Components\stspin32f0.o
 .debug_line    0x0000083c      0x94d Drivers\BSP\STEVAL-SPIN3202\STEVAL-SPIN3202.o
 .debug_line    0x00001189      0x762 Drivers\CMSIS\system_stm32f0xx.o
 .debug_line    0x000018eb      0x867 Drivers\STM32F0xx_HAL_Driver\stm32f0xx_hal.o
 .debug_line    0x00002152      0xcec Drivers\STM32F0xx_HAL_Driver\stm32f0xx_hal_adc.o
 .debug_line    0x00002e3e      0x8a1 Drivers\STM32F0xx_HAL_Driver\stm32f0xx_hal_cortex.o
 .debug_line    0x000036df      0xa5d Drivers\STM32F0xx_HAL_Driver\stm32f0xx_hal_dma.o
 .debug_line    0x0000413c      0x8ad Drivers\STM32F0xx_HAL_Driver\stm32f0xx_hal_gpio.o
 .debug_line    0x000049e9      0x88e Drivers\STM32F0xx_HAL_Driver\stm32f0xx_hal_rcc.o
 .debug_line    0x00005277      0x9a2 Drivers\STM32F0xx_HAL_Driver\stm32f0xx_hal_rcc_ex.o
 .debug_line    0x00005c19     0x1c22 Drivers\STM32F0xx_HAL_Driver\stm32f0xx_hal_tim.o
 .debug_line    0x0000783b      0xc62 Drivers\STM32F0xx_HAL_Driver\stm32f0xx_hal_tim_ex.o
 .debug_line    0x0000849d     0x11bb Drivers\STM32F0xx_HAL_Driver\stm32f0xx_hal_uart.o
 .debug_line    0x00009658      0xa7c Middlewares\MC_6Step_Lib\6Step_Lib.o
 .debug_line    0x0000a0d4      0xe80 Middlewares\UART_serial_com\UART_UI.o
 .debug_line    0x0000af54      0xb68 User\main_32F0.o
 .debug_line    0x0000babc      0xbc1 User\stspin32f0_it.o
 .debug_line    0x0000c67d       0x83 startup\startup_stm32f031x6.o

.debug_str      0x00000000    0x38047
 .debug_str     0x00000000    0x2f386 Drivers\BSP\Components\stspin32f0.o
                              0x2f643 (size before relaxing)
 .debug_str     0x0002f386      0xc63 Drivers\BSP\STEVAL-SPIN3202\STEVAL-SPIN3202.o
                              0x301b5 (size before relaxing)
 .debug_str     0x0002ffe9       0xb1 Drivers\CMSIS\system_stm32f0xx.o
                              0x2e2d6 (size before relaxing)
 .debug_str     0x0003009a      0x4b3 Drivers\STM32F0xx_HAL_Driver\stm32f0xx_hal.o
                              0x2e74b (size before relaxing)
 .debug_str     0x0003054d      0x3f6 Drivers\STM32F0xx_HAL_Driver\stm32f0xx_hal_adc.o
                              0x2eb32 (size before relaxing)
 .debug_str     0x00030943      0x1bc Drivers\STM32F0xx_HAL_Driver\stm32f0xx_hal_cortex.o
                              0x2e623 (size before relaxing)
 .debug_str     0x00030aff      0x14c Drivers\STM32F0xx_HAL_Driver\stm32f0xx_hal_dma.o
                              0x2e595 (size before relaxing)
 .debug_str     0x00030c4b      0x243 Drivers\STM32F0xx_HAL_Driver\stm32f0xx_hal_gpio.o
                              0x2e590 (size before relaxing)
 .debug_str     0x00030e8e      0x307 Drivers\STM32F0xx_HAL_Driver\stm32f0xx_hal_rcc.o
                              0x2e66f (size before relaxing)
 .debug_str     0x00031195      0x18c Drivers\STM32F0xx_HAL_Driver\stm32f0xx_hal_rcc_ex.o
                              0x2e5e6 (size before relaxing)
 .debug_str     0x00031321      0xd12 Drivers\STM32F0xx_HAL_Driver\stm32f0xx_hal_tim.o
                              0x2f399 (size before relaxing)
 .debug_str     0x00032033      0x4dc Drivers\STM32F0xx_HAL_Driver\stm32f0xx_hal_tim_ex.o
                              0x2ec47 (size before relaxing)
 .debug_str     0x0003250f      0x4b2 Drivers\STM32F0xx_HAL_Driver\stm32f0xx_hal_uart.o
                              0x2ec56 (size before relaxing)
 .debug_str     0x000329c1     0x5074 Middlewares\MC_6Step_Lib\6Step_Lib.o
                              0x34dcf (size before relaxing)
 .debug_str     0x00037a35      0x43c Middlewares\UART_serial_com\UART_UI.o
                              0x34da0 (size before relaxing)
 .debug_str     0x00037e71       0xdc User\main_32F0.o
                              0x351b8 (size before relaxing)
 .debug_str     0x00037f4d       0xcb User\stspin32f0_it.o
                              0x34ea5 (size before relaxing)
 .debug_str     0x00038018       0x2f startup\startup_stm32f031x6.o
                                 0x77 (size before relaxing)

.comment        0x00000000       0x7f
 .comment       0x00000000       0x7f Drivers\BSP\Components\stspin32f0.o
                                 0x80 (size before relaxing)
 .comment       0x0000007f       0x80 Drivers\BSP\STEVAL-SPIN3202\STEVAL-SPIN3202.o
 .comment       0x0000007f       0x80 Drivers\CMSIS\system_stm32f0xx.o
 .comment       0x0000007f       0x80 Drivers\STM32F0xx_HAL_Driver\stm32f0xx_hal.o
 .comment       0x0000007f       0x80 Drivers\STM32F0xx_HAL_Driver\stm32f0xx_hal_adc.o
 .comment       0x0000007f       0x80 Drivers\STM32F0xx_HAL_Driver\stm32f0xx_hal_cortex.o
 .comment       0x0000007f       0x80 Drivers\STM32F0xx_HAL_Driver\stm32f0xx_hal_dma.o
 .comment       0x0000007f       0x80 Drivers\STM32F0xx_HAL_Driver\stm32f0xx_hal_gpio.o
 .comment       0x0000007f       0x80 Drivers\STM32F0xx_HAL_Driver\stm32f0xx_hal_rcc.o
 .comment       0x0000007f       0x80 Drivers\STM32F0xx_HAL_Driver\stm32f0xx_hal_rcc_ex.o
 .comment       0x0000007f       0x80 Drivers\STM32F0xx_HAL_Driver\stm32f0xx_hal_tim.o
 .comment       0x0000007f       0x80 Drivers\STM32F0xx_HAL_Driver\stm32f0xx_hal_tim_ex.o
 .comment       0x0000007f       0x80 Drivers\STM32F0xx_HAL_Driver\stm32f0xx_hal_uart.o
 .comment       0x0000007f       0x80 Middlewares\MC_6Step_Lib\6Step_Lib.o
 .comment       0x0000007f       0x80 Middlewares\UART_serial_com\UART_UI.o
 .comment       0x0000007f       0x80 User\main_32F0.o
 .comment       0x0000007f       0x80 User\stspin32f0_it.o

.debug_frame    0x00000000     0x1e04
 .debug_frame   0x00000000      0x100 Drivers\BSP\Components\stspin32f0.o
 .debug_frame   0x00000100      0x134 Drivers\BSP\STEVAL-SPIN3202\STEVAL-SPIN3202.o
 .debug_frame   0x00000234       0x38 Drivers\CMSIS\system_stm32f0xx.o
 .debug_frame   0x0000026c      0x144 Drivers\STM32F0xx_HAL_Driver\stm32f0xx_hal.o
 .debug_frame   0x000003b0      0x280 Drivers\STM32F0xx_HAL_Driver\stm32f0xx_hal_adc.o
 .debug_frame   0x00000630       0xec Drivers\STM32F0xx_HAL_Driver\stm32f0xx_hal_cortex.o
 .debug_frame   0x0000071c       0xf4 Drivers\STM32F0xx_HAL_Driver\stm32f0xx_hal_dma.o
 .debug_frame   0x00000810       0xd4 Drivers\STM32F0xx_HAL_Driver\stm32f0xx_hal_gpio.o
 .debug_frame   0x000008e4      0x118 Drivers\STM32F0xx_HAL_Driver\stm32f0xx_hal_rcc.o
 .debug_frame   0x000009fc       0xac Drivers\STM32F0xx_HAL_Driver\stm32f0xx_hal_rcc_ex.o
 .debug_frame   0x00000aa8      0x82c Drivers\STM32F0xx_HAL_Driver\stm32f0xx_hal_tim.o
 .debug_frame   0x000012d4      0x310 Drivers\STM32F0xx_HAL_Driver\stm32f0xx_hal_tim_ex.o
 .debug_frame   0x000015e4      0x40c Drivers\STM32F0xx_HAL_Driver\stm32f0xx_hal_uart.o
 .debug_frame   0x000019f0       0x40 Middlewares\MC_6Step_Lib\6Step_Lib.o
 .debug_frame   0x00001a30      0x258 Middlewares\UART_serial_com\UART_UI.o
 .debug_frame   0x00001c88       0x50 User\main_32F0.o
 .debug_frame   0x00001cd8       0xe0 User\stspin32f0_it.o
 .debug_frame   0x00001db8       0x20 c:/ac6/systemworkbench/plugins/fr.ac6.mcu.externaltools.arm-none.win32_1.17.0.201812190825/tools/compiler/bin/../lib/gcc/arm-none-eabi/7.3.1/thumb/v6-m\libgcc.a(_udivsi3.o)
 .debug_frame   0x00001dd8       0x2c c:/ac6/systemworkbench/plugins/fr.ac6.mcu.externaltools.arm-none.win32_1.17.0.201812190825/tools/compiler/bin/../lib/gcc/arm-none-eabi/7.3.1/../../../../arm-none-eabi/lib/thumb/v6-m\libc_nano.a(lib_a-init.o)
