Archive member included to satisfy reference by file (symbol)

c:/ac6/systemworkbench/plugins/fr.ac6.mcu.externaltools.arm-none.win32_1.17.0.201812190825/tools/compiler/bin/../lib/gcc/arm-none-eabi/7.3.1/thumb/v6-m\libgcc.a(_udivsi3.o)
                              Drivers/CMSIS/system_stm32f0xx.o (__aeabi_uidiv)
c:/ac6/systemworkbench/plugins/fr.ac6.mcu.externaltools.arm-none.win32_1.17.0.201812190825/tools/compiler/bin/../lib/gcc/arm-none-eabi/7.3.1/thumb/v6-m\libgcc.a(_divsi3.o)
                              Drivers/CMSIS/system_stm32f0xx.o (__aeabi_idiv)
c:/ac6/systemworkbench/plugins/fr.ac6.mcu.externaltools.arm-none.win32_1.17.0.201812190825/tools/compiler/bin/../lib/gcc/arm-none-eabi/7.3.1/thumb/v6-m\libgcc.a(_dvmd_tls.o)
                              c:/ac6/systemworkbench/plugins/fr.ac6.mcu.externaltools.arm-none.win32_1.17.0.201812190825/tools/compiler/bin/../lib/gcc/arm-none-eabi/7.3.1/thumb/v6-m\libgcc.a(_udivsi3.o) (__aeabi_idiv0)
c:/ac6/systemworkbench/plugins/fr.ac6.mcu.externaltools.arm-none.win32_1.17.0.201812190825/tools/compiler/bin/../lib/gcc/arm-none-eabi/7.3.1/thumb/v6-m\libgcc.a(_aeabi_ldivmod.o)
                              Middlewares/MC_6Step_Lib/6Step_Lib.o (__aeabi_ldivmod)
c:/ac6/systemworkbench/plugins/fr.ac6.mcu.externaltools.arm-none.win32_1.17.0.201812190825/tools/compiler/bin/../lib/gcc/arm-none-eabi/7.3.1/thumb/v6-m\libgcc.a(_aeabi_uldivmod.o)
                              Middlewares/MC_6Step_Lib/6Step_Lib.o (__aeabi_uldivmod)
c:/ac6/systemworkbench/plugins/fr.ac6.mcu.externaltools.arm-none.win32_1.17.0.201812190825/tools/compiler/bin/../lib/gcc/arm-none-eabi/7.3.1/thumb/v6-m\libgcc.a(_muldi3.o)
                              Middlewares/MC_6Step_Lib/6Step_Lib.o (__aeabi_lmul)
c:/ac6/systemworkbench/plugins/fr.ac6.mcu.externaltools.arm-none.win32_1.17.0.201812190825/tools/compiler/bin/../lib/gcc/arm-none-eabi/7.3.1/thumb/v6-m\libgcc.a(_udivmoddi4.o)
                              c:/ac6/systemworkbench/plugins/fr.ac6.mcu.externaltools.arm-none.win32_1.17.0.201812190825/tools/compiler/bin/../lib/gcc/arm-none-eabi/7.3.1/thumb/v6-m\libgcc.a(_aeabi_uldivmod.o) (__udivmoddi4)
c:/ac6/systemworkbench/plugins/fr.ac6.mcu.externaltools.arm-none.win32_1.17.0.201812190825/tools/compiler/bin/../lib/gcc/arm-none-eabi/7.3.1/thumb/v6-m\libgcc.a(bpabi.o)
                              c:/ac6/systemworkbench/plugins/fr.ac6.mcu.externaltools.arm-none.win32_1.17.0.201812190825/tools/compiler/bin/../lib/gcc/arm-none-eabi/7.3.1/thumb/v6-m\libgcc.a(_aeabi_ldivmod.o) (__gnu_ldivmod_helper)
c:/ac6/systemworkbench/plugins/fr.ac6.mcu.externaltools.arm-none.win32_1.17.0.201812190825/tools/compiler/bin/../lib/gcc/arm-none-eabi/7.3.1/thumb/v6-m\libgcc.a(_clzdi2.o)
                              c:/ac6/systemworkbench/plugins/fr.ac6.mcu.externaltools.arm-none.win32_1.17.0.201812190825/tools/compiler/bin/../lib/gcc/arm-none-eabi/7.3.1/thumb/v6-m\libgcc.a(_udivmoddi4.o) (__clzdi2)
c:/ac6/systemworkbench/plugins/fr.ac6.mcu.externaltools.arm-none.win32_1.17.0.201812190825/tools/compiler/bin/../lib/gcc/arm-none-eabi/7.3.1/thumb/v6-m\libgcc.a(_divdi3.o)
                              c:/ac6/systemworkbench/plugins/fr.ac6.mcu.externaltools.arm-none.win32_1.17.0.201812190825/tools/compiler/bin/../lib/gcc/arm-none-eabi/7.3.1/thumb/v6-m\libgcc.a(bpabi.o) (__divdi3)
c:/ac6/systemworkbench/plugins/fr.ac6.mcu.externaltools.arm-none.win32_1.17.0.201812190825/tools/compiler/bin/../lib/gcc/arm-none-eabi/7.3.1/thumb/v6-m\libgcc.a(_clzsi2.o)
                              c:/ac6/systemworkbench/plugins/fr.ac6.mcu.externaltools.arm-none.win32_1.17.0.201812190825/tools/compiler/bin/../lib/gcc/arm-none-eabi/7.3.1/thumb/v6-m\libgcc.a(_clzdi2.o) (__clzsi2)
c:/ac6/systemworkbench/plugins/fr.ac6.mcu.externaltools.arm-none.win32_1.17.0.201812190825/tools/compiler/bin/../lib/gcc/arm-none-eabi/7.3.1/../../../../arm-none-eabi/lib/thumb/v6-m\libc_nano.a(lib_a-atoi.o)
                              Middlewares/UART_serial_com/UART_UI.o (atoi)
c:/ac6/systemworkbench/plugins/fr.ac6.mcu.externaltools.arm-none.win32_1.17.0.201812190825/tools/compiler/bin/../lib/gcc/arm-none-eabi/7.3.1/../../../../arm-none-eabi/lib/thumb/v6-m\libc_nano.a(lib_a-exit.o)
                              c:/ac6/systemworkbench/plugins/fr.ac6.mcu.externaltools.arm-none.win32_1.17.0.201812190825/tools/compiler/bin/../lib/gcc/arm-none-eabi/7.3.1/../../../../arm-none-eabi/lib/thumb/v6-m/crt0.o (exit)
c:/ac6/systemworkbench/plugins/fr.ac6.mcu.externaltools.arm-none.win32_1.17.0.201812190825/tools/compiler/bin/../lib/gcc/arm-none-eabi/7.3.1/../../../../arm-none-eabi/lib/thumb/v6-m\libc_nano.a(lib_a-impure.o)
                              c:/ac6/systemworkbench/plugins/fr.ac6.mcu.externaltools.arm-none.win32_1.17.0.201812190825/tools/compiler/bin/../lib/gcc/arm-none-eabi/7.3.1/../../../../arm-none-eabi/lib/thumb/v6-m\libc_nano.a(lib_a-exit.o) (_global_impure_ptr)
[...]
Memory Configuration

Name             Origin             Length             Attributes
RAM              0x20000000         0x00001000         xrw
ROM              0x08000000         0x00008000         xr
*default*        0x00000000         0xffffffff

Linker script and memory map

LOAD c:/ac6/systemworkbench/plugins/fr.ac6.mcu.externaltools.arm-none.win32_1.17.0.201812190825/tools/compiler/bin/../lib/gcc/arm-none-eabi/7.3.1/thumb/v6-m/crti.o
LOAD c:/ac6/systemworkbench/plugins/fr.ac6.mcu.externaltools.arm-none.win32_1.17.0.201812190825/tools/compiler/bin/../lib/gcc/arm-none-eabi/7.3.1/thumb/v6-m/crtbegin.o
LOAD c:/ac6/systemworkbench/plugins/fr.ac6.mcu.externaltools.arm-none.win32_1.17.0.201812190825/tools/compiler/bin/../lib/gcc/arm-none-eabi/7.3.1/../../../../arm-none-eabi/lib/thumb/v6-m/crt0.o
LOAD Drivers/BSP/Components/stspin32f0.o
LOAD Drivers/BSP/STEVAL-SPIN3202/STEVAL-SPIN3202.o
LOAD Drivers/CMSIS/system_stm32f0xx.o
LOAD Drivers/STM32F0xx_HAL_Driver/stm32f0xx_hal.o
LOAD Drivers/STM32F0xx_HAL_Driver/stm32f0xx_hal_adc.o
LOAD Drivers/STM32F0xx_HAL_Driver/stm32f0xx_hal_adc_ex.o
LOAD Drivers/STM32F0xx_HAL_Driver/stm32f0xx_hal_cortex.o
LOAD Drivers/STM32F0xx_HAL_Driver/stm32f0xx_hal_dma.o
LOAD Drivers/STM32F0xx_HAL_Driver/stm32f0xx_hal_flash.o
LOAD Drivers/STM32F0xx_HAL_Driver/stm32f0xx_hal_flash_ex.o
LOAD Drivers/STM32F0xx_HAL_Driver/stm32f0xx_hal_gpio.o
LOAD Drivers/STM32F0xx_HAL_Driver/stm32f0xx_hal_rcc.o
LOAD Drivers/STM32F0xx_HAL_Driver/stm32f0xx_hal_rcc_ex.o
LOAD Drivers/STM32F0xx_HAL_Driver/stm32f0xx_hal_tim.o
LOAD Drivers/STM32F0xx_HAL_Driver/stm32f0xx_hal_tim_ex.o
LOAD Drivers/STM32F0xx_HAL_Driver/stm32f0xx_hal_uart.o
LOAD Drivers/STM32F0xx_HAL_Driver/stm32f0xx_hal_uart_ex.o
LOAD Drivers/STM32F0xx_HAL_Driver/stm32f0xx_hal_usart.o
LOAD Middlewares/MC_6Step_Lib/6Step_Lib.o
LOAD Middlewares/UART_serial_com/UART_UI.o
LOAD User/main_32F0.o
LOAD User/stspin32f0_hal_msp.o
LOAD User/stspin32f0_it.o
LOAD startup/startup_stm32f031x6.o
LOAD c:/ac6/systemworkbench/plugins/fr.ac6.mcu.externaltools.arm-none.win32_1.17.0.201812190825/tools/compiler/bin/../lib/gcc/arm-none-eabi/7.3.1/../../../../arm-none-eabi/lib/thumb/v6-m\libm.a
START GROUP
LOAD c:/ac6/systemworkbench/plugins/fr.ac6.mcu.externaltools.arm-none.win32_1.17.0.201812190825/tools/compiler/bin/../lib/gcc/arm-none-eabi/7.3.1/thumb/v6-m\libgcc.a
LOAD c:/ac6/systemworkbench/plugins/fr.ac6.mcu.externaltools.arm-none.win32_1.17.0.201812190825/tools/compiler/bin/../lib/gcc/arm-none-eabi/7.3.1/../../../../arm-none-eabi/lib/thumb/v6-m\libc_nano.a
END GROUP
START GROUP
LOAD c:/ac6/systemworkbench/plugins/fr.ac6.mcu.externaltools.arm-none.win32_1.17.0.201812190825/tools/compiler/bin/../lib/gcc/arm-none-eabi/7.3.1/thumb/v6-m\libgcc.a
LOAD c:/ac6/systemworkbench/plugins/fr.ac6.mcu.externaltools.arm-none.win32_1.17.0.201812190825/tools/compiler/bin/../lib/gcc/arm-none-eabi/7.3.1/../../../../arm-none-eabi/lib/thumb/v6-m\libc_nano.a
LOAD c:/ac6/systemworkbench/plugins/fr.ac6.mcu.externaltools.arm-none.win32_1.17.0.201812190825/tools/compiler/bin/../lib/gcc/arm-none-eabi/7.3.1/../../../../arm-none-eabi/lib/thumb/v6-m\libnosys.a
END GROUP
START GROUP
LOAD c:/ac6/systemworkbench/plugins/fr.ac6.mcu.externaltools.arm-none.win32_1.17.0.201812190825/tools/compiler/bin/../lib/gcc/arm-none-eabi/7.3.1/thumb/v6-m\libgcc.a
LOAD c:/ac6/systemworkbench/plugins/fr.ac6.mcu.externaltools.arm-none.win32_1.17.0.201812190825/tools/compiler/bin/../lib/gcc/arm-none-eabi/7.3.1/../../../../arm-none-eabi/lib/thumb/v6-m\libc_nano.a
LOAD c:/ac6/systemworkbench/plugins/fr.ac6.mcu.externaltools.arm-none.win32_1.17.0.201812190825/tools/compiler/bin/../lib/gcc/arm-none-eabi/7.3.1/../../../../arm-none-eabi/lib/thumb/v6-m\libnosys.a
END GROUP
LOAD c:/ac6/systemworkbench/plugins/fr.ac6.mcu.externaltools.arm-none.win32_1.17.0.201812190825/tools/compiler/bin/../lib/gcc/arm-none-eabi/7.3.1/thumb/v6-m/crtend.o
LOAD c:/ac6/systemworkbench/plugins/fr.ac6.mcu.externaltools.arm-none.win32_1.17.0.201812190825/tools/compiler/bin/../lib/gcc/arm-none-eabi/7.3.1/thumb/v6-m/crtn.o
                0x20001000                _estack = 0x20001000
                0x00000000                _Min_Heap_Size = 0x0
                0x00000400                _Min_Stack_Size = 0x400

.isr_vector     0x08000000       0xc0
                0x08000000                . = ALIGN (0x4)
 *(.isr_vector)
 .isr_vector    0x08000000       0xc0 startup/startup_stm32f031x6.o
                0x08000000                g_pfnVectors
                0x080000c0                . = ALIGN (0x4)

.text           0x080000c0     0x53e8
                0x080000c0                . = ALIGN (0x4)
 *(.text)
 .text          0x080000c0       0x48 c:/ac6/systemworkbench/plugins/fr.ac6.mcu.externaltools.arm-none.win32_1.17.0.201812190825/tools/compiler/bin/../lib/gcc/arm-none-eabi/7.3.1/thumb/v6-m/crtbegin.o
 .text          0x08000108      0x114 c:/ac6/systemworkbench/plugins/fr.ac6.mcu.externaltools.arm-none.win32_1.17.0.201812190825/tools/compiler/bin/../lib/gcc/arm-none-eabi/7.3.1/thumb/v6-m\libgcc.a(_udivsi3.o)
                0x08000108                __aeabi_uidiv
                0x08000108                __udivsi3
                0x08000214                __aeabi_uidivmod
 .text          0x0800021c      0x1d4 c:/ac6/systemworkbench/plugins/fr.ac6.mcu.externaltools.arm-none.win32_1.17.0.201812190825/tools/compiler/bin/../lib/gcc/arm-none-eabi/7.3.1/thumb/v6-m\libgcc.a(_divsi3.o)
                0x0800021c                __divsi3
                0x0800021c                __aeabi_idiv
                0x080003e8                __aeabi_idivmod
 .text          0x080003f0        0x4 c:/ac6/systemworkbench/plugins/fr.ac6.mcu.externaltools.arm-none.win32_1.17.0.201812190825/tools/compiler/bin/../lib/gcc/arm-none-eabi/7.3.1/thumb/v6-m\libgcc.a(_dvmd_tls.o)
                0x080003f0                __aeabi_idiv0
                0x080003f0                __aeabi_ldiv0
 .text          0x080003f4       0x40 c:/ac6/systemworkbench/plugins/fr.ac6.mcu.externaltools.arm-none.win32_1.17.0.201812190825/tools/compiler/bin/../lib/gcc/arm-none-eabi/7.3.1/thumb/v6-m\libgcc.a(_aeabi_uldivmod.o)
                0x080003f4                __aeabi_uldivmod
 .text          0x08000434       0x54 c:/ac6/systemworkbench/plugins/fr.ac6.mcu.externaltools.arm-none.win32_1.17.0.201812190825/tools/compiler/bin/../lib/gcc/arm-none-eabi/7.3.1/thumb/v6-m\libgcc.a(_muldi3.o)
                0x08000434                __muldi3
                0x08000434                __aeabi_lmul
 .text          0x08000488      0x184 c:/ac6/systemworkbench/plugins/fr.ac6.mcu.externaltools.arm-none.win32_1.17.0.201812190825/tools/compiler/bin/../lib/gcc/arm-none-eabi/7.3.1/thumb/v6-m\libgcc.a(_udivmoddi4.o)
                0x08000488                __udivmoddi4
 .text          0x0800060c       0x18 c:/ac6/systemworkbench/plugins/fr.ac6.mcu.externaltools.arm-none.win32_1.17.0.201812190825/tools/compiler/bin/../lib/gcc/arm-none-eabi/7.3.1/thumb/v6-m\libgcc.a(_clzdi2.o)
                0x0800060c                __clzdi2
 .text          0x08000624       0x3c c:/ac6/systemworkbench/plugins/fr.ac6.mcu.externaltools.arm-none.win32_1.17.0.201812190825/tools/compiler/bin/../lib/gcc/arm-none-eabi/7.3.1/thumb/v6-m\libgcc.a(_clzsi2.o)
                0x08000624                __clzsi2
 .text          0x08000660       0x14 c:/ac6/systemworkbench/plugins/fr.ac6.mcu.externaltools.arm-none.win32_1.17.0.201812190825/tools/compiler/bin/../lib/gcc/arm-none-eabi/7.3.1/../../../../arm-none-eabi/lib/thumb/v6-m\libc_nano.a(lib_a-strcmp.o)
                0x08000660                strcmp
 *(.text*)
 .text.HF_TIMx_SetDutyCycle_CH1
                0x08000674        0xc Drivers/BSP/Components/stspin32f0.o
                0x08000674                HF_TIMx_SetDutyCycle_CH1
 .text.HF_TIMx_SetDutyCycle_CH2
                0x08000680        0xc Drivers/BSP/Components/stspin32f0.o
                0x08000680                HF_TIMx_SetDutyCycle_CH2
 .text.HF_TIMx_SetDutyCycle_CH3
                0x0800068c        0xc Drivers/BSP/Components/stspin32f0.o
                0x0800068c                HF_TIMx_SetDutyCycle_CH3
 .text.HF_TIMx_SetDutyCycle
                0x08000698       0x18 Drivers/BSP/Components/stspin32f0.o
                0x08000698                HF_TIMx_SetDutyCycle
 .text.ADC_Channel
                0x080006b0       0x28 Drivers/BSP/Components/stspin32f0.o
                0x080006b0                ADC_Channel
 .text.Get_UART_Data
                0x080006d8       0x10 Drivers/BSP/Components/stspin32f0.o
                0x080006d8                Get_UART_Data
 .text.EnableInput_CH1_E_CH2_E_CH3_D
                0x080006e8       0x3c Drivers/BSP/Components/stspin32f0.o
                0x080006e8                EnableInput_CH1_E_CH2_E_CH3_D
 .text.EnableInput_CH1_E_CH2_D_CH3_E
                0x08000724       0x3c Drivers/BSP/Components/stspin32f0.o
                0x08000724                EnableInput_CH1_E_CH2_D_CH3_E
 .text.EnableInput_CH1_D_CH2_E_CH3_E
                0x08000760       0x3c Drivers/BSP/Components/stspin32f0.o
                0x08000760                EnableInput_CH1_D_CH2_E_CH3_E
 .text.DisableInput_CH1_D_CH2_D_CH3_D
                0x0800079c       0x3c Drivers/BSP/Components/stspin32f0.o
                0x0800079c                DisableInput_CH1_D_CH2_D_CH3_D
 .text.Overcurrent_Selection
                0x080007d8       0x14 Drivers/BSP/Components/stspin32f0.o
                0x080007d8                Overcurrent_Selection
 .text.Overcurrent_Threshold_Setvalue
                0x080007ec       0x4c Drivers/BSP/Components/stspin32f0.o
                0x080007ec                Overcurrent_Threshold_Setvalue
 .text.BSP_BOARD_FAULT_LED_ON
                0x08000838       0x14 Drivers/BSP/STEVAL-SPIN3202/STEVAL-SPIN3202.o
                0x08000838                BSP_BOARD_FAULT_LED_ON
 .text.BSP_BOARD_FAULT_LED_OFF
                0x0800084c       0x14 Drivers/BSP/STEVAL-SPIN3202/STEVAL-SPIN3202.o
                0x0800084c                BSP_BOARD_FAULT_LED_OFF
 .text.BSP_BOARD_ADC_INIT
                0x08000860       0x38 Drivers/BSP/STEVAL-SPIN3202/STEVAL-SPIN3202.o
                0x08000860                BSP_BOARD_ADC_INIT
 .text.MC_SixStep_EnableInput_CH1_D_CH2_E_CH3_E
                0x08000898       0x10 Drivers/BSP/STEVAL-SPIN3202/STEVAL-SPIN3202.o
                0x08000898                MC_SixStep_EnableInput_CH1_D_CH2_E_CH3_E
 .text.MC_SixStep_DisableInput_CH1_D_CH2_D_CH3_D
                0x080008a8       0x10 Drivers/BSP/STEVAL-SPIN3202/STEVAL-SPIN3202.o
                0x080008a8                MC_SixStep_DisableInput_CH1_D_CH2_D_CH3_D
 .text.MC_SixStep_HF_TIMx_SetDutyCycle_CH1
                0x080008b8       0x10 Drivers/BSP/STEVAL-SPIN3202/STEVAL-SPIN3202.o
                0x080008b8                MC_SixStep_HF_TIMx_SetDutyCycle_CH1
 .text.MC_SixStep_HF_TIMx_SetDutyCycle_CH2
                0x080008c8       0x10 Drivers/BSP/STEVAL-SPIN3202/STEVAL-SPIN3202.o
                0x080008c8                MC_SixStep_HF_TIMx_SetDutyCycle_CH2
 .text.MC_SixStep_HF_TIMx_SetDutyCycle_CH3
                0x080008d8       0x10 Drivers/BSP/STEVAL-SPIN3202/STEVAL-SPIN3202.o
                0x080008d8                MC_SixStep_HF_TIMx_SetDutyCycle_CH3
 .text.MC_SixStep_HF_TIMx_SetDutyCycle
                0x080008e8       0x10 Drivers/BSP/STEVAL-SPIN3202/STEVAL-SPIN3202.o
                0x080008e8                MC_SixStep_HF_TIMx_SetDutyCycle
 .text.MC_SixStep_ADC_Channel
                0x080008f8       0x10 Drivers/BSP/STEVAL-SPIN3202/STEVAL-SPIN3202.o
                0x080008f8                MC_SixStep_ADC_Channel
 .text.SystemInit
                0x08000908       0x60 Drivers/CMSIS/system_stm32f0xx.o
                0x08000908                SystemInit
 .text.HAL_InitTick
                0x08000968       0x24 Drivers/STM32F0xx_HAL_Driver/stm32f0xx_hal.o
                0x08000968                HAL_InitTick
 .text.HAL_Init
                0x0800098c       0x20 Drivers/STM32F0xx_HAL_Driver/stm32f0xx_hal.o
                0x0800098c                HAL_Init
 .text.HAL_ADC_Init
                0x080009ac      0x10c Drivers/STM32F0xx_HAL_Driver/stm32f0xx_hal_adc.o
                0x080009ac                HAL_ADC_Init
 .text.HAL_ADC_Start_IT
                0x08000ab8       0xe8 Drivers/STM32F0xx_HAL_Driver/stm32f0xx_hal_adc.o
                0x08000ab8                HAL_ADC_Start_IT
 .text.HAL_ADC_Stop_IT
                0x08000ba0       0xd8 Drivers/STM32F0xx_HAL_Driver/stm32f0xx_hal_adc.o
                0x08000ba0                HAL_ADC_Stop_IT
 .text.HAL_ADC_GetValue
                0x08000c78        0xc Drivers/STM32F0xx_HAL_Driver/stm32f0xx_hal_adc.o
                0x08000c78                HAL_ADC_GetValue
 .text.HAL_ADC_LevelOutOfWindowCallback
                0x08000c84        0x4 Drivers/STM32F0xx_HAL_Driver/stm32f0xx_hal_adc.o
                0x08000c84                HAL_ADC_LevelOutOfWindowCallback
 .text.HAL_ADC_ErrorCallback
                0x08000c88        0x4 Drivers/STM32F0xx_HAL_Driver/stm32f0xx_hal_adc.o
                0x08000c88                HAL_ADC_ErrorCallback
 .text.HAL_ADC_IRQHandler
                0x08000c8c       0xc8 Drivers/STM32F0xx_HAL_Driver/stm32f0xx_hal_adc.o
                0x08000c8c                HAL_ADC_IRQHandler
 .text.HAL_ADC_ConfigChannel
                0x08000d54      0x108 Drivers/STM32F0xx_HAL_Driver/stm32f0xx_hal_adc.o
                0x08000d54                HAL_ADC_ConfigChannel
 .text.HAL_NVIC_SetPriority
                0x08000e5c       0x58 Drivers/STM32F0xx_HAL_Driver/stm32f0xx_hal_cortex.o
                0x08000e5c                HAL_NVIC_SetPriority
 .text.HAL_NVIC_EnableIRQ
                0x08000eb4       0x14 Drivers/STM32F0xx_HAL_Driver/stm32f0xx_hal_cortex.o
                0x08000eb4                HAL_NVIC_EnableIRQ
 .text.HAL_SYSTICK_Config
                0x08000ec8       0x38 Drivers/STM32F0xx_HAL_Driver/stm32f0xx_hal_cortex.o
                0x08000ec8                HAL_SYSTICK_Config
 .text.HAL_SYSTICK_IRQHandler
                0x08000f00        0x8 Drivers/STM32F0xx_HAL_Driver/stm32f0xx_hal_cortex.o
                0x08000f00                HAL_SYSTICK_IRQHandler
 .text.HAL_DMA_Init
                0x08000f08       0x44 Drivers/STM32F0xx_HAL_Driver/stm32f0xx_hal_dma.o
                0x08000f08                HAL_DMA_Init
 .text.HAL_DMA_Start_IT
                0x08000f4c       0x58 Drivers/STM32F0xx_HAL_Driver/stm32f0xx_hal_dma.o
                0x08000f4c                HAL_DMA_Start_IT
 .text.HAL_DMA_IRQHandler
                0x08000fa4      0x218 Drivers/STM32F0xx_HAL_Driver/stm32f0xx_hal_dma.o
                0x08000fa4                HAL_DMA_IRQHandler
 .text.HAL_GPIO_Init
                0x080011bc      0x1c0 Drivers/STM32F0xx_HAL_Driver/stm32f0xx_hal_gpio.o
                0x080011bc                HAL_GPIO_Init
 .text.HAL_GPIO_WritePin
                0x0800137c        0xc Drivers/STM32F0xx_HAL_Driver/stm32f0xx_hal_gpio.o
                0x0800137c                HAL_GPIO_WritePin
 .text.HAL_GPIO_EXTI_IRQHandler
                0x08001388       0x18 Drivers/STM32F0xx_HAL_Driver/stm32f0xx_hal_gpio.o
                0x08001388                HAL_GPIO_EXTI_IRQHandler
 .text.HAL_RCC_GetHCLKFreq
                0x080013a0       0x28 Drivers/STM32F0xx_HAL_Driver/stm32f0xx_hal_rcc.o
                0x080013a0                HAL_RCC_GetHCLKFreq
 .text.HAL_RCC_GetPCLK1Freq
                0x080013c8       0x30 Drivers/STM32F0xx_HAL_Driver/stm32f0xx_hal_rcc.o
                0x080013c8                HAL_RCC_GetPCLK1Freq
 .text.HAL_RCC_OscConfig
                0x080013f8      0x400 Drivers/STM32F0xx_HAL_Driver/stm32f0xx_hal_rcc_ex.o
                0x080013f8                HAL_RCC_OscConfig
 .text.HAL_RCC_ClockConfig
                0x080017f8      0x1c8 Drivers/STM32F0xx_HAL_Driver/stm32f0xx_hal_rcc_ex.o
                0x080017f8                HAL_RCC_ClockConfig
 .text.HAL_RCC_GetSysClockFreq
                0x080019c0       0x50 Drivers/STM32F0xx_HAL_Driver/stm32f0xx_hal_rcc_ex.o
                0x080019c0                HAL_RCC_GetSysClockFreq
 .text.HAL_TIM_Base_Init
                0x08001a10       0xbc Drivers/STM32F0xx_HAL_Driver/stm32f0xx_hal_tim.o
                0x08001a10                HAL_TIM_Base_Init
 .text.HAL_TIM_Base_Start_IT
                0x08001acc       0x14 Drivers/STM32F0xx_HAL_Driver/stm32f0xx_hal_tim.o
                0x08001acc                HAL_TIM_Base_Start_IT
 .text.HAL_TIM_Base_Stop_IT
                0x08001ae0       0x2c Drivers/STM32F0xx_HAL_Driver/stm32f0xx_hal_tim.o
                0x08001ae0                HAL_TIM_Base_Stop_IT
 .text.HAL_TIM_PWM_Start
                0x08001b0c       0x48 Drivers/STM32F0xx_HAL_Driver/stm32f0xx_hal_tim.o
                0x08001b0c                HAL_TIM_PWM_Start
 .text.HAL_TIM_PWM_Stop
                0x08001b54       0x78 Drivers/STM32F0xx_HAL_Driver/stm32f0xx_hal_tim.o
                0x08001b54                HAL_TIM_PWM_Stop
 .text.HAL_TIM_PWM_ConfigChannel
                0x08001bcc      0x24c Drivers/STM32F0xx_HAL_Driver/stm32f0xx_hal_tim.o
                0x08001bcc                HAL_TIM_PWM_ConfigChannel
 .text.HAL_TIM_ConfigClockSource
                0x08001e18      0x18c Drivers/STM32F0xx_HAL_Driver/stm32f0xx_hal_tim.o
                0x08001e18                HAL_TIM_ConfigClockSource
 .text.HAL_TIM_SlaveConfigSynchronization
                0x08001fa4       0xe8 Drivers/STM32F0xx_HAL_Driver/stm32f0xx_hal_tim.o
                0x08001fa4                HAL_TIM_SlaveConfigSynchronization
 .text.HAL_TIM_OC_DelayElapsedCallback
                0x0800208c        0x4 Drivers/STM32F0xx_HAL_Driver/stm32f0xx_hal_tim.o
                0x0800208c                HAL_TIM_OC_DelayElapsedCallback
 .text.HAL_TIM_IC_CaptureCallback
                0x08002090        0x4 Drivers/STM32F0xx_HAL_Driver/stm32f0xx_hal_tim.o
                0x08002090                HAL_TIM_IC_CaptureCallback
 .text.HAL_TIM_PWM_PulseFinishedCallback
                0x08002094        0x4 Drivers/STM32F0xx_HAL_Driver/stm32f0xx_hal_tim.o
                0x08002094                HAL_TIM_PWM_PulseFinishedCallback
 .text.HAL_TIM_TriggerCallback
                0x08002098        0x4 Drivers/STM32F0xx_HAL_Driver/stm32f0xx_hal_tim.o
                0x08002098                HAL_TIM_TriggerCallback
 .text.HAL_TIM_IRQHandler
                0x0800209c      0x158 Drivers/STM32F0xx_HAL_Driver/stm32f0xx_hal_tim.o
                0x0800209c                HAL_TIM_IRQHandler
 .text.HAL_TIMEx_PWMN_Start
                0x080021f4       0x28 Drivers/STM32F0xx_HAL_Driver/stm32f0xx_hal_tim_ex.o
                0x080021f4                HAL_TIMEx_PWMN_Start
 .text.HAL_TIMEx_PWMN_Stop
                0x0800221c       0x54 Drivers/STM32F0xx_HAL_Driver/stm32f0xx_hal_tim_ex.o
                0x0800221c                HAL_TIMEx_PWMN_Stop
 .text.HAL_TIMEx_MasterConfigSynchronization
                0x08002270       0x44 Drivers/STM32F0xx_HAL_Driver/stm32f0xx_hal_tim_ex.o
                0x08002270                HAL_TIMEx_MasterConfigSynchronization
 .text.HAL_TIMEx_ConfigBreakDeadTime
                0x080022b4       0x40 Drivers/STM32F0xx_HAL_Driver/stm32f0xx_hal_tim_ex.o
                0x080022b4                HAL_TIMEx_ConfigBreakDeadTime
 .text.HAL_TIMEx_CommutationCallback
                0x080022f4        0x4 Drivers/STM32F0xx_HAL_Driver/stm32f0xx_hal_tim_ex.o
                0x080022f4                HAL_TIMEx_CommutationCallback
 .text.HAL_UART_Transmit
                0x080022f8      0x134 Drivers/STM32F0xx_HAL_Driver/stm32f0xx_hal_uart.o
                0x080022f8                HAL_UART_Transmit
 .text.HAL_UART_Receive_IT
                0x0800242c       0xa0 Drivers/STM32F0xx_HAL_Driver/stm32f0xx_hal_uart.o
                0x0800242c                HAL_UART_Receive_IT
 .text.HAL_UART_Transmit_DMA
                0x080024cc       0x80 Drivers/STM32F0xx_HAL_Driver/stm32f0xx_hal_uart.o
                0x080024cc                HAL_UART_Transmit_DMA
 .text.HAL_UART_TxHalfCpltCallback
                0x0800254c        0x4 Drivers/STM32F0xx_HAL_Driver/stm32f0xx_hal_uart.o
                0x0800254c                HAL_UART_TxHalfCpltCallback
 .text.UART_DMATxHalfCplt
                0x08002550        0xc Drivers/STM32F0xx_HAL_Driver/stm32f0xx_hal_uart.o
 .text.HAL_UART_RxCpltCallback
                0x0800255c        0x4 Drivers/STM32F0xx_HAL_Driver/stm32f0xx_hal_uart.o
                0x0800255c                HAL_UART_RxCpltCallback
 .text.HAL_UART_ErrorCallback
                0x08002560        0x4 Drivers/STM32F0xx_HAL_Driver/stm32f0xx_hal_uart.o
                0x08002560                HAL_UART_ErrorCallback
 .text.UART_DMAError
                0x08002564       0x24 Drivers/STM32F0xx_HAL_Driver/stm32f0xx_hal_uart.o
 .text.UART_DMATransmitCplt
                0x08002588       0x98 Drivers/STM32F0xx_HAL_Driver/stm32f0xx_hal_uart.o
 .text.HAL_UART_GetState
                0x08002620        0x8 Drivers/STM32F0xx_HAL_Driver/stm32f0xx_hal_uart.o
                0x08002620                HAL_UART_GetState
 .text.UART_Receive_IT
                0x08002628       0x8c Drivers/STM32F0xx_HAL_Driver/stm32f0xx_hal_uart.o
                0x08002628                UART_Receive_IT
 .text.UART_AdvFeatureConfig
                0x080026b4       0xd0 Drivers/STM32F0xx_HAL_Driver/stm32f0xx_hal_uart.o
                0x080026b4                UART_AdvFeatureConfig
 .text.HAL_UART_Init
                0x08002784      0x248 Drivers/STM32F0xx_HAL_Driver/stm32f0xx_hal_uart.o
                0x08002784                HAL_UART_Init
 .text.MC_SixStep_Ramp_Motor_calc.part.0
                0x080029cc      0x228 Middlewares/MC_6Step_Lib/6Step_Lib.o
 .text.MC_SixStep_TABLE
                0x08002bf4       0xe4 Middlewares/MC_6Step_Lib/6Step_Lib.o
                0x08002bf4                MC_SixStep_TABLE
 .text.MC_SixStep_NEXT_step
                0x08002cd8      0x1f0 Middlewares/MC_6Step_Lib/6Step_Lib.o
                0x08002cd8                MC_SixStep_NEXT_step
 .text.MC_SixStep_RESET
                0x08002ec8      0x1bc Middlewares/MC_6Step_Lib/6Step_Lib.o
                0x08002ec8                MC_SixStep_RESET
 .text.MC_Set_PI_param
                0x08003084       0x60 Middlewares/MC_6Step_Lib/6Step_Lib.o
                0x08003084                MC_Set_PI_param
 .text.MC_Task_Speed
                0x080030e4      0x178 Middlewares/MC_6Step_Lib/6Step_Lib.o
                0x080030e4                MC_Task_Speed
 .text.MC_Set_Speed
                0x0800325c       0x20 Middlewares/MC_6Step_Lib/6Step_Lib.o
                0x0800325c                MC_Set_Speed
 .text.MC_StartMotor
                0x0800327c       0x40 Middlewares/MC_6Step_Lib/6Step_Lib.o
                0x0800327c                MC_StartMotor
 .text.MC_StopMotor
                0x080032bc       0x54 Middlewares/MC_6Step_Lib/6Step_Lib.o
                0x080032bc                MC_StopMotor
 .text.MC_SixStep_INIT
                0x08003310       0x90 Middlewares/MC_6Step_Lib/6Step_Lib.o
                0x08003310                MC_SixStep_INIT
 .text.MC_TIMx_SixStep_timebase
                0x080033a0      0x228 Middlewares/MC_6Step_Lib/6Step_Lib.o
                0x080033a0                MC_TIMx_SixStep_timebase
 .text.MC_SysTick_SixStep_MediumFrequencyTask
                0x080035c8      0x22c Middlewares/MC_6Step_Lib/6Step_Lib.o
                0x080035c8                MC_SysTick_SixStep_MediumFrequencyTask
 .text.MC_ADCx_SixStep_Bemf
                0x080037f4      0x16c Middlewares/MC_6Step_Lib/6Step_Lib.o
                0x080037f4                MC_ADCx_SixStep_Bemf
 .text.MC_EXT_button_SixStep
                0x08003960       0xa0 Middlewares/MC_6Step_Lib/6Step_Lib.o
                0x08003960                MC_EXT_button_SixStep
 .text.HAL_IncTick
                0x08003a00       0x10 Middlewares/MC_6Step_Lib/6Step_Lib.o
                0x08003a00                HAL_IncTick
 .text.HAL_GetTick
                0x08003a10        0xc Middlewares/MC_6Step_Lib/6Step_Lib.o
                0x08003a10                HAL_GetTick
 .text.CMD_MEASTO
                0x08003a1c       0x60 Middlewares/UART_serial_com/UART_UI.o
                0x08003a1c                CMD_MEASTO
 .text.CMD_GETSPD
                0x08003a7c       0x48 Middlewares/UART_serial_com/UART_UI.o
                0x08003a7c                CMD_GETSPD
 .text.CMD_STATUS
                0x08003ac4       0x4c Middlewares/UART_serial_com/UART_UI.o
                0x08003ac4                CMD_STATUS
 .text.CMD_PROMPT
                0x08003b10       0x44 Middlewares/UART_serial_com/UART_UI.o
                0x08003b10                CMD_PROMPT
 .text.CMD_STARTM
                0x08003b54       0x4c Middlewares/UART_serial_com/UART_UI.o
                0x08003b54                CMD_STARTM
 .text.CMD_STOPMT
                0x08003ba0       0x4c Middlewares/UART_serial_com/UART_UI.o
                0x08003ba0                CMD_STOPMT
 .text.CMD_MEASTA
                0x08003bec       0x70 Middlewares/UART_serial_com/UART_UI.o
                0x08003bec                CMD_MEASTA
 .text.CMD_DIRECTION
                0x08003c5c       0x54 Middlewares/UART_serial_com/UART_UI.o
                0x08003c5c                CMD_DIRECTION
 .text.CMD_SETSPD
                0x08003cb0       0x54 Middlewares/UART_serial_com/UART_UI.o
                0x08003cb0                CMD_SETSPD
 .text.CMD_POLESP
                0x08003d04       0x54 Middlewares/UART_serial_com/UART_UI.o
                0x08003d04                CMD_POLESP
 .text.CMD_ACCELE
                0x08003d58       0x54 Middlewares/UART_serial_com/UART_UI.o
                0x08003d58                CMD_ACCELE
 .text.CMD_MEASEL
                0x08003dac       0x54 Middlewares/UART_serial_com/UART_UI.o
                0x08003dac                CMD_MEASEL
 .text.CMD_KP_PRM
                0x08003e00       0x54 Middlewares/UART_serial_com/UART_UI.o
                0x08003e00                CMD_KP_PRM
 .text.CMD_INIREF
                0x08003e54       0x54 Middlewares/UART_serial_com/UART_UI.o
                0x08003e54                CMD_INIREF
 .text.CMD_KI_PRM
                0x08003ea8       0x54 Middlewares/UART_serial_com/UART_UI.o
                0x08003ea8                CMD_KI_PRM
 .text.UART_Communication_Task
                0x08003efc       0x30 Middlewares/UART_serial_com/UART_UI.o
                0x08003efc                UART_Communication_Task
 .text.MC_UI_INIT
                0x08003f2c      0x26c Middlewares/UART_serial_com/UART_UI.o
                0x08003f2c                MC_UI_INIT
 .text.CMD_HELP
                0x08004198       0x1c Middlewares/UART_serial_com/UART_UI.o
                0x08004198                CMD_HELP
 .text.UART_Send_Reply
                0x080041b4       0x24 Middlewares/UART_serial_com/UART_UI.o
                0x080041b4                UART_Send_Reply
 .text.CMD_Parser
                0x080041d8       0xf0 Middlewares/UART_serial_com/UART_UI.o
                0x080041d8                CMD_Parser
 .text.UART_Set_Value
                0x080042c8       0xf8 Middlewares/UART_serial_com/UART_UI.o
                0x080042c8                UART_Set_Value
 .text.SystemClock_Config
                0x080043c0       0x4c User/main_32F0.o
                0x080043c0                SystemClock_Config
 .text.startup.main
                0x0800440c      0x1ec User/main_32F0.o
                0x0800440c                main
 .text.HAL_MspInit
                0x080045f8       0x10 User/stspin32f0_hal_msp.o
                0x080045f8                HAL_MspInit
 .text.HAL_ADC_MspInit
                0x08004608       0x84 User/stspin32f0_hal_msp.o
                0x08004608                HAL_ADC_MspInit
 .text.HAL_TIM_Base_MspInit
                0x0800468c       0xd4 User/stspin32f0_hal_msp.o
                0x0800468c                HAL_TIM_Base_MspInit
 .text.HAL_UART_MspInit
                0x08004760       0xa0 User/stspin32f0_hal_msp.o
                0x08004760                HAL_UART_MspInit
 .text.HAL_ADC_ConvCpltCallback
                0x08004800        0x8 User/stspin32f0_hal_msp.o
                0x08004800                HAL_ADC_ConvCpltCallback
 .text.HAL_TIM_PeriodElapsedCallback
                0x08004808        0x8 User/stspin32f0_hal_msp.o
                0x08004808                HAL_TIM_PeriodElapsedCallback
 .text.HAL_TIMEx_BreakCallback
                0x08004810       0x10 User/stspin32f0_hal_msp.o
                0x08004810                HAL_TIMEx_BreakCallback
 .text.HAL_SYSTICK_Callback
                0x08004820        0x8 User/stspin32f0_hal_msp.o
                0x08004820                HAL_SYSTICK_Callback
 .text.HAL_GPIO_EXTI_Callback
                0x08004828       0x10 User/stspin32f0_hal_msp.o
                0x08004828                HAL_GPIO_EXTI_Callback
 .text.HAL_UART_TxCpltCallback
                0x08004838       0x4c User/stspin32f0_hal_msp.o
                0x08004838                HAL_UART_TxCpltCallback
 .text.HardFault_Handler
                0x08004884        0x4 User/stspin32f0_it.o
                0x08004884                HardFault_Handler
 .text.USART1_IRQHandler
                0x08004888       0x54 User/stspin32f0_it.o
                0x08004888                USART1_IRQHandler
 .text.DMA1_Channel2_3_IRQHandler
                0x080048dc       0x10 User/stspin32f0_it.o
                0x080048dc                DMA1_Channel2_3_IRQHandler
 .text.TIM1_BRK_UP_TRG_COM_IRQHandler
                0x080048ec       0x10 User/stspin32f0_it.o
                0x080048ec                TIM1_BRK_UP_TRG_COM_IRQHandler
 .text.ADC1_IRQHandler
                0x080048fc       0x10 User/stspin32f0_it.o
                0x080048fc                ADC1_IRQHandler
 .text.EXTI0_1_IRQHandler
                0x0800490c       0x10 User/stspin32f0_it.o
                0x0800490c                EXTI0_1_IRQHandler
 .text.SysTick_Handler
                0x0800491c        0xc User/stspin32f0_it.o
                0x0800491c                SysTick_Handler
 .text.TIM2_IRQHandler
                0x08004928       0x10 User/stspin32f0_it.o
                0x08004928                TIM2_IRQHandler
 .text.TIM3_IRQHandler
                0x08004938       0x10 User/stspin32f0_it.o
                0x08004938                TIM3_IRQHandler
 .text.Reset_Handler
                0x08004948       0x50 startup/startup_stm32f031x6.o
                0x08004948                Reset_Handler
 .text.Default_Handler
                0x08004998        0x2 startup/startup_stm32f031x6.o
                0x08004998                TIM1_CC_IRQHandler
                0x08004998                PVD_IRQHandler
                0x08004998                PendSV_Handler
                0x08004998                NMI_Handler
                0x08004998                I2C1_IRQHandler
                0x08004998                SPI1_IRQHandler
                0x08004998                EXTI2_3_IRQHandler
                0x08004998                TIM17_IRQHandler
                0x08004998                RTC_IRQHandler
                0x08004998                TIM16_IRQHandler
                0x08004998                EXTI4_15_IRQHandler
                0x08004998                RCC_IRQHandler
                0x08004998                DMA1_Channel1_IRQHandler
                0x08004998                Default_Handler
                0x08004998                TIM14_IRQHandler
                0x08004998                DMA1_Channel4_5_IRQHandler
                0x08004998                SVC_Handler
                0x08004998                WWDG_IRQHandler
                0x08004998                FLASH_IRQHandler
 .text.atoi     0x0800499a        0xc c:/ac6/systemworkbench/plugins/fr.ac6.mcu.externaltools.arm-none.win32_1.17.0.201812190825/tools/compiler/bin/../lib/gcc/arm-none-eabi/7.3.1/../../../../arm-none-eabi/lib/thumb/v6-m\libc_nano.a(lib_a-atoi.o)
                0x0800499a                atoi
 *fill*         0x080049a6        0x2 
 .text.__libc_init_array
                0x080049a8       0x48 c:/ac6/systemworkbench/plugins/fr.ac6.mcu.externaltools.arm-none.win32_1.17.0.201812190825/tools/compiler/bin/../lib/gcc/arm-none-eabi/7.3.1/../../../../arm-none-eabi/lib/thumb/v6-m\libc_nano.a(lib_a-init.o)
                0x080049a8                __libc_init_array
 .text.memcpy   0x080049f0       0x12 c:/ac6/systemworkbench/plugins/fr.ac6.mcu.externaltools.arm-none.win32_1.17.0.201812190825/tools/compiler/bin/../lib/gcc/arm-none-eabi/7.3.1/../../../../arm-none-eabi/lib/thumb/v6-m\libc_nano.a(lib_a-memcpy-stub.o)
                0x080049f0                memcpy
 .text.memset   0x08004a02       0x10 c:/ac6/systemworkbench/plugins/fr.ac6.mcu.externaltools.arm-none.win32_1.17.0.201812190825/tools/compiler/bin/../lib/gcc/arm-none-eabi/7.3.1/../../../../arm-none-eabi/lib/thumb/v6-m\libc_nano.a(lib_a-memset.o)
                0x08004a02                memset
 *fill*         0x08004a12        0x2 
 .text.sprintf  0x08004a14       0x40 c:/ac6/systemworkbench/plugins/fr.ac6.mcu.externaltools.arm-none.win32_1.17.0.201812190825/tools/compiler/bin/../lib/gcc/arm-none-eabi/7.3.1/../../../../arm-none-eabi/lib/thumb/v6-m\libc_nano.a(lib_a-sprintf.o)
                0x08004a14                siprintf
                0x08004a14                sprintf
 .text.strcpy   0x08004a54       0x10 c:/ac6/systemworkbench/plugins/fr.ac6.mcu.externaltools.arm-none.win32_1.17.0.201812190825/tools/compiler/bin/../lib/gcc/arm-none-eabi/7.3.1/../../../../arm-none-eabi/lib/thumb/v6-m\libc_nano.a(lib_a-strcpy.o)
                0x08004a54                strcpy
 .text.strncmp  0x08004a64       0x22 c:/ac6/systemworkbench/plugins/fr.ac6.mcu.externaltools.arm-none.win32_1.17.0.201812190825/tools/compiler/bin/../lib/gcc/arm-none-eabi/7.3.1/../../../../arm-none-eabi/lib/thumb/v6-m\libc_nano.a(lib_a-strncmp.o)
                0x08004a64                strncmp
 *fill*         0x08004a86        0x2 
 .text.strtok   0x08004a88       0x50 c:/ac6/systemworkbench/plugins/fr.ac6.mcu.externaltools.arm-none.win32_1.17.0.201812190825/tools/compiler/bin/../lib/gcc/arm-none-eabi/7.3.1/../../../../arm-none-eabi/lib/thumb/v6-m\libc_nano.a(lib_a-strtok.o)
                0x08004a88                strtok
 .text.__strtok_r
                0x08004ad8       0x5a c:/ac6/systemworkbench/plugins/fr.ac6.mcu.externaltools.arm-none.win32_1.17.0.201812190825/tools/compiler/bin/../lib/gcc/arm-none-eabi/7.3.1/../../../../arm-none-eabi/lib/thumb/v6-m\libc_nano.a(lib_a-strtok_r.o)
                0x08004ad8                __strtok_r
 *fill*         0x08004b32        0x2 
 .text._strtol_l.isra.0
                0x08004b34      0x104 c:/ac6/systemworkbench/plugins/fr.ac6.mcu.externaltools.arm-none.win32_1.17.0.201812190825/tools/compiler/bin/../lib/gcc/arm-none-eabi/7.3.1/../../../../arm-none-eabi/lib/thumb/v6-m\libc_nano.a(lib_a-strtol.o)
 .text.strtol   0x08004c38       0x28 c:/ac6/systemworkbench/plugins/fr.ac6.mcu.externaltools.arm-none.win32_1.17.0.201812190825/tools/compiler/bin/../lib/gcc/arm-none-eabi/7.3.1/../../../../arm-none-eabi/lib/thumb/v6-m\libc_nano.a(lib_a-strtol.o)
                0x08004c38                strtol
 .text.__locale_ctype_ptr_l
                0x08004c60        0x6 c:/ac6/systemworkbench/plugins/fr.ac6.mcu.externaltools.arm-none.win32_1.17.0.201812190825/tools/compiler/bin/../lib/gcc/arm-none-eabi/7.3.1/../../../../arm-none-eabi/lib/thumb/v6-m\libc_nano.a(lib_a-locale.o)
                0x08004c60                __locale_ctype_ptr_l
 *fill*         0x08004c66        0x2 
 .text.malloc   0x08004c68       0x14 c:/ac6/systemworkbench/plugins/fr.ac6.mcu.externaltools.arm-none.win32_1.17.0.201812190825/tools/compiler/bin/../lib/gcc/arm-none-eabi/7.3.1/../../../../arm-none-eabi/lib/thumb/v6-m\libc_nano.a(lib_a-malloc.o)
                0x08004c68                malloc
 .text.__ascii_mbtowc
                0x08004c7c       0x24 c:/ac6/systemworkbench/plugins/fr.ac6.mcu.externaltools.arm-none.win32_1.17.0.201812190825/tools/compiler/bin/../lib/gcc/arm-none-eabi/7.3.1/../../../../arm-none-eabi/lib/thumb/v6-m\libc_nano.a(lib_a-mbtowc_r.o)
                0x08004c7c                __ascii_mbtowc
 .text._free_r  0x08004ca0       0x94 c:/ac6/systemworkbench/plugins/fr.ac6.mcu.externaltools.arm-none.win32_1.17.0.201812190825/tools/compiler/bin/../lib/gcc/arm-none-eabi/7.3.1/../../../../arm-none-eabi/lib/thumb/v6-m\libc_nano.a(lib_a-nano-freer.o)
                0x08004ca0                _free_r
 .text._malloc_r
                0x08004d34       0xbc c:/ac6/systemworkbench/plugins/fr.ac6.mcu.externaltools.arm-none.win32_1.17.0.201812190825/tools/compiler/bin/../lib/gcc/arm-none-eabi/7.3.1/../../../../arm-none-eabi/lib/thumb/v6-m\libc_nano.a(lib_a-nano-mallocr.o)
                0x08004d34                _malloc_r
 .text.__ssputs_r
                0x08004df0       0xc4 c:/ac6/systemworkbench/plugins/fr.ac6.mcu.externaltools.arm-none.win32_1.17.0.201812190825/tools/compiler/bin/../lib/gcc/arm-none-eabi/7.3.1/../../../../arm-none-eabi/lib/thumb/v6-m\libc_nano.a(lib_a-nano-svfprintf.o)
                0x08004df0                __ssputs_r
 .text._svfprintf_r
                0x08004eb4      0x1fc c:/ac6/systemworkbench/plugins/fr.ac6.mcu.externaltools.arm-none.win32_1.17.0.201812190825/tools/compiler/bin/../lib/gcc/arm-none-eabi/7.3.1/../../../../arm-none-eabi/lib/thumb/v6-m\libc_nano.a(lib_a-nano-svfprintf.o)
                0x08004eb4                _svfiprintf_r
                0x08004eb4                _svfprintf_r
 .text._printf_common
                0x080050b0       0xda c:/ac6/systemworkbench/plugins/fr.ac6.mcu.externaltools.arm-none.win32_1.17.0.201812190825/tools/compiler/bin/../lib/gcc/arm-none-eabi/7.3.1/../../../../arm-none-eabi/lib/thumb/v6-m\libc_nano.a(lib_a-nano-vfprintf_i.o)
                0x080050b0                _printf_common
 *fill*         0x0800518a        0x2 
 .text._printf_i
                0x0800518c      0x210 c:/ac6/systemworkbench/plugins/fr.ac6.mcu.externaltools.arm-none.win32_1.17.0.201812190825/tools/compiler/bin/../lib/gcc/arm-none-eabi/7.3.1/../../../../arm-none-eabi/lib/thumb/v6-m\libc_nano.a(lib_a-nano-vfprintf_i.o)
                0x0800518c                _printf_i
 .text._sbrk_r  0x0800539c       0x24 c:/ac6/systemworkbench/plugins/fr.ac6.mcu.externaltools.arm-none.win32_1.17.0.201812190825/tools/compiler/bin/../lib/gcc/arm-none-eabi/7.3.1/../../../../arm-none-eabi/lib/thumb/v6-m\libc_nano.a(lib_a-sbrkr.o)
                0x0800539c                _sbrk_r
 .text.__ascii_wctomb
                0x080053c0       0x18 c:/ac6/systemworkbench/plugins/fr.ac6.mcu.externaltools.arm-none.win32_1.17.0.201812190825/tools/compiler/bin/../lib/gcc/arm-none-eabi/7.3.1/../../../../arm-none-eabi/lib/thumb/v6-m\libc_nano.a(lib_a-wctomb_r.o)
                0x080053c0                __ascii_wctomb
 .text.memchr   0x080053d8       0x16 c:/ac6/systemworkbench/plugins/fr.ac6.mcu.externaltools.arm-none.win32_1.17.0.201812190825/tools/compiler/bin/../lib/gcc/arm-none-eabi/7.3.1/../../../../arm-none-eabi/lib/thumb/v6-m\libc_nano.a(lib_a-memchr-stub.o)
                0x080053d8                memchr
 .text.memmove  0x080053ee       0x26 c:/ac6/systemworkbench/plugins/fr.ac6.mcu.externaltools.arm-none.win32_1.17.0.201812190825/tools/compiler/bin/../lib/gcc/arm-none-eabi/7.3.1/../../../../arm-none-eabi/lib/thumb/v6-m\libc_nano.a(lib_a-memmove.o)
                0x080053ee                memmove
 .text.__malloc_lock
                0x08005414        0x2 c:/ac6/systemworkbench/plugins/fr.ac6.mcu.externaltools.arm-none.win32_1.17.0.201812190825/tools/compiler/bin/../lib/gcc/arm-none-eabi/7.3.1/../../../../arm-none-eabi/lib/thumb/v6-m\libc_nano.a(lib_a-mlock.o)
                0x08005414                __malloc_lock
 .text.__malloc_unlock
                0x08005416        0x2 c:/ac6/systemworkbench/plugins/fr.ac6.mcu.externaltools.arm-none.win32_1.17.0.201812190825/tools/compiler/bin/../lib/gcc/arm-none-eabi/7.3.1/../../../../arm-none-eabi/lib/thumb/v6-m\libc_nano.a(lib_a-mlock.o)
                0x08005416                __malloc_unlock
 .text._realloc_r
                0x08005418       0x4c c:/ac6/systemworkbench/plugins/fr.ac6.mcu.externaltools.arm-none.win32_1.17.0.201812190825/tools/compiler/bin/../lib/gcc/arm-none-eabi/7.3.1/../../../../arm-none-eabi/lib/thumb/v6-m\libc_nano.a(lib_a-nano-reallocr.o)
                0x08005418                _realloc_r
 .text._malloc_usable_size_r
                0x08005464       0x10 c:/ac6/systemworkbench/plugins/fr.ac6.mcu.externaltools.arm-none.win32_1.17.0.201812190825/tools/compiler/bin/../lib/gcc/arm-none-eabi/7.3.1/../../../../arm-none-eabi/lib/thumb/v6-m\libc_nano.a(lib_a-nano-msizer.o)
                0x08005464                _malloc_usable_size_r
 .text._sbrk    0x08005474       0x1c c:/ac6/systemworkbench/plugins/fr.ac6.mcu.externaltools.arm-none.win32_1.17.0.201812190825/tools/compiler/bin/../lib/gcc/arm-none-eabi/7.3.1/../../../../arm-none-eabi/lib/thumb/v6-m\libnosys.a(sbrk.o)
                0x08005474                _sbrk
 *(.glue_7)
 .glue_7        0x08005490        0x0 linker stubs
 *(.glue_7t)
 .glue_7t       0x08005490        0x0 linker stubs
 *(.eh_frame)
 .eh_frame      0x08005490        0x0 c:/ac6/systemworkbench/plugins/fr.ac6.mcu.externaltools.arm-none.win32_1.17.0.201812190825/tools/compiler/bin/../lib/gcc/arm-none-eabi/7.3.1/thumb/v6-m/crtbegin.o
 *(.init)
 .init          0x08005490        0x4 c:/ac6/systemworkbench/plugins/fr.ac6.mcu.externaltools.arm-none.win32_1.17.0.201812190825/tools/compiler/bin/../lib/gcc/arm-none-eabi/7.3.1/thumb/v6-m/crti.o
                0x08005490                _init
 .init          0x08005494        0x8 c:/ac6/systemworkbench/plugins/fr.ac6.mcu.externaltools.arm-none.win32_1.17.0.201812190825/tools/compiler/bin/../lib/gcc/arm-none-eabi/7.3.1/thumb/v6-m/crtn.o
 *(.fini)
 .fini          0x0800549c        0x4 c:/ac6/systemworkbench/plugins/fr.ac6.mcu.externaltools.arm-none.win32_1.17.0.201812190825/tools/compiler/bin/../lib/gcc/arm-none-eabi/7.3.1/thumb/v6-m/crti.o
                0x0800549c                _fini
 .fini          0x080054a0        0x8 c:/ac6/systemworkbench/plugins/fr.ac6.mcu.externaltools.arm-none.win32_1.17.0.201812190825/tools/compiler/bin/../lib/gcc/arm-none-eabi/7.3.1/thumb/v6-m/crtn.o
                0x080054a8                . = ALIGN (0x4)
                0x080054a8                _etext = .

.vfp11_veneer   0x080054a8        0x0
 .vfp11_veneer  0x080054a8        0x0 linker stubs

.v4_bx          0x080054a8        0x0
 .v4_bx         0x080054a8        0x0 linker stubs

.iplt           0x080054a8        0x0
 .iplt          0x080054a8        0x0 c:/ac6/systemworkbench/plugins/fr.ac6.mcu.externaltools.arm-none.win32_1.17.0.201812190825/tools/compiler/bin/../lib/gcc/arm-none-eabi/7.3.1/thumb/v6-m/crtbegin.o

.rodata         0x080054a8      0x4f4
                0x080054a8                . = ALIGN (0x4)
 *(.rodata)
 .rodata        0x080054a8       0x10 Drivers/STM32F0xx_HAL_Driver/stm32f0xx_hal_rcc.o
                0x080054a8                APBAHBPrescTable
 .rodata        0x080054b8       0x20 Drivers/STM32F0xx_HAL_Driver/stm32f0xx_hal_rcc_ex.o
                0x080054b8                PLLMULFactorTable
                0x080054c8                PredivFactorTable
 .rodata        0x080054d8        0x4 Drivers/STM32F0xx_HAL_Driver/stm32f0xx_hal_uart.o
 .rodata        0x080054dc       0x38 Middlewares/MC_6Step_Lib/6Step_Lib.o
 .rodata        0x08005514      0x300 Middlewares/UART_serial_com/UART_UI.o
                0x08005554                StatusTable
                0x08005704                CmdTable
 *(.rodata*)
 .rodata.str1.4
                0x08005814        0x9 Middlewares/MC_6Step_Lib/6Step_Lib.o
 *fill*         0x0800581d        0x3 
 .rodata.str1.4
                0x08005820       0x3c Middlewares/UART_serial_com/UART_UI.o
                                 0x42 (size before relaxing)
 .rodata._setlocale_r.str1.1
                0x0800585c        0x8 c:/ac6/systemworkbench/plugins/fr.ac6.mcu.externaltools.arm-none.win32_1.17.0.201812190825/tools/compiler/bin/../lib/gcc/arm-none-eabi/7.3.1/../../../../arm-none-eabi/lib/thumb/v6-m\libc_nano.a(lib_a-locale.o)
                                  0x9 (size before relaxing)
 .rodata.str1.1
                0x08005864        0x2 c:/ac6/systemworkbench/plugins/fr.ac6.mcu.externaltools.arm-none.win32_1.17.0.201812190825/tools/compiler/bin/../lib/gcc/arm-none-eabi/7.3.1/../../../../arm-none-eabi/lib/thumb/v6-m\libc_nano.a(lib_a-locale.o)
 .rodata._svfprintf_r.str1.1
                0x08005866       0x11 c:/ac6/systemworkbench/plugins/fr.ac6.mcu.externaltools.arm-none.win32_1.17.0.201812190825/tools/compiler/bin/../lib/gcc/arm-none-eabi/7.3.1/../../../../arm-none-eabi/lib/thumb/v6-m\libc_nano.a(lib_a-nano-svfprintf.o)
 .rodata._printf_i.str1.1
                0x08005877       0x22 c:/ac6/systemworkbench/plugins/fr.ac6.mcu.externaltools.arm-none.win32_1.17.0.201812190825/tools/compiler/bin/../lib/gcc/arm-none-eabi/7.3.1/../../../../arm-none-eabi/lib/thumb/v6-m\libc_nano.a(lib_a-nano-vfprintf_i.o)
 .rodata._ctype_
                0x08005899      0x101 c:/ac6/systemworkbench/plugins/fr.ac6.mcu.externaltools.arm-none.win32_1.17.0.201812190825/tools/compiler/bin/../lib/gcc/arm-none-eabi/7.3.1/../../../../arm-none-eabi/lib/thumb/v6-m\libc_nano.a(lib_a-ctype_.o)
                0x08005899                _ctype_
                0x0800599c                . = ALIGN (0x4)
 *fill*         0x0800599a        0x2 

.ARM.extab      0x0800599c        0x0
                0x0800599c                . = ALIGN (0x4)
 *(.ARM.extab* .gnu.linkonce.armextab.*)
                0x0800599c                . = ALIGN (0x4)

.ARM            0x0800599c        0x8
                0x0800599c                . = ALIGN (0x4)
                0x0800599c                __exidx_start = .
 *(.ARM.exidx*)
 .ARM.exidx     0x0800599c        0x8 c:/ac6/systemworkbench/plugins/fr.ac6.mcu.externaltools.arm-none.win32_1.17.0.201812190825/tools/compiler/bin/../lib/gcc/arm-none-eabi/7.3.1/thumb/v6-m\libgcc.a(_udivmoddi4.o)
                0x080059a4                __exidx_end = .
                0x080059a4                . = ALIGN (0x4)

.rel.dyn        0x080059a4        0x0
 .rel.iplt      0x080059a4        0x0 c:/ac6/systemworkbench/plugins/fr.ac6.mcu.externaltools.arm-none.win32_1.17.0.201812190825/tools/compiler/bin/../lib/gcc/arm-none-eabi/7.3.1/thumb/v6-m/crtbegin.o

.preinit_array  0x080059a4        0x0
                0x080059a4                . = ALIGN (0x4)
                0x080059a4                PROVIDE (__preinit_array_start = .)
 *(.preinit_array*)
                0x080059a4                PROVIDE (__preinit_array_end = .)
                0x080059a4                . = ALIGN (0x4)

.init_array     0x080059a4        0x4
                0x080059a4                . = ALIGN (0x4)
                0x080059a4                PROVIDE (__init_array_start = .)
 *(SORT_BY_NAME(.init_array.*))
 *(.init_array*)
 .init_array    0x080059a4        0x4 c:/ac6/systemworkbench/plugins/fr.ac6.mcu.externaltools.arm-none.win32_1.17.0.201812190825/tools/compiler/bin/../lib/gcc/arm-none-eabi/7.3.1/thumb/v6-m/crtbegin.o
                0x080059a8                PROVIDE (__init_array_end = .)
                0x080059a8                . = ALIGN (0x4)

.fini_array     0x080059a8        0x4
                0x080059a8                . = ALIGN (0x4)
                [!provide]                PROVIDE (__fini_array_start = .)
 *(SORT_BY_NAME(.fini_array.*))
 *(.fini_array*)
 .fini_array    0x080059a8        0x4 c:/ac6/systemworkbench/plugins/fr.ac6.mcu.externaltools.arm-none.win32_1.17.0.201812190825/tools/compiler/bin/../lib/gcc/arm-none-eabi/7.3.1/thumb/v6-m/crtbegin.o
                [!provide]                PROVIDE (__fini_array_end = .)
                0x080059ac                . = ALIGN (0x4)
                0x080059ac                _sidata = LOADADDR (.data)

.data           0x20000000      0x5cc load address 0x080059ac
                0x20000000                . = ALIGN (0x4)
                0x20000000                _sdata = .
 *(.data)
 .data          0x20000000       0x30 Drivers/BSP/Components/stspin32f0.o
                0x20000000                STSPIN32F0MotorDriver
 .data          0x20000030       0x14 Drivers/CMSIS/system_stm32f0xx.o
                0x20000030                AHBPrescTable
                0x20000040                SystemCoreClock
 .data          0x20000044        0xb Middlewares/MC_6Step_Lib/6Step_Lib.o
                0x20000044                index_startup_motor
                0x20000046                shift_n_sqrt
                0x20000048                index_ARR_step
                0x2000004a                index_align
                0x2000004c                index_pot_filt
                0x2000004e                Enable_start_button
 *fill*         0x2000004f        0x1 
 .data          0x20000050      0x3a9 Middlewares/UART_serial_com/UART_UI.o
                0x20000054                rowMxBuffer
                0x20000080                rowSxBuffer
                0x200000a8                rowV1TBxBuffer
                0x200000c0                rowVTxBuffer
                0x200000d8                aRxBuffer
                0x200000e4                row0TxBuffer
                0x200000ec                row1TxBuffer
                0x20000104                row2TxBuffer
                0x2000011c                row4TxBuffer
                0x20000134                row5TxBuffer
                0x2000014c                row6TxBuffer
                0x20000164                row7aTxBuffer
                0x20000190                row7TxBuffer
                0x200001ac                row7bTxBuffer
                0x200001c8                row7cTxBuffer
                0x200001e0                row7dTxBuffer
                0x2000020c                row7eTxBuffer
                0x20000238                row71TxBuffer
                0x20000268                row71bTxBuffer
                0x20000284                row8TxBuffer
                0x200002b4                row9TxBuffer
                0x200002dc                row10TxBuffer
                0x200002fc                row11TxBuffer
                0x20000324                row14TxBuffer
                0x20000354                row15TxBuffer
                0x2000037c                row16TxBuffer
                0x200003a1                BUFF_RCV
                0x200003a4                rowVTBxBuffer
                0x200003c4                rowETxBuffer
                0x200003ec                rowLxBuffer
 *(.data*)
 *fill*         0x200003f9        0x3 
 .data._impure_ptr
                0x200003fc        0x4 c:/ac6/systemworkbench/plugins/fr.ac6.mcu.externaltools.arm-none.win32_1.17.0.201812190825/tools/compiler/bin/../lib/gcc/arm-none-eabi/7.3.1/../../../../arm-none-eabi/lib/thumb/v6-m\libc_nano.a(lib_a-impure.o)
                0x200003fc                _impure_ptr
 .data.impure_data
                0x20000400       0x60 c:/ac6/systemworkbench/plugins/fr.ac6.mcu.externaltools.arm-none.win32_1.17.0.201812190825/tools/compiler/bin/../lib/gcc/arm-none-eabi/7.3.1/../../../../arm-none-eabi/lib/thumb/v6-m\libc_nano.a(lib_a-impure.o)
 .data.__global_locale
                0x20000460      0x16c c:/ac6/systemworkbench/plugins/fr.ac6.mcu.externaltools.arm-none.win32_1.17.0.201812190825/tools/compiler/bin/../lib/gcc/arm-none-eabi/7.3.1/../../../../arm-none-eabi/lib/thumb/v6-m\libc_nano.a(lib_a-locale.o)
                0x20000460                __global_locale
                0x200005cc                . = ALIGN (0x4)
                0x200005cc                _edata = .

.igot.plt       0x200005cc        0x0 load address 0x08005f78
 .igot.plt      0x200005cc        0x0 c:/ac6/systemworkbench/plugins/fr.ac6.mcu.externaltools.arm-none.win32_1.17.0.201812190825/tools/compiler/bin/../lib/gcc/arm-none-eabi/7.3.1/thumb/v6-m/crtbegin.o
                0x200005cc                . = ALIGN (0x4)

.bss            0x200005d0      0x448 load address 0x08005f78
                0x200005d0                _sbss = .
                0x200005d0                __bss_start__ = _sbss
 *(.bss)
 .bss           0x200005d0       0x1c c:/ac6/systemworkbench/plugins/fr.ac6.mcu.externaltools.arm-none.win32_1.17.0.201812190825/tools/compiler/bin/../lib/gcc/arm-none-eabi/7.3.1/thumb/v6-m/crtbegin.o
 *fill*         0x200005ec        0x4 
 .bss           0x200005f0       0x62 Middlewares/MC_6Step_Lib/6Step_Lib.o
                0x200005f4                mech_accel_hz
                0x200005f8                constant_multiplier_tmp
                0x20000600                constant_k
                0x20000604                Time_vector_prev_tmp
                0x20000608                Time_vector_tmp
                0x2000060c                delta
                0x20000610                T_single_step_first_value
                0x20000614                T_single_step
                0x20000618                ARR_LF
                0x2000061c                lf_timer_failure
                0x20000620                n_zcr_startup
                0x20000624                Mech_Speed_RPM
                0x20000628                speed_fdbk_error
                0x20000630                El_Speed_Hz
                0x20000634                index_adc_chn
                0x20000636                index_array
                0x20000638                cnt_bemf_event
                0x2000063a                startup_bemf_failure
                0x2000063c                speed_sum_sp_filt
                0x20000640                speed_sum_pot_filt
                0x20000644                potent_filtered
                0x20000648                Tick_cnt
                0x2000064c                counter_ARR_Bemf
                0x20000650                array_completed
                0x20000651                UART_FLAG_RECEIVE
 *fill*         0x20000652        0x2 
 .bss           0x20000654       0x2e Middlewares/UART_serial_com/UART_UI.o
 *fill*         0x20000682        0x2 
 .bss           0x20000684       0x70 User/stspin32f0_hal_msp.o
 *(.bss*)
 .bss.__malloc_free_list
                0x200006f4        0x4 c:/ac6/systemworkbench/plugins/fr.ac6.mcu.externaltools.arm-none.win32_1.17.0.201812190825/tools/compiler/bin/../lib/gcc/arm-none-eabi/7.3.1/../../../../arm-none-eabi/lib/thumb/v6-m\libc_nano.a(lib_a-nano-mallocr.o)
                0x200006f4                __malloc_free_list
 .bss.__malloc_sbrk_start
                0x200006f8        0x4 c:/ac6/systemworkbench/plugins/fr.ac6.mcu.externaltools.arm-none.win32_1.17.0.201812190825/tools/compiler/bin/../lib/gcc/arm-none-eabi/7.3.1/../../../../arm-none-eabi/lib/thumb/v6-m\libc_nano.a(lib_a-nano-mallocr.o)
                0x200006f8                __malloc_sbrk_start
 .bss.heap_end.4102
                0x200006fc        0x4 c:/ac6/systemworkbench/plugins/fr.ac6.mcu.externaltools.arm-none.win32_1.17.0.201812190825/tools/compiler/bin/../lib/gcc/arm-none-eabi/7.3.1/../../../../arm-none-eabi/lib/thumb/v6-m\libnosys.a(sbrk.o)
 *(COMMON)
 COMMON         0x20000700      0x16c Drivers/BSP/Components/stspin32f0.o
                0x20000700                ADCx
                0x20000748                huart
                0x200007b8                LF_TIMx
                0x200007f4                REFx
                0x20000830                HF_TIMx
 COMMON         0x2000086c      0x13c Middlewares/MC_6Step_Lib/6Step_Lib.o
                0x2000086c                speed_tmp_array
                0x200008ec                Rotor_poles_pairs
                0x200008f0                PI_parameters
                0x20000900                SIXSTEP_parameters
                0x2000098c                sConfig
 COMMON         0x200009a8       0x6a Middlewares/UART_serial_com/UART_UI.o
                0x200009a8                txDmaHandle
                0x200009e0                aTxBuffer
 *fill*         0x20000a12        0x2 
 COMMON         0x20000a14        0x4 c:/ac6/systemworkbench/plugins/fr.ac6.mcu.externaltools.arm-none.win32_1.17.0.201812190825/tools/compiler/bin/../lib/gcc/arm-none-eabi/7.3.1/../../../../arm-none-eabi/lib/thumb/v6-m\libc_nano.a(lib_a-reent.o)
                0x20000a14                errno
                0x20000a18                . = ALIGN (0x4)
                0x20000a18                _ebss = .
                0x20000a18                __bss_end__ = _ebss

._user_heap_stack
                0x20000a18      0x400 load address 0x08005f78
                0x20000a18                . = ALIGN (0x8)
                0x20000a18                PROVIDE (end = .)
                [!provide]                PROVIDE (_end = .)
                0x20000a18                . = (. + _Min_Heap_Size)
                0x20000e18                . = (. + _Min_Stack_Size)
 *fill*         0x20000a18      0x400 
                0x20000e18                . = ALIGN (0x8)

/DISCARD/
 libc.a(*)
 libm.a(*)
 libgcc.a(*)

.ARM.attributes
                0x00000000       0x28
 *(.ARM.attributes)
 .ARM.attributes
                0x00000000       0x1e c:/ac6/systemworkbench/plugins/fr.ac6.mcu.externaltools.arm-none.win32_1.17.0.201812190825/tools/compiler/bin/../lib/gcc/arm-none-eabi/7.3.1/thumb/v6-m/crti.o
 .ARM.attributes
                0x0000001e       0x2c c:/ac6/systemworkbench/plugins/fr.ac6.mcu.externaltools.arm-none.win32_1.17.0.201812190825/tools/compiler/bin/../lib/gcc/arm-none-eabi/7.3.1/thumb/v6-m/crtbegin.o
 .ARM.attributes
                0x0000004a       0x31 Drivers/BSP/Components/stspin32f0.o
 .ARM.attributes
                0x0000007b       0x31 Drivers/BSP/STEVAL-SPIN3202/STEVAL-SPIN3202.o
 .ARM.attributes
                0x000000ac       0x31 Drivers/CMSIS/system_stm32f0xx.o
 .ARM.attributes
                0x000000dd       0x31 Drivers/STM32F0xx_HAL_Driver/stm32f0xx_hal.o
 .ARM.attributes
                0x0000010e       0x31 Drivers/STM32F0xx_HAL_Driver/stm32f0xx_hal_adc.o
 .ARM.attributes
                0x0000013f       0x31 Drivers/STM32F0xx_HAL_Driver/stm32f0xx_hal_cortex.o
 .ARM.attributes
                0x00000170       0x31 Drivers/STM32F0xx_HAL_Driver/stm32f0xx_hal_dma.o
 .ARM.attributes
                0x000001a1       0x31 Drivers/STM32F0xx_HAL_Driver/stm32f0xx_hal_gpio.o
 .ARM.attributes
                0x000001d2       0x31 Drivers/STM32F0xx_HAL_Driver/stm32f0xx_hal_rcc.o
 .ARM.attributes
                0x00000203       0x31 Drivers/STM32F0xx_HAL_Driver/stm32f0xx_hal_rcc_ex.o
 .ARM.attributes
                0x00000234       0x31 Drivers/STM32F0xx_HAL_Driver/stm32f0xx_hal_tim.o
 .ARM.attributes
                0x00000265       0x31 Drivers/STM32F0xx_HAL_Driver/stm32f0xx_hal_tim_ex.o
 .ARM.attributes
                0x00000296       0x31 Drivers/STM32F0xx_HAL_Driver/stm32f0xx_hal_uart.o
 .ARM.attributes
                0x000002c7       0x31 Middlewares/MC_6Step_Lib/6Step_Lib.o
 .ARM.attributes
                0x000002f8       0x31 Middlewares/UART_serial_com/UART_UI.o
 .ARM.attributes
                0x00000329       0x31 User/main_32F0.o
 .ARM.attributes
                0x0000035a       0x31 User/stspin32f0_hal_msp.o
 .ARM.attributes
                0x0000038b       0x31 User/stspin32f0_it.o
 .ARM.attributes
                0x000003bc       0x21 startup/startup_stm32f031x6.o
 .ARM.attributes
                0x000003dd       0x1e c:/ac6/systemworkbench/plugins/fr.ac6.mcu.externaltools.arm-none.win32_1.17.0.201812190825/tools/compiler/bin/../lib/gcc/arm-none-eabi/7.3.1/thumb/v6-m\libgcc.a(_udivsi3.o)
 .ARM.attributes
                0x000003fb       0x1e c:/ac6/systemworkbench/plugins/fr.ac6.mcu.externaltools.arm-none.win32_1.17.0.201812190825/tools/compiler/bin/../lib/gcc/arm-none-eabi/7.3.1/thumb/v6-m\libgcc.a(_divsi3.o)
 .ARM.attributes
                0x00000419       0x1e c:/ac6/systemworkbench/plugins/fr.ac6.mcu.externaltools.arm-none.win32_1.17.0.201812190825/tools/compiler/bin/../lib/gcc/arm-none-eabi/7.3.1/thumb/v6-m\libgcc.a(_dvmd_tls.o)
 .ARM.attributes
                0x00000437       0x1e c:/ac6/systemworkbench/plugins/fr.ac6.mcu.externaltools.arm-none.win32_1.17.0.201812190825/tools/compiler/bin/../lib/gcc/arm-none-eabi/7.3.1/thumb/v6-m\libgcc.a(_aeabi_uldivmod.o)
 .ARM.attributes
                0x00000455       0x2c c:/ac6/systemworkbench/plugins/fr.ac6.mcu.externaltools.arm-none.win32_1.17.0.201812190825/tools/compiler/bin/../lib/gcc/arm-none-eabi/7.3.1/thumb/v6-m\libgcc.a(_muldi3.o)
 .ARM.attributes
                0x00000481       0x2c c:/ac6/systemworkbench/plugins/fr.ac6.mcu.externaltools.arm-none.win32_1.17.0.201812190825/tools/compiler/bin/../lib/gcc/arm-none-eabi/7.3.1/thumb/v6-m\libgcc.a(_udivmoddi4.o)
 .ARM.attributes
                0x000004ad       0x1e c:/ac6/systemworkbench/plugins/fr.ac6.mcu.externaltools.arm-none.win32_1.17.0.201812190825/tools/compiler/bin/../lib/gcc/arm-none-eabi/7.3.1/thumb/v6-m\libgcc.a(_clzdi2.o)
 .ARM.attributes
                0x000004cb       0x1e c:/ac6/systemworkbench/plugins/fr.ac6.mcu.externaltools.arm-none.win32_1.17.0.201812190825/tools/compiler/bin/../lib/gcc/arm-none-eabi/7.3.1/thumb/v6-m\libgcc.a(_clzsi2.o)
 .ARM.attributes
                0x000004e9       0x2c c:/ac6/systemworkbench/plugins/fr.ac6.mcu.externaltools.arm-none.win32_1.17.0.201812190825/tools/compiler/bin/../lib/gcc/arm-none-eabi/7.3.1/../../../../arm-none-eabi/lib/thumb/v6-m\libc_nano.a(lib_a-atoi.o)
 .ARM.attributes
                0x00000515       0x2c c:/ac6/systemworkbench/plugins/fr.ac6.mcu.externaltools.arm-none.win32_1.17.0.201812190825/tools/compiler/bin/../lib/gcc/arm-none-eabi/7.3.1/../../../../arm-none-eabi/lib/thumb/v6-m\libc_nano.a(lib_a-impure.o)
 .ARM.attributes
                0x00000541       0x2c c:/ac6/systemworkbench/plugins/fr.ac6.mcu.externaltools.arm-none.win32_1.17.0.201812190825/tools/compiler/bin/../lib/gcc/arm-none-eabi/7.3.1/../../../../arm-none-eabi/lib/thumb/v6-m\libc_nano.a(lib_a-init.o)
 .ARM.attributes
                0x0000056d       0x2c c:/ac6/systemworkbench/plugins/fr.ac6.mcu.externaltools.arm-none.win32_1.17.0.201812190825/tools/compiler/bin/../lib/gcc/arm-none-eabi/7.3.1/../../../../arm-none-eabi/lib/thumb/v6-m\libc_nano.a(lib_a-memcpy-stub.o)
 .ARM.attributes
                0x00000599       0x2c c:/ac6/systemworkbench/plugins/fr.ac6.mcu.externaltools.arm-none.win32_1.17.0.201812190825/tools/compiler/bin/../lib/gcc/arm-none-eabi/7.3.1/../../../../arm-none-eabi/lib/thumb/v6-m\libc_nano.a(lib_a-memset.o)
 .ARM.attributes
                0x000005c5       0x2c c:/ac6/systemworkbench/plugins/fr.ac6.mcu.externaltools.arm-none.win32_1.17.0.201812190825/tools/compiler/bin/../lib/gcc/arm-none-eabi/7.3.1/../../../../arm-none-eabi/lib/thumb/v6-m\libc_nano.a(lib_a-sprintf.o)
 .ARM.attributes
                0x000005f1       0x1c c:/ac6/systemworkbench/plugins/fr.ac6.mcu.externaltools.arm-none.win32_1.17.0.201812190825/tools/compiler/bin/../lib/gcc/arm-none-eabi/7.3.1/../../../../arm-none-eabi/lib/thumb/v6-m\libc_nano.a(lib_a-strcmp.o)
 .ARM.attributes
                0x0000060d       0x2c c:/ac6/systemworkbench/plugins/fr.ac6.mcu.externaltools.arm-none.win32_1.17.0.201812190825/tools/compiler/bin/../lib/gcc/arm-none-eabi/7.3.1/../../../../arm-none-eabi/lib/thumb/v6-m\libc_nano.a(lib_a-strcpy.o)
 .ARM.attributes
                0x00000639       0x2c c:/ac6/systemworkbench/plugins/fr.ac6.mcu.externaltools.arm-none.win32_1.17.0.201812190825/tools/compiler/bin/../lib/gcc/arm-none-eabi/7.3.1/../../../../arm-none-eabi/lib/thumb/v6-m\libc_nano.a(lib_a-strncmp.o)
 .ARM.attributes
                0x00000665       0x2c c:/ac6/systemworkbench/plugins/fr.ac6.mcu.externaltools.arm-none.win32_1.17.0.201812190825/tools/compiler/bin/../lib/gcc/arm-none-eabi/7.3.1/../../../../arm-none-eabi/lib/thumb/v6-m\libc_nano.a(lib_a-strtok.o)
 .ARM.attributes
                0x00000691       0x2c c:/ac6/systemworkbench/plugins/fr.ac6.mcu.externaltools.arm-none.win32_1.17.0.201812190825/tools/compiler/bin/../lib/gcc/arm-none-eabi/7.3.1/../../../../arm-none-eabi/lib/thumb/v6-m\libc_nano.a(lib_a-strtok_r.o)
 .ARM.attributes
                0x000006bd       0x2c c:/ac6/systemworkbench/plugins/fr.ac6.mcu.externaltools.arm-none.win32_1.17.0.201812190825/tools/compiler/bin/../lib/gcc/arm-none-eabi/7.3.1/../../../../arm-none-eabi/lib/thumb/v6-m\libc_nano.a(lib_a-strtol.o)
 .ARM.attributes
                0x000006e9       0x2c c:/ac6/systemworkbench/plugins/fr.ac6.mcu.externaltools.arm-none.win32_1.17.0.201812190825/tools/compiler/bin/../lib/gcc/arm-none-eabi/7.3.1/../../../../arm-none-eabi/lib/thumb/v6-m\libc_nano.a(lib_a-locale.o)
 .ARM.attributes
                0x00000715       0x2c c:/ac6/systemworkbench/plugins/fr.ac6.mcu.externaltools.arm-none.win32_1.17.0.201812190825/tools/compiler/bin/../lib/gcc/arm-none-eabi/7.3.1/../../../../arm-none-eabi/lib/thumb/v6-m\libc_nano.a(lib_a-malloc.o)
 .ARM.attributes
                0x00000741       0x2c c:/ac6/systemworkbench/plugins/fr.ac6.mcu.externaltools.arm-none.win32_1.17.0.201812190825/tools/compiler/bin/../lib/gcc/arm-none-eabi/7.3.1/../../../../arm-none-eabi/lib/thumb/v6-m\libc_nano.a(lib_a-mbtowc_r.o)
 .ARM.attributes
                0x0000076d       0x2c c:/ac6/systemworkbench/plugins/fr.ac6.mcu.externaltools.arm-none.win32_1.17.0.201812190825/tools/compiler/bin/../lib/gcc/arm-none-eabi/7.3.1/../../../../arm-none-eabi/lib/thumb/v6-m\libc_nano.a(lib_a-nano-freer.o)
 .ARM.attributes
                0x00000799       0x2c c:/ac6/systemworkbench/plugins/fr.ac6.mcu.externaltools.arm-none.win32_1.17.0.201812190825/tools/compiler/bin/../lib/gcc/arm-none-eabi/7.3.1/../../../../arm-none-eabi/lib/thumb/v6-m\libc_nano.a(lib_a-nano-mallocr.o)
 .ARM.attributes
                0x000007c5       0x2c c:/ac6/systemworkbench/plugins/fr.ac6.mcu.externaltools.arm-none.win32_1.17.0.201812190825/tools/compiler/bin/../lib/gcc/arm-none-eabi/7.3.1/../../../../arm-none-eabi/lib/thumb/v6-m\libc_nano.a(lib_a-nano-svfprintf.o)
 .ARM.attributes
                0x000007f1       0x2c c:/ac6/systemworkbench/plugins/fr.ac6.mcu.externaltools.arm-none.win32_1.17.0.201812190825/tools/compiler/bin/../lib/gcc/arm-none-eabi/7.3.1/../../../../arm-none-eabi/lib/thumb/v6-m\libc_nano.a(lib_a-nano-vfprintf_i.o)
 .ARM.attributes
                0x0000081d       0x2c c:/ac6/systemworkbench/plugins/fr.ac6.mcu.externaltools.arm-none.win32_1.17.0.201812190825/tools/compiler/bin/../lib/gcc/arm-none-eabi/7.3.1/../../../../arm-none-eabi/lib/thumb/v6-m\libc_nano.a(lib_a-sbrkr.o)
 .ARM.attributes
                0x00000849       0x2c c:/ac6/systemworkbench/plugins/fr.ac6.mcu.externaltools.arm-none.win32_1.17.0.201812190825/tools/compiler/bin/../lib/gcc/arm-none-eabi/7.3.1/../../../../arm-none-eabi/lib/thumb/v6-m\libc_nano.a(lib_a-wctomb_r.o)
 .ARM.attributes
                0x00000875       0x2c c:/ac6/systemworkbench/plugins/fr.ac6.mcu.externaltools.arm-none.win32_1.17.0.201812190825/tools/compiler/bin/../lib/gcc/arm-none-eabi/7.3.1/../../../../arm-none-eabi/lib/thumb/v6-m\libc_nano.a(lib_a-ctype_.o)
 .ARM.attributes
                0x000008a1       0x2c c:/ac6/systemworkbench/plugins/fr.ac6.mcu.externaltools.arm-none.win32_1.17.0.201812190825/tools/compiler/bin/../lib/gcc/arm-none-eabi/7.3.1/../../../../arm-none-eabi/lib/thumb/v6-m\libc_nano.a(lib_a-memchr-stub.o)
 .ARM.attributes
                0x000008cd       0x2c c:/ac6/systemworkbench/plugins/fr.ac6.mcu.externaltools.arm-none.win32_1.17.0.201812190825/tools/compiler/bin/../lib/gcc/arm-none-eabi/7.3.1/../../../../arm-none-eabi/lib/thumb/v6-m\libc_nano.a(lib_a-memmove.o)
 .ARM.attributes
                0x000008f9       0x2c c:/ac6/systemworkbench/plugins/fr.ac6.mcu.externaltools.arm-none.win32_1.17.0.201812190825/tools/compiler/bin/../lib/gcc/arm-none-eabi/7.3.1/../../../../arm-none-eabi/lib/thumb/v6-m\libc_nano.a(lib_a-mlock.o)
 .ARM.attributes
                0x00000925       0x2c c:/ac6/systemworkbench/plugins/fr.ac6.mcu.externaltools.arm-none.win32_1.17.0.201812190825/tools/compiler/bin/../lib/gcc/arm-none-eabi/7.3.1/../../../../arm-none-eabi/lib/thumb/v6-m\libc_nano.a(lib_a-nano-reallocr.o)
 .ARM.attributes
                0x00000951       0x2c c:/ac6/systemworkbench/plugins/fr.ac6.mcu.externaltools.arm-none.win32_1.17.0.201812190825/tools/compiler/bin/../lib/gcc/arm-none-eabi/7.3.1/../../../../arm-none-eabi/lib/thumb/v6-m\libc_nano.a(lib_a-reent.o)
 .ARM.attributes
                0x0000097d       0x2c c:/ac6/systemworkbench/plugins/fr.ac6.mcu.externaltools.arm-none.win32_1.17.0.201812190825/tools/compiler/bin/../lib/gcc/arm-none-eabi/7.3.1/../../../../arm-none-eabi/lib/thumb/v6-m\libc_nano.a(lib_a-nano-msizer.o)
 .ARM.attributes
                0x000009a9       0x2c c:/ac6/systemworkbench/plugins/fr.ac6.mcu.externaltools.arm-none.win32_1.17.0.201812190825/tools/compiler/bin/../lib/gcc/arm-none-eabi/7.3.1/../../../../arm-none-eabi/lib/thumb/v6-m\libnosys.a(sbrk.o)
 .ARM.attributes
                0x000009d5       0x1e c:/ac6/systemworkbench/plugins/fr.ac6.mcu.externaltools.arm-none.win32_1.17.0.201812190825/tools/compiler/bin/../lib/gcc/arm-none-eabi/7.3.1/thumb/v6-m/crtn.o
OUTPUT(STSPIN32F0_Uart.elf elf32-littlearm)

.debug_info     0x00000000    0x15f49
 .debug_info    0x00000000     0x1179 Drivers/BSP/Components/stspin32f0.o
 .debug_info    0x00001179      0xe8f Drivers/BSP/STEVAL-SPIN3202/STEVAL-SPIN3202.o
 .debug_info    0x00002008      0x221 Drivers/CMSIS/system_stm32f0xx.o
 .debug_info    0x00002229      0x570 Drivers/STM32F0xx_HAL_Driver/stm32f0xx_hal.o
 .debug_info    0x00002799     0x10b1 Drivers/STM32F0xx_HAL_Driver/stm32f0xx_hal_adc.o
 .debug_info    0x0000384a      0x748 Drivers/STM32F0xx_HAL_Driver/stm32f0xx_hal_cortex.o
 .debug_info    0x00003f92      0x618 Drivers/STM32F0xx_HAL_Driver/stm32f0xx_hal_dma.o
 .debug_info    0x000045aa      0x5c7 Drivers/STM32F0xx_HAL_Driver/stm32f0xx_hal_gpio.o
 .debug_info    0x00004b71      0x695 Drivers/STM32F0xx_HAL_Driver/stm32f0xx_hal_rcc.o
 .debug_info    0x00005206      0x729 Drivers/STM32F0xx_HAL_Driver/stm32f0xx_hal_rcc_ex.o
 .debug_info    0x0000592f     0x3996 Drivers/STM32F0xx_HAL_Driver/stm32f0xx_hal_tim.o
 .debug_info    0x000092c5     0x1241 Drivers/STM32F0xx_HAL_Driver/stm32f0xx_hal_tim_ex.o
 .debug_info    0x0000a506     0x18b6 Drivers/STM32F0xx_HAL_Driver/stm32f0xx_hal_uart.o
 .debug_info    0x0000bdbc     0x25be Middlewares/MC_6Step_Lib/6Step_Lib.o
 .debug_info    0x0000e37a     0x268e Middlewares/UART_serial_com/UART_UI.o
 .debug_info    0x00010a08     0x1e28 User/main_32F0.o
 .debug_info    0x00012830     0x1f0e User/stspin32f0_hal_msp.o
 .debug_info    0x0001473e     0x17e9 User/stspin32f0_it.o
 .debug_info    0x00015f27       0x22 startup/startup_stm32f031x6.o

.debug_abbrev   0x00000000     0x2e73
 .debug_abbrev  0x00000000      0x269 Drivers/BSP/Components/stspin32f0.o
 .debug_abbrev  0x00000269      0x1d9 Drivers/BSP/STEVAL-SPIN3202/STEVAL-SPIN3202.o
 .debug_abbrev  0x00000442      0x111 Drivers/CMSIS/system_stm32f0xx.o
 .debug_abbrev  0x00000553      0x220 Drivers/STM32F0xx_HAL_Driver/stm32f0xx_hal.o
 .debug_abbrev  0x00000773      0x2b5 Drivers/STM32F0xx_HAL_Driver/stm32f0xx_hal_adc.o
 .debug_abbrev  0x00000a28      0x24f Drivers/STM32F0xx_HAL_Driver/stm32f0xx_hal_cortex.o
 .debug_abbrev  0x00000c77      0x1de Drivers/STM32F0xx_HAL_Driver/stm32f0xx_hal_dma.o
 .debug_abbrev  0x00000e55      0x1c6 Drivers/STM32F0xx_HAL_Driver/stm32f0xx_hal_gpio.o
 .debug_abbrev  0x0000101b      0x216 Drivers/STM32F0xx_HAL_Driver/stm32f0xx_hal_rcc.o
 .debug_abbrev  0x00001231      0x1f9 Drivers/STM32F0xx_HAL_Driver/stm32f0xx_hal_rcc_ex.o
 .debug_abbrev  0x0000142a      0x343 Drivers/STM32F0xx_HAL_Driver/stm32f0xx_hal_tim.o
 .debug_abbrev  0x0000176d      0x2e8 Drivers/STM32F0xx_HAL_Driver/stm32f0xx_hal_tim_ex.o
 .debug_abbrev  0x00001a55      0x2e6 Drivers/STM32F0xx_HAL_Driver/stm32f0xx_hal_uart.o
 .debug_abbrev  0x00001d3b      0x4ce Middlewares/MC_6Step_Lib/6Step_Lib.o
 .debug_abbrev  0x00002209      0x3dc Middlewares/UART_serial_com/UART_UI.o
 .debug_abbrev  0x000025e5      0x307 User/main_32F0.o
 .debug_abbrev  0x000028ec      0x2c8 User/stspin32f0_hal_msp.o
 .debug_abbrev  0x00002bb4      0x2ad User/stspin32f0_it.o
 .debug_abbrev  0x00002e61       0x12 startup/startup_stm32f031x6.o

.debug_loc      0x00000000     0xab4a
 .debug_loc     0x00000000      0x11c Drivers/BSP/Components/stspin32f0.o
 .debug_loc     0x0000011c      0x129 Drivers/BSP/STEVAL-SPIN3202/STEVAL-SPIN3202.o
 .debug_loc     0x00000245      0x116 Drivers/CMSIS/system_stm32f0xx.o
 .debug_loc     0x0000035b       0x6a Drivers/STM32F0xx_HAL_Driver/stm32f0xx_hal.o
 .debug_loc     0x000003c5      0xeb6 Drivers/STM32F0xx_HAL_Driver/stm32f0xx_hal_adc.o
 .debug_loc     0x0000127b      0x357 Drivers/STM32F0xx_HAL_Driver/stm32f0xx_hal_cortex.o
 .debug_loc     0x000015d2      0x5ec Drivers/STM32F0xx_HAL_Driver/stm32f0xx_hal_dma.o
 .debug_loc     0x00001bbe      0x477 Drivers/STM32F0xx_HAL_Driver/stm32f0xx_hal_gpio.o
 .debug_loc     0x00002035       0xbb Drivers/STM32F0xx_HAL_Driver/stm32f0xx_hal_rcc.o
 .debug_loc     0x000020f0      0x571 Drivers/STM32F0xx_HAL_Driver/stm32f0xx_hal_rcc_ex.o
 .debug_loc     0x00002661     0x541d Drivers/STM32F0xx_HAL_Driver/stm32f0xx_hal_tim.o
 .debug_loc     0x00007a7e      0xd27 Drivers/STM32F0xx_HAL_Driver/stm32f0xx_hal_tim_ex.o
 .debug_loc     0x000087a5     0x188a Drivers/STM32F0xx_HAL_Driver/stm32f0xx_hal_uart.o
 .debug_loc     0x0000a02f      0x86c Middlewares/MC_6Step_Lib/6Step_Lib.o
 .debug_loc     0x0000a89b       0x63 Middlewares/UART_serial_com/UART_UI.o
 .debug_loc     0x0000a8fe      0x24c User/stspin32f0_hal_msp.o

.debug_aranges  0x00000000      0xb80
 .debug_aranges
                0x00000000       0x78 Drivers/BSP/Components/stspin32f0.o
 .debug_aranges
                0x00000078       0x78 Drivers/BSP/STEVAL-SPIN3202/STEVAL-SPIN3202.o
 .debug_aranges
                0x000000f0       0x28 Drivers/CMSIS/system_stm32f0xx.o
 .debug_aranges
                0x00000118       0x98 Drivers/STM32F0xx_HAL_Driver/stm32f0xx_hal.o
 .debug_aranges
                0x000001b0       0xb8 Drivers/STM32F0xx_HAL_Driver/stm32f0xx_hal_adc.o
 .debug_aranges
                0x00000268       0x78 Drivers/STM32F0xx_HAL_Driver/stm32f0xx_hal_cortex.o
 .debug_aranges
                0x000002e0       0x60 Drivers/STM32F0xx_HAL_Driver/stm32f0xx_hal_dma.o
 .debug_aranges
                0x00000340       0x58 Drivers/STM32F0xx_HAL_Driver/stm32f0xx_hal_gpio.o
 .debug_aranges
                0x00000398       0x80 Drivers/STM32F0xx_HAL_Driver/stm32f0xx_hal_rcc.o
 .debug_aranges
                0x00000418       0x40 Drivers/STM32F0xx_HAL_Driver/stm32f0xx_hal_rcc_ex.o
 .debug_aranges
                0x00000458      0x230 Drivers/STM32F0xx_HAL_Driver/stm32f0xx_hal_tim.o
 .debug_aranges
                0x00000688       0xe8 Drivers/STM32F0xx_HAL_Driver/stm32f0xx_hal_tim_ex.o
 .debug_aranges
                0x00000770      0x118 Drivers/STM32F0xx_HAL_Driver/stm32f0xx_hal_uart.o
 .debug_aranges
                0x00000888       0xe8 Middlewares/MC_6Step_Lib/6Step_Lib.o
 .debug_aranges
                0x00000970       0xe8 Middlewares/UART_serial_com/UART_UI.o
 .debug_aranges
                0x00000a58       0x28 User/main_32F0.o
 .debug_aranges
                0x00000a80       0x80 User/stspin32f0_hal_msp.o
 .debug_aranges
                0x00000b00       0x58 User/stspin32f0_it.o
 .debug_aranges
                0x00000b58       0x28 startup/startup_stm32f031x6.o

.debug_ranges   0x00000000     0x1b60
 .debug_ranges  0x00000000       0x68 Drivers/BSP/Components/stspin32f0.o
 .debug_ranges  0x00000068       0x68 Drivers/BSP/STEVAL-SPIN3202/STEVAL-SPIN3202.o
 .debug_ranges  0x000000d0       0x18 Drivers/CMSIS/system_stm32f0xx.o
 .debug_ranges  0x000000e8       0x88 Drivers/STM32F0xx_HAL_Driver/stm32f0xx_hal.o
 .debug_ranges  0x00000170      0x260 Drivers/STM32F0xx_HAL_Driver/stm32f0xx_hal_adc.o
 .debug_ranges  0x000003d0       0xe8 Drivers/STM32F0xx_HAL_Driver/stm32f0xx_hal_cortex.o
 .debug_ranges  0x000004b8       0x80 Drivers/STM32F0xx_HAL_Driver/stm32f0xx_hal_dma.o
 .debug_ranges  0x00000538       0x48 Drivers/STM32F0xx_HAL_Driver/stm32f0xx_hal_gpio.o
 .debug_ranges  0x00000580       0x88 Drivers/STM32F0xx_HAL_Driver/stm32f0xx_hal_rcc.o
 .debug_ranges  0x00000608       0x30 Drivers/STM32F0xx_HAL_Driver/stm32f0xx_hal_rcc_ex.o
 .debug_ranges  0x00000638      0x848 Drivers/STM32F0xx_HAL_Driver/stm32f0xx_hal_tim.o
 .debug_ranges  0x00000e80      0x180 Drivers/STM32F0xx_HAL_Driver/stm32f0xx_hal_tim_ex.o
 .debug_ranges  0x00001000      0x3e0 Drivers/STM32F0xx_HAL_Driver/stm32f0xx_hal_uart.o
 .debug_ranges  0x000013e0      0x3f8 Middlewares/MC_6Step_Lib/6Step_Lib.o
 .debug_ranges  0x000017d8      0x298 Middlewares/UART_serial_com/UART_UI.o
 .debug_ranges  0x00001a70       0x18 User/main_32F0.o
 .debug_ranges  0x00001a88       0x70 User/stspin32f0_hal_msp.o
 .debug_ranges  0x00001af8       0x48 User/stspin32f0_it.o
 .debug_ranges  0x00001b40       0x20 startup/startup_stm32f031x6.o

.debug_macro    0x00000000     0xa76a
 .debug_macro   0x00000000      0x1c8 Drivers/BSP/Components/stspin32f0.o
 .debug_macro   0x000001c8      0xac0 Drivers/BSP/Components/stspin32f0.o
 .debug_macro   0x00000c88       0x22 Drivers/BSP/Components/stspin32f0.o
 .debug_macro   0x00000caa       0x8e Drivers/BSP/Components/stspin32f0.o
 .debug_macro   0x00000d38       0x51 Drivers/BSP/Components/stspin32f0.o
 .debug_macro   0x00000d89       0xef Drivers/BSP/Components/stspin32f0.o
 .debug_macro   0x00000e78       0x6a Drivers/BSP/Components/stspin32f0.o
 .debug_macro   0x00000ee2      0x1df Drivers/BSP/Components/stspin32f0.o
 .debug_macro   0x000010c1       0xa9 Drivers/BSP/Components/stspin32f0.o
 .debug_macro   0x0000116a       0x28 Drivers/BSP/Components/stspin32f0.o
 .debug_macro   0x00001192       0x22 Drivers/BSP/Components/stspin32f0.o
 .debug_macro   0x000011b4       0x3a Drivers/BSP/Components/stspin32f0.o
 .debug_macro   0x000011ee       0x1f Drivers/BSP/Components/stspin32f0.o
 .debug_macro   0x0000120d      0x242 Drivers/BSP/Components/stspin32f0.o
 .debug_macro   0x0000144f     0x3484 Drivers/BSP/Components/stspin32f0.o
 .debug_macro   0x000048d3       0x3c Drivers/BSP/Components/stspin32f0.o
 .debug_macro   0x0000490f       0x5d Drivers/BSP/Components/stspin32f0.o
 .debug_macro   0x0000496c      0x838 Drivers/BSP/Components/stspin32f0.o
 .debug_macro   0x000051a4       0xc7 Drivers/BSP/Components/stspin32f0.o
 .debug_macro   0x0000526b      0x13b Drivers/BSP/Components/stspin32f0.o
 .debug_macro   0x000053a6       0xce Drivers/BSP/Components/stspin32f0.o
 .debug_macro   0x00005474      0x1df Drivers/BSP/Components/stspin32f0.o
 .debug_macro   0x00005653       0x2d Drivers/BSP/Components/stspin32f0.o
 .debug_macro   0x00005680       0x28 Drivers/BSP/Components/stspin32f0.o
 .debug_macro   0x000056a8      0x39f Drivers/BSP/Components/stspin32f0.o
 .debug_macro   0x00005a47       0x7a Drivers/BSP/Components/stspin32f0.o
 .debug_macro   0x00005ac1       0x5a Drivers/BSP/Components/stspin32f0.o
 .debug_macro   0x00005b1b       0x12 Drivers/BSP/Components/stspin32f0.o
 .debug_macro   0x00005b2d      0x1a0 Drivers/BSP/Components/stspin32f0.o
 .debug_macro   0x00005ccd       0x69 Drivers/BSP/Components/stspin32f0.o
 .debug_macro   0x00005d36       0x4d Drivers/BSP/Components/stspin32f0.o
 .debug_macro   0x00005d83       0xfc Drivers/BSP/Components/stspin32f0.o
 .debug_macro   0x00005e7f      0x83e Drivers/BSP/Components/stspin32f0.o
 .debug_macro   0x000066bd       0x31 Drivers/BSP/Components/stspin32f0.o
 .debug_macro   0x000066ee       0x12 Drivers/BSP/Components/stspin32f0.o
 .debug_macro   0x00006700      0x33d Drivers/BSP/Components/stspin32f0.o
 .debug_macro   0x00006a3d      0x1f0 Drivers/BSP/Components/stspin32f0.o
 .debug_macro   0x00006c2d      0x13a Drivers/BSP/Components/stspin32f0.o
 .debug_macro   0x00006d67      0x150 Drivers/BSP/Components/stspin32f0.o
 .debug_macro   0x00006eb7      0x1e4 Drivers/BSP/STEVAL-SPIN3202/STEVAL-SPIN3202.o
 .debug_macro   0x0000709b      0x141 Drivers/BSP/STEVAL-SPIN3202/STEVAL-SPIN3202.o
 .debug_macro   0x000071dc      0x150 Drivers/BSP/STEVAL-SPIN3202/STEVAL-SPIN3202.o
 .debug_macro   0x0000732c      0x1b0 Drivers/CMSIS/system_stm32f0xx.o
 .debug_macro   0x000074dc      0x1d4 Drivers/STM32F0xx_HAL_Driver/stm32f0xx_hal.o
 .debug_macro   0x000076b0      0x1d4 Drivers/STM32F0xx_HAL_Driver/stm32f0xx_hal_adc.o
 .debug_macro   0x00007884      0x1b0 Drivers/STM32F0xx_HAL_Driver/stm32f0xx_hal_cortex.o
 .debug_macro   0x00007a34      0x1b6 Drivers/STM32F0xx_HAL_Driver/stm32f0xx_hal_dma.o
 .debug_macro   0x00007bea      0x1e9 Drivers/STM32F0xx_HAL_Driver/stm32f0xx_hal_gpio.o
 .debug_macro   0x00007dd3      0x1ce Drivers/STM32F0xx_HAL_Driver/stm32f0xx_hal_rcc.o
 .debug_macro   0x00007fa1      0x1c8 Drivers/STM32F0xx_HAL_Driver/stm32f0xx_hal_rcc_ex.o
 .debug_macro   0x00008169      0x1b1 Drivers/STM32F0xx_HAL_Driver/stm32f0xx_hal_tim.o
 .debug_macro   0x0000831a      0x1b0 Drivers/STM32F0xx_HAL_Driver/stm32f0xx_hal_tim_ex.o
 .debug_macro   0x000084ca      0x1bf Drivers/STM32F0xx_HAL_Driver/stm32f0xx_hal_uart.o
 .debug_macro   0x00008689      0x3b5 Middlewares/MC_6Step_Lib/6Step_Lib.o
 .debug_macro   0x00008a3e       0x5e Middlewares/MC_6Step_Lib/6Step_Lib.o
 .debug_macro   0x00008a9c       0x18 Middlewares/MC_6Step_Lib/6Step_Lib.o
 .debug_macro   0x00008ab4       0x35 Middlewares/MC_6Step_Lib/6Step_Lib.o
 .debug_macro   0x00008ae9       0x34 Middlewares/MC_6Step_Lib/6Step_Lib.o
 .debug_macro   0x00008b1d      0x174 Middlewares/MC_6Step_Lib/6Step_Lib.o
 .debug_macro   0x00008c91       0x58 Middlewares/MC_6Step_Lib/6Step_Lib.o
 .debug_macro   0x00008ce9       0x1f Middlewares/MC_6Step_Lib/6Step_Lib.o
 .debug_macro   0x00008d08       0x43 Middlewares/MC_6Step_Lib/6Step_Lib.o
 .debug_macro   0x00008d4b       0x20 Middlewares/MC_6Step_Lib/6Step_Lib.o
 .debug_macro   0x00008d6b      0x18e Middlewares/MC_6Step_Lib/6Step_Lib.o
 .debug_macro   0x00008ef9      0x330 Middlewares/MC_6Step_Lib/6Step_Lib.o
 .debug_macro   0x00009229      0x1e1 Middlewares/MC_6Step_Lib/6Step_Lib.o
 .debug_macro   0x0000940a       0x16 Middlewares/MC_6Step_Lib/6Step_Lib.o
 .debug_macro   0x00009420       0x35 Middlewares/MC_6Step_Lib/6Step_Lib.o
 .debug_macro   0x00009455       0x16 Middlewares/MC_6Step_Lib/6Step_Lib.o
 .debug_macro   0x0000946b       0x29 Middlewares/MC_6Step_Lib/6Step_Lib.o
 .debug_macro   0x00009494       0x1c Middlewares/MC_6Step_Lib/6Step_Lib.o
 .debug_macro   0x000094b0       0x10 Middlewares/MC_6Step_Lib/6Step_Lib.o
 .debug_macro   0x000094c0       0x10 Middlewares/MC_6Step_Lib/6Step_Lib.o
 .debug_macro   0x000094d0       0x1c Middlewares/MC_6Step_Lib/6Step_Lib.o
 .debug_macro   0x000094ec       0x52 Middlewares/MC_6Step_Lib/6Step_Lib.o
 .debug_macro   0x0000953e       0x40 Middlewares/MC_6Step_Lib/6Step_Lib.o
 .debug_macro   0x0000957e       0x10 Middlewares/MC_6Step_Lib/6Step_Lib.o
 .debug_macro   0x0000958e       0x40 Middlewares/MC_6Step_Lib/6Step_Lib.o
 .debug_macro   0x000095ce       0xd7 Middlewares/MC_6Step_Lib/6Step_Lib.o
 .debug_macro   0x000096a5       0x1c Middlewares/MC_6Step_Lib/6Step_Lib.o
 .debug_macro   0x000096c1       0x3d Middlewares/MC_6Step_Lib/6Step_Lib.o
 .debug_macro   0x000096fe       0x16 Middlewares/MC_6Step_Lib/6Step_Lib.o
 .debug_macro   0x00009714      0x16f Middlewares/MC_6Step_Lib/6Step_Lib.o
 .debug_macro   0x00009883       0x16 Middlewares/MC_6Step_Lib/6Step_Lib.o
 .debug_macro   0x00009899      0x3be Middlewares/UART_serial_com/UART_UI.o
 .debug_macro   0x00009c57       0x22 Middlewares/UART_serial_com/UART_UI.o
 .debug_macro   0x00009c79      0x394 User/main_32F0.o
 .debug_macro   0x0000a00d      0x394 User/stspin32f0_hal_msp.o
 .debug_macro   0x0000a3a1      0x3c9 User/stspin32f0_it.o

.debug_line     0x00000000     0xe1dc
 .debug_line    0x00000000      0x8f4 Drivers/BSP/Components/stspin32f0.o
 .debug_line    0x000008f4      0x997 Drivers/BSP/STEVAL-SPIN3202/STEVAL-SPIN3202.o
 .debug_line    0x0000128b      0x7ab Drivers/CMSIS/system_stm32f0xx.o
 .debug_line    0x00001a36      0x88b Drivers/STM32F0xx_HAL_Driver/stm32f0xx_hal.o
 .debug_line    0x000022c1      0xd10 Drivers/STM32F0xx_HAL_Driver/stm32f0xx_hal_adc.o
 .debug_line    0x00002fd1      0x8c5 Drivers/STM32F0xx_HAL_Driver/stm32f0xx_hal_cortex.o
 .debug_line    0x00003896      0xa81 Drivers/STM32F0xx_HAL_Driver/stm32f0xx_hal_dma.o
 .debug_line    0x00004317      0x8d1 Drivers/STM32F0xx_HAL_Driver/stm32f0xx_hal_gpio.o
 .debug_line    0x00004be8      0x8b2 Drivers/STM32F0xx_HAL_Driver/stm32f0xx_hal_rcc.o
 .debug_line    0x0000549a      0x9c6 Drivers/STM32F0xx_HAL_Driver/stm32f0xx_hal_rcc_ex.o
 .debug_line    0x00005e60     0x1c46 Drivers/STM32F0xx_HAL_Driver/stm32f0xx_hal_tim.o
 .debug_line    0x00007aa6      0xc86 Drivers/STM32F0xx_HAL_Driver/stm32f0xx_hal_tim_ex.o
 .debug_line    0x0000872c     0x11df Drivers/STM32F0xx_HAL_Driver/stm32f0xx_hal_uart.o
 .debug_line    0x0000990b     0x13c3 Middlewares/MC_6Step_Lib/6Step_Lib.o
 .debug_line    0x0000acce      0xfeb Middlewares/UART_serial_com/UART_UI.o
 .debug_line    0x0000bcb9      0xbbe User/main_32F0.o
 .debug_line    0x0000c877      0xcb3 User/stspin32f0_hal_msp.o
 .debug_line    0x0000d52a      0xc2f User/stspin32f0_it.o
 .debug_line    0x0000e159       0x83 startup/startup_stm32f031x6.o

.debug_str      0x00000000    0x387de
 .debug_str     0x00000000    0x2f429 Drivers/BSP/Components/stspin32f0.o
                              0x2f6e6 (size before relaxing)
 .debug_str     0x0002f429      0xca7 Drivers/BSP/STEVAL-SPIN3202/STEVAL-SPIN3202.o
                              0x3024d (size before relaxing)
 .debug_str     0x000300d0      0x105 Drivers/CMSIS/system_stm32f0xx.o
                              0x2e37e (size before relaxing)
 .debug_str     0x000301d5      0x4e6 Drivers/STM32F0xx_HAL_Driver/stm32f0xx_hal.o
                              0x2e7d2 (size before relaxing)
 .debug_str     0x000306bb      0x429 Drivers/STM32F0xx_HAL_Driver/stm32f0xx_hal_adc.o
                              0x2ebb9 (size before relaxing)
 .debug_str     0x00030ae4      0x1ef Drivers/STM32F0xx_HAL_Driver/stm32f0xx_hal_cortex.o
                              0x2e6aa (size before relaxing)
 .debug_str     0x00030cd3      0x17f Drivers/STM32F0xx_HAL_Driver/stm32f0xx_hal_dma.o
                              0x2e61c (size before relaxing)
 .debug_str     0x00030e52      0x276 Drivers/STM32F0xx_HAL_Driver/stm32f0xx_hal_gpio.o
                              0x2e617 (size before relaxing)
 .debug_str     0x000310c8      0x33a Drivers/STM32F0xx_HAL_Driver/stm32f0xx_hal_rcc.o
                              0x2e6f6 (size before relaxing)
 .debug_str     0x00031402      0x1bf Drivers/STM32F0xx_HAL_Driver/stm32f0xx_hal_rcc_ex.o
                              0x2e66d (size before relaxing)
 .debug_str     0x000315c1      0xd45 Drivers/STM32F0xx_HAL_Driver/stm32f0xx_hal_tim.o
                              0x2f420 (size before relaxing)
 .debug_str     0x00032306      0x50f Drivers/STM32F0xx_HAL_Driver/stm32f0xx_hal_tim_ex.o
                              0x2ecce (size before relaxing)
 .debug_str     0x00032815      0x4e5 Drivers/STM32F0xx_HAL_Driver/stm32f0xx_hal_uart.o
                              0x2ecdd (size before relaxing)
 .debug_str     0x00032cfa     0x532e Middlewares/MC_6Step_Lib/6Step_Lib.o
                              0x3527f (size before relaxing)
 .debug_str     0x00038028      0x485 Middlewares/UART_serial_com/UART_UI.o
                              0x34eb5 (size before relaxing)
 .debug_str     0x000384ad      0x140 User/main_32F0.o
                              0x3525d (size before relaxing)
 .debug_str     0x000385ed       0x93 User/stspin32f0_hal_msp.o
                              0x3524d (size before relaxing)
 .debug_str     0x00038680      0x12f User/stspin32f0_it.o
                              0x34f6c (size before relaxing)
 .debug_str     0x000387af       0x2f startup/startup_stm32f031x6.o
                                 0xcb (size before relaxing)

.comment        0x00000000       0x7f
 .comment       0x00000000       0x7f Drivers/BSP/Components/stspin32f0.o
                                 0x80 (size before relaxing)
 .comment       0x0000007f       0x80 Drivers/BSP/STEVAL-SPIN3202/STEVAL-SPIN3202.o
 .comment       0x0000007f       0x80 Drivers/CMSIS/system_stm32f0xx.o
 .comment       0x0000007f       0x80 Drivers/STM32F0xx_HAL_Driver/stm32f0xx_hal.o
 .comment       0x0000007f       0x80 Drivers/STM32F0xx_HAL_Driver/stm32f0xx_hal_adc.o
 .comment       0x0000007f       0x80 Drivers/STM32F0xx_HAL_Driver/stm32f0xx_hal_cortex.o
 .comment       0x0000007f       0x80 Drivers/STM32F0xx_HAL_Driver/stm32f0xx_hal_dma.o
 .comment       0x0000007f       0x80 Drivers/STM32F0xx_HAL_Driver/stm32f0xx_hal_gpio.o
 .comment       0x0000007f       0x80 Drivers/STM32F0xx_HAL_Driver/stm32f0xx_hal_rcc.o
 .comment       0x0000007f       0x80 Drivers/STM32F0xx_HAL_Driver/stm32f0xx_hal_rcc_ex.o
 .comment       0x0000007f       0x80 Drivers/STM32F0xx_HAL_Driver/stm32f0xx_hal_tim.o
 .comment       0x0000007f       0x80 Drivers/STM32F0xx_HAL_Driver/stm32f0xx_hal_tim_ex.o
 .comment       0x0000007f       0x80 Drivers/STM32F0xx_HAL_Driver/stm32f0xx_hal_uart.o
 .comment       0x0000007f       0x80 Middlewares/MC_6Step_Lib/6Step_Lib.o
 .comment       0x0000007f       0x80 Middlewares/UART_serial_com/UART_UI.o
 .comment       0x0000007f       0x80 User/main_32F0.o
 .comment       0x0000007f       0x80 User/stspin32f0_hal_msp.o
 .comment       0x0000007f       0x80 User/stspin32f0_it.o

.debug_frame    0x00000000     0x28e0
 .debug_frame   0x00000000      0x100 Drivers/BSP/Components/stspin32f0.o
 .debug_frame   0x00000100      0x134 Drivers/BSP/STEVAL-SPIN3202/STEVAL-SPIN3202.o
 .debug_frame   0x00000234       0x38 Drivers/CMSIS/system_stm32f0xx.o
 .debug_frame   0x0000026c      0x144 Drivers/STM32F0xx_HAL_Driver/stm32f0xx_hal.o
 .debug_frame   0x000003b0      0x280 Drivers/STM32F0xx_HAL_Driver/stm32f0xx_hal_adc.o
 .debug_frame   0x00000630       0xec Drivers/STM32F0xx_HAL_Driver/stm32f0xx_hal_cortex.o
 .debug_frame   0x0000071c       0xf4 Drivers/STM32F0xx_HAL_Driver/stm32f0xx_hal_dma.o
 .debug_frame   0x00000810       0xd4 Drivers/STM32F0xx_HAL_Driver/stm32f0xx_hal_gpio.o
 .debug_frame   0x000008e4      0x118 Drivers/STM32F0xx_HAL_Driver/stm32f0xx_hal_rcc.o
 .debug_frame   0x000009fc       0xac Drivers/STM32F0xx_HAL_Driver/stm32f0xx_hal_rcc_ex.o
 .debug_frame   0x00000aa8      0x82c Drivers/STM32F0xx_HAL_Driver/stm32f0xx_hal_tim.o
 .debug_frame   0x000012d4      0x310 Drivers/STM32F0xx_HAL_Driver/stm32f0xx_hal_tim_ex.o
 .debug_frame   0x000015e4      0x40c Drivers/STM32F0xx_HAL_Driver/stm32f0xx_hal_uart.o
 .debug_frame   0x000019f0      0x300 Middlewares/MC_6Step_Lib/6Step_Lib.o
 .debug_frame   0x00001cf0      0x2a4 Middlewares/UART_serial_com/UART_UI.o
 .debug_frame   0x00001f94       0x50 User/main_32F0.o
 .debug_frame   0x00001fe4      0x158 User/stspin32f0_hal_msp.o
 .debug_frame   0x0000213c       0xe0 User/stspin32f0_it.o
 .debug_frame   0x0000221c       0x20 c:/ac6/systemworkbench/plugins/fr.ac6.mcu.externaltools.arm-none.win32_1.17.0.201812190825/tools/compiler/bin/../lib/gcc/arm-none-eabi/7.3.1/thumb/v6-m\libgcc.a(_udivsi3.o)
 .debug_frame   0x0000223c       0x20 c:/ac6/systemworkbench/plugins/fr.ac6.mcu.externaltools.arm-none.win32_1.17.0.201812190825/tools/compiler/bin/../lib/gcc/arm-none-eabi/7.3.1/thumb/v6-m\libgcc.a(_divsi3.o)
 .debug_frame   0x0000225c       0x34 c:/ac6/systemworkbench/plugins/fr.ac6.mcu.externaltools.arm-none.win32_1.17.0.201812190825/tools/compiler/bin/../lib/gcc/arm-none-eabi/7.3.1/thumb/v6-m\libgcc.a(_muldi3.o)
 .debug_frame   0x00002290       0x3c c:/ac6/systemworkbench/plugins/fr.ac6.mcu.externaltools.arm-none.win32_1.17.0.201812190825/tools/compiler/bin/../lib/gcc/arm-none-eabi/7.3.1/thumb/v6-m\libgcc.a(_udivmoddi4.o)
 .debug_frame   0x000022cc       0x40 c:/ac6/systemworkbench/plugins/fr.ac6.mcu.externaltools.arm-none.win32_1.17.0.201812190825/tools/compiler/bin/../lib/gcc/arm-none-eabi/7.3.1/../../../../arm-none-eabi/lib/thumb/v6-m\libc_nano.a(lib_a-atoi.o)
 .debug_frame   0x0000230c       0x2c c:/ac6/systemworkbench/plugins/fr.ac6.mcu.externaltools.arm-none.win32_1.17.0.201812190825/tools/compiler/bin/../lib/gcc/arm-none-eabi/7.3.1/../../../../arm-none-eabi/lib/thumb/v6-m\libc_nano.a(lib_a-init.o)
 .debug_frame   0x00002338       0x28 c:/ac6/systemworkbench/plugins/fr.ac6.mcu.externaltools.arm-none.win32_1.17.0.201812190825/tools/compiler/bin/../lib/gcc/arm-none-eabi/7.3.1/../../../../arm-none-eabi/lib/thumb/v6-m\libc_nano.a(lib_a-memcpy-stub.o)
 .debug_frame   0x00002360       0x20 c:/ac6/systemworkbench/plugins/fr.ac6.mcu.externaltools.arm-none.win32_1.17.0.201812190825/tools/compiler/bin/../lib/gcc/arm-none-eabi/7.3.1/../../../../arm-none-eabi/lib/thumb/v6-m\libc_nano.a(lib_a-memset.o)
 .debug_frame   0x00002380       0x48 c:/ac6/systemworkbench/plugins/fr.ac6.mcu.externaltools.arm-none.win32_1.17.0.201812190825/tools/compiler/bin/../lib/gcc/arm-none-eabi/7.3.1/../../../../arm-none-eabi/lib/thumb/v6-m\libc_nano.a(lib_a-sprintf.o)
 .debug_frame   0x000023c8       0x20 c:/ac6/systemworkbench/plugins/fr.ac6.mcu.externaltools.arm-none.win32_1.17.0.201812190825/tools/compiler/bin/../lib/gcc/arm-none-eabi/7.3.1/../../../../arm-none-eabi/lib/thumb/v6-m\libc_nano.a(lib_a-strcmp.o)