22:00:49 **** Incremental Build of configuration Debug for project STSPIN32F0_Uart ****
Info: Internal Builder is used for build
arm-none-eabi-gcc -mcpu=cortex-m0 -mthumb -mfloat-abi=soft -DDEBUG -DUSE_HAL_DRIVER -DSTM32F031x6 -DUART_COMM -DNO_PID -DNO_HALL_SENSORS -DNO_ALL_WINDINGS_ENERGIZATION -DNO_FIXED_HALL_DELAY -DNO_PWM_ON_BEMF_SENSING -DNO_MC_FAN_4PP_24V -DNO_MC_RS_57BL54 -DNO_MC_2036_U_024_B_K312 -DMC_BR2804_1700_KV_1 -DDELTA_6STEP_TABLE -DCOMPLEMENTARY_DRIVE -DVOLTAGE_MODE -DNO_POTENTIOMETER -DNO_CURRENT_SENSE_ADC -DNO_VBUS_SENSE_ADC -DNO_TEMP_SENSE_ADC -DNO_BEMF_RECORDING -DNO_SPEED_SENDING -DSPEED_RAMP -IZ:/STSPIN32F0MotorController/STSPIN32F0_Uart/Lib/Middlewares/ST/MC_6Step_Lib/Inc -IZ:/STSPIN32F0MotorController/STSPIN32F0_Uart/Lib/Projects/Multi/Examples/MotionControl/STEVAL-SPIN3202/Inc -IZ:/STSPIN32F0MotorController/STSPIN32F0_Uart/Lib/Drivers/BSP/STEVAL-SPIN3202 -IZ:/STSPIN32F0MotorController/STSPIN32F0_Uart/Lib/Drivers/BSP/Components/stspin32f0 -IZ:/STSPIN32F0MotorController/STSPIN32F0_Uart/Lib/Drivers/BSP/Components/Common -IZ:/STSPIN32F0MotorController/STSPIN32F0_Uart/Lib/Drivers/STM32F0xx_HAL_Driver/Inc -IZ:/STSPIN32F0MotorController/STSPIN32F0_Uart/Lib/Drivers/CMSIS/Device/ST/STM32F0xx/Include -IZ:/STSPIN32F0MotorController/STSPIN32F0_Uart/Lib/Drivers/CMSIS/Include -IZ:/STSPIN32F0MotorController/STSPIN32F0_Uart/Lib/Middlewares/ST/UART_serial_com/Inc "-I..\\..\\..\\Inc" "-I..\\..\\..\\..\\..\\..\\..\\..\\Drivers\\BSP\\Components\\stspin32f0" "-I..\\..\\..\\..\\..\\..\\..\\..\\Drivers\\BSP\\Components\\Common" "-I..\\..\\..\\..\\..\\..\\..\\..\\Drivers\\BSP\\STEVAL-SPIN3202" "-I..\\..\\..\\..\\..\\..\\..\\..\\Drivers\\CMSIS\\Device\\ST\\STM32F0xx\\Include" "-I..\\..\\..\\..\\..\\..\\..\\..\\Drivers\\CMSIS\\Include" "-I..\\..\\..\\..\\..\\..\\..\\..\\Drivers\\STM32F0xx_HAL_Driver\\Inc" "-I..\\..\\..\\..\\..\\..\\..\\..\\Middlewares\\ST\\MC_6Step_Lib\\Inc" "-I..\\..\\..\\..\\..\\..\\..\\..\\Middlewares\\ST\\UART_serial_com\\Inc" "-IZ:/STSPIN32F0MotorController/STSPIN32F0_Uart\\User" -O3 -g3 -Wall -fmessage-length=0 -ffunction-sections -c -o "Drivers\\STM32F0xx_HAL_Driver\\stm32f0xx_hal_uart.o" "..\\Drivers\\STM32F0xx_HAL_Driver\\stm32f0xx_hal_uart.c" 
arm-none-eabi-gcc -mcpu=cortex-m0 -mthumb -mfloat-abi=soft -DDEBUG -DUSE_HAL_DRIVER -DSTM32F031x6 -DUART_COMM -DNO_PID -DNO_HALL_SENSORS -DNO_ALL_WINDINGS_ENERGIZATION -DNO_FIXED_HALL_DELAY -DNO_PWM_ON_BEMF_SENSING -DNO_MC_FAN_4PP_24V -DNO_MC_RS_57BL54 -DNO_MC_2036_U_024_B_K312 -DMC_BR2804_1700_KV_1 -DDELTA_6STEP_TABLE -DCOMPLEMENTARY_DRIVE -DVOLTAGE_MODE -DNO_POTENTIOMETER -DNO_CURRENT_SENSE_ADC -DNO_VBUS_SENSE_ADC -DNO_TEMP_SENSE_ADC -DNO_BEMF_RECORDING -DNO_SPEED_SENDING -DSPEED_RAMP -IZ:/STSPIN32F0MotorController/STSPIN32F0_Uart/Lib/Middlewares/ST/MC_6Step_Lib/Inc -IZ:/STSPIN32F0MotorController/STSPIN32F0_Uart/Lib/Projects/Multi/Examples/MotionControl/STEVAL-SPIN3202/Inc -IZ:/STSPIN32F0MotorController/STSPIN32F0_Uart/Lib/Drivers/BSP/STEVAL-SPIN3202 -IZ:/STSPIN32F0MotorController/STSPIN32F0_Uart/Lib/Drivers/BSP/Components/stspin32f0 -IZ:/STSPIN32F0MotorController/STSPIN32F0_Uart/Lib/Drivers/BSP/Components/Common -IZ:/STSPIN32F0MotorController/STSPIN32F0_Uart/Lib/Drivers/STM32F0xx_HAL_Driver/Inc -IZ:/STSPIN32F0MotorController/STSPIN32F0_Uart/Lib/Drivers/CMSIS/Device/ST/STM32F0xx/Include -IZ:/STSPIN32F0MotorController/STSPIN32F0_Uart/Lib/Drivers/CMSIS/Include -IZ:/STSPIN32F0MotorController/STSPIN32F0_Uart/Lib/Middlewares/ST/UART_serial_com/Inc "-I..\\..\\..\\Inc" "-I..\\..\\..\\..\\..\\..\\..\\..\\Drivers\\BSP\\Components\\stspin32f0" "-I..\\..\\..\\..\\..\\..\\..\\..\\Drivers\\BSP\\Components\\Common" "-I..\\..\\..\\..\\..\\..\\..\\..\\Drivers\\BSP\\STEVAL-SPIN3202" "-I..\\..\\..\\..\\..\\..\\..\\..\\Drivers\\CMSIS\\Device\\ST\\STM32F0xx\\Include" "-I..\\..\\..\\..\\..\\..\\..\\..\\Drivers\\CMSIS\\Include" "-I..\\..\\..\\..\\..\\..\\..\\..\\Drivers\\STM32F0xx_HAL_Driver\\Inc" "-I..\\..\\..\\..\\..\\..\\..\\..\\Middlewares\\ST\\MC_6Step_Lib\\Inc" "-I..\\..\\..\\..\\..\\..\\..\\..\\Middlewares\\ST\\UART_serial_com\\Inc" "-IZ:/STSPIN32F0MotorController/STSPIN32F0_Uart\\User" -O3 -g3 -Wall -fmessage-length=0 -ffunction-sections -c -o "Drivers\\CMSIS\\system_stm32f0xx.o" "..\\Drivers\\CMSIS\\system_stm32f0xx.c" 
arm-none-eabi-gcc -mcpu=cortex-m0 -mthumb -mfloat-abi=soft -DDEBUG -DUSE_HAL_DRIVER -DSTM32F031x6 -DUART_COMM -DNO_PID -DNO_HALL_SENSORS -DNO_ALL_WINDINGS_ENERGIZATION -DNO_FIXED_HALL_DELAY -DNO_PWM_ON_BEMF_SENSING -DNO_MC_FAN_4PP_24V -DNO_MC_RS_57BL54 -DNO_MC_2036_U_024_B_K312 -DMC_BR2804_1700_KV_1 -DDELTA_6STEP_TABLE -DCOMPLEMENTARY_DRIVE -DVOLTAGE_MODE -DNO_POTENTIOMETER -DNO_CURRENT_SENSE_ADC -DNO_VBUS_SENSE_ADC -DNO_TEMP_SENSE_ADC -DNO_BEMF_RECORDING -DNO_SPEED_SENDING -DSPEED_RAMP -IZ:/STSPIN32F0MotorController/STSPIN32F0_Uart/Lib/Middlewares/ST/MC_6Step_Lib/Inc -IZ:/STSPIN32F0MotorController/STSPIN32F0_Uart/Lib/Projects/Multi/Examples/MotionControl/STEVAL-SPIN3202/Inc -IZ:/STSPIN32F0MotorController/STSPIN32F0_Uart/Lib/Drivers/BSP/STEVAL-SPIN3202 -IZ:/STSPIN32F0MotorController/STSPIN32F0_Uart/Lib/Drivers/BSP/Components/stspin32f0 -IZ:/STSPIN32F0MotorController/STSPIN32F0_Uart/Lib/Drivers/BSP/Components/Common -IZ:/STSPIN32F0MotorController/STSPIN32F0_Uart/Lib/Drivers/STM32F0xx_HAL_Driver/Inc -IZ:/STSPIN32F0MotorController/STSPIN32F0_Uart/Lib/Drivers/CMSIS/Device/ST/STM32F0xx/Include -IZ:/STSPIN32F0MotorController/STSPIN32F0_Uart/Lib/Drivers/CMSIS/Include -IZ:/STSPIN32F0MotorController/STSPIN32F0_Uart/Lib/Middlewares/ST/UART_serial_com/Inc "-I..\\..\\..\\Inc" "-I..\\..\\..\\..\\..\\..\\..\\..\\Drivers\\BSP\\Components\\stspin32f0" "-I..\\..\\..\\..\\..\\..\\..\\..\\Drivers\\BSP\\Components\\Common" "-I..\\..\\..\\..\\..\\..\\..\\..\\Drivers\\BSP\\STEVAL-SPIN3202" "-I..\\..\\..\\..\\..\\..\\..\\..\\Drivers\\CMSIS\\Device\\ST\\STM32F0xx\\Include" "-I..\\..\\..\\..\\..\\..\\..\\..\\Drivers\\CMSIS\\Include" "-I..\\..\\..\\..\\..\\..\\..\\..\\Drivers\\STM32F0xx_HAL_Driver\\Inc" "-I..\\..\\..\\..\\..\\..\\..\\..\\Middlewares\\ST\\MC_6Step_Lib\\Inc" "-I..\\..\\..\\..\\..\\..\\..\\..\\Middlewares\\ST\\UART_serial_com\\Inc" "-IZ:/STSPIN32F0MotorController/STSPIN32F0_Uart\\User" -O3 -g3 -Wall -fmessage-length=0 -ffunction-sections -c -o "Drivers\\STM32F0xx_HAL_Driver\\stm32f0xx_hal_adc.o" "..\\Drivers\\STM32F0xx_HAL_Driver\\stm32f0xx_hal_adc.c" 
arm-none-eabi-gcc -mcpu=cortex-m0 -mthumb -mfloat-abi=soft -DDEBUG -DUSE_HAL_DRIVER -DSTM32F031x6 -DUART_COMM -DNO_PID -DNO_HALL_SENSORS -DNO_ALL_WINDINGS_ENERGIZATION -DNO_FIXED_HALL_DELAY -DNO_PWM_ON_BEMF_SENSING -DNO_MC_FAN_4PP_24V -DNO_MC_RS_57BL54 -DNO_MC_2036_U_024_B_K312 -DMC_BR2804_1700_KV_1 -DDELTA_6STEP_TABLE -DCOMPLEMENTARY_DRIVE -DVOLTAGE_MODE -DNO_POTENTIOMETER -DNO_CURRENT_SENSE_ADC -DNO_VBUS_SENSE_ADC -DNO_TEMP_SENSE_ADC -DNO_BEMF_RECORDING -DNO_SPEED_SENDING -DSPEED_RAMP -IZ:/STSPIN32F0MotorController/STSPIN32F0_Uart/Lib/Middlewares/ST/MC_6Step_Lib/Inc -IZ:/STSPIN32F0MotorController/STSPIN32F0_Uart/Lib/Projects/Multi/Examples/MotionControl/STEVAL-SPIN3202/Inc -IZ:/STSPIN32F0MotorController/STSPIN32F0_Uart/Lib/Drivers/BSP/STEVAL-SPIN3202 -IZ:/STSPIN32F0MotorController/STSPIN32F0_Uart/Lib/Drivers/BSP/Components/stspin32f0 -IZ:/STSPIN32F0MotorController/STSPIN32F0_Uart/Lib/Drivers/BSP/Components/Common -IZ:/STSPIN32F0MotorController/STSPIN32F0_Uart/Lib/Drivers/STM32F0xx_HAL_Driver/Inc -IZ:/STSPIN32F0MotorController/STSPIN32F0_Uart/Lib/Drivers/CMSIS/Device/ST/STM32F0xx/Include -IZ:/STSPIN32F0MotorController/STSPIN32F0_Uart/Lib/Drivers/CMSIS/Include -IZ:/STSPIN32F0MotorController/STSPIN32F0_Uart/Lib/Middlewares/ST/UART_serial_com/Inc "-I..\\..\\..\\Inc" "-I..\\..\\..\\..\\..\\..\\..\\..\\Drivers\\BSP\\Components\\stspin32f0" "-I..\\..\\..\\..\\..\\..\\..\\..\\Drivers\\BSP\\Components\\Common" "-I..\\..\\..\\..\\..\\..\\..\\..\\Drivers\\BSP\\STEVAL-SPIN3202" "-I..\\..\\..\\..\\..\\..\\..\\..\\Drivers\\CMSIS\\Device\\ST\\STM32F0xx\\Include" "-I..\\..\\..\\..\\..\\..\\..\\..\\Drivers\\CMSIS\\Include" "-I..\\..\\..\\..\\..\\..\\..\\..\\Drivers\\STM32F0xx_HAL_Driver\\Inc" "-I..\\..\\..\\..\\..\\..\\..\\..\\Middlewares\\ST\\MC_6Step_Lib\\Inc" "-I..\\..\\..\\..\\..\\..\\..\\..\\Middlewares\\ST\\UART_serial_com\\Inc" "-IZ:/STSPIN32F0MotorController/STSPIN32F0_Uart\\User" -O3 -g3 -Wall -fmessage-length=0 -ffunction-sections -c -o "Drivers\\STM32F0xx_HAL_Driver\\stm32f0xx_hal_uart_ex.o" "..\\Drivers\\STM32F0xx_HAL_Driver\\stm32f0xx_hal_uart_ex.c" 
arm-none-eabi-gcc -mcpu=cortex-m0 -mthumb -mfloat-abi=soft -DDEBUG -DUSE_HAL_DRIVER -DSTM32F031x6 -DUART_COMM -DNO_PID -DNO_HALL_SENSORS -DNO_ALL_WINDINGS_ENERGIZATION -DNO_FIXED_HALL_DELAY -DNO_PWM_ON_BEMF_SENSING -DNO_MC_FAN_4PP_24V -DNO_MC_RS_57BL54 -DNO_MC_2036_U_024_B_K312 -DMC_BR2804_1700_KV_1 -DDELTA_6STEP_TABLE -DCOMPLEMENTARY_DRIVE -DVOLTAGE_MODE -DNO_POTENTIOMETER -DNO_CURRENT_SENSE_ADC -DNO_VBUS_SENSE_ADC -DNO_TEMP_SENSE_ADC -DNO_BEMF_RECORDING -DNO_SPEED_SENDING -DSPEED_RAMP -IZ:/STSPIN32F0MotorController/STSPIN32F0_Uart/Lib/Middlewares/ST/MC_6Step_Lib/Inc -IZ:/STSPIN32F0MotorController/STSPIN32F0_Uart/Lib/Projects/Multi/Examples/MotionControl/STEVAL-SPIN3202/Inc -IZ:/STSPIN32F0MotorController/STSPIN32F0_Uart/Lib/Drivers/BSP/STEVAL-SPIN3202 -IZ:/STSPIN32F0MotorController/STSPIN32F0_Uart/Lib/Drivers/BSP/Components/stspin32f0 -IZ:/STSPIN32F0MotorController/STSPIN32F0_Uart/Lib/Drivers/BSP/Components/Common -IZ:/STSPIN32F0MotorController/STSPIN32F0_Uart/Lib/Drivers/STM32F0xx_HAL_Driver/Inc -IZ:/STSPIN32F0MotorController/STSPIN32F0_Uart/Lib/Drivers/CMSIS/Device/ST/STM32F0xx/Include -IZ:/STSPIN32F0MotorController/STSPIN32F0_Uart/Lib/Drivers/CMSIS/Include -IZ:/STSPIN32F0MotorController/STSPIN32F0_Uart/Lib/Middlewares/ST/UART_serial_com/Inc "-I..\\..\\..\\Inc" "-I..\\..\\..\\..\\..\\..\\..\\..\\Drivers\\BSP\\Components\\stspin32f0" "-I..\\..\\..\\..\\..\\..\\..\\..\\Drivers\\BSP\\Components\\Common" "-I..\\..\\..\\..\\..\\..\\..\\..\\Drivers\\BSP\\STEVAL-SPIN3202" "-I..\\..\\..\\..\\..\\..\\..\\..\\Drivers\\CMSIS\\Device\\ST\\STM32F0xx\\Include" "-I..\\..\\..\\..\\..\\..\\..\\..\\Drivers\\CMSIS\\Include" "-I..\\..\\..\\..\\..\\..\\..\\..\\Drivers\\STM32F0xx_HAL_Driver\\Inc" "-I..\\..\\..\\..\\..\\..\\..\\..\\Middlewares\\ST\\MC_6Step_Lib\\Inc" "-I..\\..\\..\\..\\..\\..\\..\\..\\Middlewares\\ST\\UART_serial_com\\Inc" "-IZ:/STSPIN32F0MotorController/STSPIN32F0_Uart\\User" -O3 -g3 -Wall -fmessage-length=0 -ffunction-sections -c -o "User\\stspin32f0_hal_msp.o" "..\\User\\stspin32f0_hal_msp.c" 
arm-none-eabi-gcc -mcpu=cortex-m0 -mthumb -mfloat-abi=soft -DDEBUG -DUSE_HAL_DRIVER -DSTM32F031x6 -DUART_COMM -DNO_PID -DNO_HALL_SENSORS -DNO_ALL_WINDINGS_ENERGIZATION -DNO_FIXED_HALL_DELAY -DNO_PWM_ON_BEMF_SENSING -DNO_MC_FAN_4PP_24V -DNO_MC_RS_57BL54 -DNO_MC_2036_U_024_B_K312 -DMC_BR2804_1700_KV_1 -DDELTA_6STEP_TABLE -DCOMPLEMENTARY_DRIVE -DVOLTAGE_MODE -DNO_POTENTIOMETER -DNO_CURRENT_SENSE_ADC -DNO_VBUS_SENSE_ADC -DNO_TEMP_SENSE_ADC -DNO_BEMF_RECORDING -DNO_SPEED_SENDING -DSPEED_RAMP -IZ:/STSPIN32F0MotorController/STSPIN32F0_Uart/Lib/Middlewares/ST/MC_6Step_Lib/Inc -IZ:/STSPIN32F0MotorController/STSPIN32F0_Uart/Lib/Projects/Multi/Examples/MotionControl/STEVAL-SPIN3202/Inc -IZ:/STSPIN32F0MotorController/STSPIN32F0_Uart/Lib/Drivers/BSP/STEVAL-SPIN3202 -IZ:/STSPIN32F0MotorController/STSPIN32F0_Uart/Lib/Drivers/BSP/Components/stspin32f0 -IZ:/STSPIN32F0MotorController/STSPIN32F0_Uart/Lib/Drivers/BSP/Components/Common -IZ:/STSPIN32F0MotorController/STSPIN32F0_Uart/Lib/Drivers/STM32F0xx_HAL_Driver/Inc -IZ:/STSPIN32F0MotorController/STSPIN32F0_Uart/Lib/Drivers/CMSIS/Device/ST/STM32F0xx/Include -IZ:/STSPIN32F0MotorController/STSPIN32F0_Uart/Lib/Drivers/CMSIS/Include -IZ:/STSPIN32F0MotorController/STSPIN32F0_Uart/Lib/Middlewares/ST/UART_serial_com/Inc "-I..\\..\\..\\Inc" "-I..\\..\\..\\..\\..\\..\\..\\..\\Drivers\\BSP\\Components\\stspin32f0" "-I..\\..\\..\\..\\..\\..\\..\\..\\Drivers\\BSP\\Components\\Common" "-I..\\..\\..\\..\\..\\..\\..\\..\\Drivers\\BSP\\STEVAL-SPIN3202" "-I..\\..\\..\\..\\..\\..\\..\\..\\Drivers\\CMSIS\\Device\\ST\\STM32F0xx\\Include" "-I..\\..\\..\\..\\..\\..\\..\\..\\Drivers\\CMSIS\\Include" "-I..\\..\\..\\..\\..\\..\\..\\..\\Drivers\\STM32F0xx_HAL_Driver\\Inc" "-I..\\..\\..\\..\\..\\..\\..\\..\\Middlewares\\ST\\MC_6Step_Lib\\Inc" "-I..\\..\\..\\..\\..\\..\\..\\..\\Middlewares\\ST\\UART_serial_com\\Inc" "-IZ:/STSPIN32F0MotorController/STSPIN32F0_Uart\\User" -O3 -g3 -Wall -fmessage-length=0 -ffunction-sections -c -o "User\\stspin32f0_it.o" "..\\User\\stspin32f0_it.c" 
arm-none-eabi-gcc -mcpu=cortex-m0 -mthumb -mfloat-abi=soft -DDEBUG -DUSE_HAL_DRIVER -DSTM32F031x6 -DUART_COMM -DNO_PID -DNO_HALL_SENSORS -DNO_ALL_WINDINGS_ENERGIZATION -DNO_FIXED_HALL_DELAY -DNO_PWM_ON_BEMF_SENSING -DNO_MC_FAN_4PP_24V -DNO_MC_RS_57BL54 -DNO_MC_2036_U_024_B_K312 -DMC_BR2804_1700_KV_1 -DDELTA_6STEP_TABLE -DCOMPLEMENTARY_DRIVE -DVOLTAGE_MODE -DNO_POTENTIOMETER -DNO_CURRENT_SENSE_ADC -DNO_VBUS_SENSE_ADC -DNO_TEMP_SENSE_ADC -DNO_BEMF_RECORDING -DNO_SPEED_SENDING -DSPEED_RAMP -IZ:/STSPIN32F0MotorController/STSPIN32F0_Uart/Lib/Middlewares/ST/MC_6Step_Lib/Inc -IZ:/STSPIN32F0MotorController/STSPIN32F0_Uart/Lib/Projects/Multi/Examples/MotionControl/STEVAL-SPIN3202/Inc -IZ:/STSPIN32F0MotorController/STSPIN32F0_Uart/Lib/Drivers/BSP/STEVAL-SPIN3202 -IZ:/STSPIN32F0MotorController/STSPIN32F0_Uart/Lib/Drivers/BSP/Components/stspin32f0 -IZ:/STSPIN32F0MotorController/STSPIN32F0_Uart/Lib/Drivers/BSP/Components/Common -IZ:/STSPIN32F0MotorController/STSPIN32F0_Uart/Lib/Drivers/STM32F0xx_HAL_Driver/Inc -IZ:/STSPIN32F0MotorController/STSPIN32F0_Uart/Lib/Drivers/CMSIS/Device/ST/STM32F0xx/Include -IZ:/STSPIN32F0MotorController/STSPIN32F0_Uart/Lib/Drivers/CMSIS/Include -IZ:/STSPIN32F0MotorController/STSPIN32F0_Uart/Lib/Middlewares/ST/UART_serial_com/Inc "-I..\\..\\..\\Inc" "-I..\\..\\..\\..\\..\\..\\..\\..\\Drivers\\BSP\\Components\\stspin32f0" "-I..\\..\\..\\..\\..\\..\\..\\..\\Drivers\\BSP\\Components\\Common" "-I..\\..\\..\\..\\..\\..\\..\\..\\Drivers\\BSP\\STEVAL-SPIN3202" "-I..\\..\\..\\..\\..\\..\\..\\..\\Drivers\\CMSIS\\Device\\ST\\STM32F0xx\\Include" "-I..\\..\\..\\..\\..\\..\\..\\..\\Drivers\\CMSIS\\Include" "-I..\\..\\..\\..\\..\\..\\..\\..\\Drivers\\STM32F0xx_HAL_Driver\\Inc" "-I..\\..\\..\\..\\..\\..\\..\\..\\Middlewares\\ST\\MC_6Step_Lib\\Inc" "-I..\\..\\..\\..\\..\\..\\..\\..\\Middlewares\\ST\\UART_serial_com\\Inc" "-IZ:/STSPIN32F0MotorController/STSPIN32F0_Uart\\User" -O3 -g3 -Wall -fmessage-length=0 -ffunction-sections -c -o "Drivers\\STM32F0xx_HAL_Driver\\stm32f0xx_hal_rcc.o" "..\\Drivers\\STM32F0xx_HAL_Driver\\stm32f0xx_hal_rcc.c" 
arm-none-eabi-gcc -mcpu=cortex-m0 -mthumb -mfloat-abi=soft -DDEBUG -DUSE_HAL_DRIVER -DSTM32F031x6 -DUART_COMM -DNO_PID -DNO_HALL_SENSORS -DNO_ALL_WINDINGS_ENERGIZATION -DNO_FIXED_HALL_DELAY -DNO_PWM_ON_BEMF_SENSING -DNO_MC_FAN_4PP_24V -DNO_MC_RS_57BL54 -DNO_MC_2036_U_024_B_K312 -DMC_BR2804_1700_KV_1 -DDELTA_6STEP_TABLE -DCOMPLEMENTARY_DRIVE -DVOLTAGE_MODE -DNO_POTENTIOMETER -DNO_CURRENT_SENSE_ADC -DNO_VBUS_SENSE_ADC -DNO_TEMP_SENSE_ADC -DNO_BEMF_RECORDING -DNO_SPEED_SENDING -DSPEED_RAMP -IZ:/STSPIN32F0MotorController/STSPIN32F0_Uart/Lib/Middlewares/ST/MC_6Step_Lib/Inc -IZ:/STSPIN32F0MotorController/STSPIN32F0_Uart/Lib/Projects/Multi/Examples/MotionControl/STEVAL-SPIN3202/Inc -IZ:/STSPIN32F0MotorController/STSPIN32F0_Uart/Lib/Drivers/BSP/STEVAL-SPIN3202 -IZ:/STSPIN32F0MotorController/STSPIN32F0_Uart/Lib/Drivers/BSP/Components/stspin32f0 -IZ:/STSPIN32F0MotorController/STSPIN32F0_Uart/Lib/Drivers/BSP/Components/Common -IZ:/STSPIN32F0MotorController/STSPIN32F0_Uart/Lib/Drivers/STM32F0xx_HAL_Driver/Inc -IZ:/STSPIN32F0MotorController/STSPIN32F0_Uart/Lib/Drivers/CMSIS/Device/ST/STM32F0xx/Include -IZ:/STSPIN32F0MotorController/STSPIN32F0_Uart/Lib/Drivers/CMSIS/Include -IZ:/STSPIN32F0MotorController/STSPIN32F0_Uart/Lib/Middlewares/ST/UART_serial_com/Inc "-I..\\..\\..\\Inc" "-I..\\..\\..\\..\\..\\..\\..\\..\\Drivers\\BSP\\Components\\stspin32f0" "-I..\\..\\..\\..\\..\\..\\..\\..\\Drivers\\BSP\\Components\\Common" "-I..\\..\\..\\..\\..\\..\\..\\..\\Drivers\\BSP\\STEVAL-SPIN3202" "-I..\\..\\..\\..\\..\\..\\..\\..\\Drivers\\CMSIS\\Device\\ST\\STM32F0xx\\Include" "-I..\\..\\..\\..\\..\\..\\..\\..\\Drivers\\CMSIS\\Include" "-I..\\..\\..\\..\\..\\..\\..\\..\\Drivers\\STM32F0xx_HAL_Driver\\Inc" "-I..\\..\\..\\..\\..\\..\\..\\..\\Middlewares\\ST\\MC_6Step_Lib\\Inc" "-I..\\..\\..\\..\\..\\..\\..\\..\\Middlewares\\ST\\UART_serial_com\\Inc" "-IZ:/STSPIN32F0MotorController/STSPIN32F0_Uart\\User" -O3 -g3 -Wall -fmessage-length=0 -ffunction-sections -c -o "Drivers\\STM32F0xx_HAL_Driver\\stm32f0xx_hal_adc_ex.o" "..\\Drivers\\STM32F0xx_HAL_Driver\\stm32f0xx_hal_adc_ex.c" 
arm-none-eabi-gcc -mcpu=cortex-m0 -mthumb -mfloat-abi=soft -DDEBUG -DUSE_HAL_DRIVER -DSTM32F031x6 -DUART_COMM -DNO_PID -DNO_HALL_SENSORS -DNO_ALL_WINDINGS_ENERGIZATION -DNO_FIXED_HALL_DELAY -DNO_PWM_ON_BEMF_SENSING -DNO_MC_FAN_4PP_24V -DNO_MC_RS_57BL54 -DNO_MC_2036_U_024_B_K312 -DMC_BR2804_1700_KV_1 -DDELTA_6STEP_TABLE -DCOMPLEMENTARY_DRIVE -DVOLTAGE_MODE -DNO_POTENTIOMETER -DNO_CURRENT_SENSE_ADC -DNO_VBUS_SENSE_ADC -DNO_TEMP_SENSE_ADC -DNO_BEMF_RECORDING -DNO_SPEED_SENDING -DSPEED_RAMP -IZ:/STSPIN32F0MotorController/STSPIN32F0_Uart/Lib/Middlewares/ST/MC_6Step_Lib/Inc -IZ:/STSPIN32F0MotorController/STSPIN32F0_Uart/Lib/Projects/Multi/Examples/MotionControl/STEVAL-SPIN3202/Inc -IZ:/STSPIN32F0MotorController/STSPIN32F0_Uart/Lib/Drivers/BSP/STEVAL-SPIN3202 -IZ:/STSPIN32F0MotorController/STSPIN32F0_Uart/Lib/Drivers/BSP/Components/stspin32f0 -IZ:/STSPIN32F0MotorController/STSPIN32F0_Uart/Lib/Drivers/BSP/Components/Common -IZ:/STSPIN32F0MotorController/STSPIN32F0_Uart/Lib/Drivers/STM32F0xx_HAL_Driver/Inc -IZ:/STSPIN32F0MotorController/STSPIN32F0_Uart/Lib/Drivers/CMSIS/Device/ST/STM32F0xx/Include -IZ:/STSPIN32F0MotorController/STSPIN32F0_Uart/Lib/Drivers/CMSIS/Include -IZ:/STSPIN32F0MotorController/STSPIN32F0_Uart/Lib/Middlewares/ST/UART_serial_com/Inc "-I..\\..\\..\\Inc" "-I..\\..\\..\\..\\..\\..\\..\\..\\Drivers\\BSP\\Components\\stspin32f0" "-I..\\..\\..\\..\\..\\..\\..\\..\\Drivers\\BSP\\Components\\Common" "-I..\\..\\..\\..\\..\\..\\..\\..\\Drivers\\BSP\\STEVAL-SPIN3202" "-I..\\..\\..\\..\\..\\..\\..\\..\\Drivers\\CMSIS\\Device\\ST\\STM32F0xx\\Include" "-I..\\..\\..\\..\\..\\..\\..\\..\\Drivers\\CMSIS\\Include" "-I..\\..\\..\\..\\..\\..\\..\\..\\Drivers\\STM32F0xx_HAL_Driver\\Inc" "-I..\\..\\..\\..\\..\\..\\..\\..\\Middlewares\\ST\\MC_6Step_Lib\\Inc" "-I..\\..\\..\\..\\..\\..\\..\\..\\Middlewares\\ST\\UART_serial_com\\Inc" "-IZ:/STSPIN32F0MotorController/STSPIN32F0_Uart\\User" -O3 -g3 -Wall -fmessage-length=0 -ffunction-sections -c -o "Drivers\\STM32F0xx_HAL_Driver\\stm32f0xx_hal_rcc_ex.o" "..\\Drivers\\STM32F0xx_HAL_Driver\\stm32f0xx_hal_rcc_ex.c" 
arm-none-eabi-gcc -mcpu=cortex-m0 -mthumb -mfloat-abi=soft -DDEBUG -DUSE_HAL_DRIVER -DSTM32F031x6 -DUART_COMM -DNO_PID -DNO_HALL_SENSORS -DNO_ALL_WINDINGS_ENERGIZATION -DNO_FIXED_HALL_DELAY -DNO_PWM_ON_BEMF_SENSING -DNO_MC_FAN_4PP_24V -DNO_MC_RS_57BL54 -DNO_MC_2036_U_024_B_K312 -DMC_BR2804_1700_KV_1 -DDELTA_6STEP_TABLE -DCOMPLEMENTARY_DRIVE -DVOLTAGE_MODE -DNO_POTENTIOMETER -DNO_CURRENT_SENSE_ADC -DNO_VBUS_SENSE_ADC -DNO_TEMP_SENSE_ADC -DNO_BEMF_RECORDING -DNO_SPEED_SENDING -DSPEED_RAMP -IZ:/STSPIN32F0MotorController/STSPIN32F0_Uart/Lib/Middlewares/ST/MC_6Step_Lib/Inc -IZ:/STSPIN32F0MotorController/STSPIN32F0_Uart/Lib/Projects/Multi/Examples/MotionControl/STEVAL-SPIN3202/Inc -IZ:/STSPIN32F0MotorController/STSPIN32F0_Uart/Lib/Drivers/BSP/STEVAL-SPIN3202 -IZ:/STSPIN32F0MotorController/STSPIN32F0_Uart/Lib/Drivers/BSP/Components/stspin32f0 -IZ:/STSPIN32F0MotorController/STSPIN32F0_Uart/Lib/Drivers/BSP/Components/Common -IZ:/STSPIN32F0MotorController/STSPIN32F0_Uart/Lib/Drivers/STM32F0xx_HAL_Driver/Inc -IZ:/STSPIN32F0MotorController/STSPIN32F0_Uart/Lib/Drivers/CMSIS/Device/ST/STM32F0xx/Include -IZ:/STSPIN32F0MotorController/STSPIN32F0_Uart/Lib/Drivers/CMSIS/Include -IZ:/STSPIN32F0MotorController/STSPIN32F0_Uart/Lib/Middlewares/ST/UART_serial_com/Inc "-I..\\..\\..\\Inc" "-I..\\..\\..\\..\\..\\..\\..\\..\\Drivers\\BSP\\Components\\stspin32f0" "-I..\\..\\..\\..\\..\\..\\..\\..\\Drivers\\BSP\\Components\\Common" "-I..\\..\\..\\..\\..\\..\\..\\..\\Drivers\\BSP\\STEVAL-SPIN3202" "-I..\\..\\..\\..\\..\\..\\..\\..\\Drivers\\CMSIS\\Device\\ST\\STM32F0xx\\Include" "-I..\\..\\..\\..\\..\\..\\..\\..\\Drivers\\CMSIS\\Include" "-I..\\..\\..\\..\\..\\..\\..\\..\\Drivers\\STM32F0xx_HAL_Driver\\Inc" "-I..\\..\\..\\..\\..\\..\\..\\..\\Middlewares\\ST\\MC_6Step_Lib\\Inc" "-I..\\..\\..\\..\\..\\..\\..\\..\\Middlewares\\ST\\UART_serial_com\\Inc" "-IZ:/STSPIN32F0MotorController/STSPIN32F0_Uart\\User" -O3 -g3 -Wall -fmessage-length=0 -ffunction-sections -c -o "Drivers\\BSP\\STEVAL-SPIN3202\\STEVAL-SPIN3202.o" "..\\Drivers\\BSP\\STEVAL-SPIN3202\\STEVAL-SPIN3202.c" 
arm-none-eabi-gcc -mcpu=cortex-m0 -mthumb -mfloat-abi=soft -DDEBUG -DUSE_HAL_DRIVER -DSTM32F031x6 -DUART_COMM -DNO_PID -DNO_HALL_SENSORS -DNO_ALL_WINDINGS_ENERGIZATION -DNO_FIXED_HALL_DELAY -DNO_PWM_ON_BEMF_SENSING -DNO_MC_FAN_4PP_24V -DNO_MC_RS_57BL54 -DNO_MC_2036_U_024_B_K312 -DMC_BR2804_1700_KV_1 -DDELTA_6STEP_TABLE -DCOMPLEMENTARY_DRIVE -DVOLTAGE_MODE -DNO_POTENTIOMETER -DNO_CURRENT_SENSE_ADC -DNO_VBUS_SENSE_ADC -DNO_TEMP_SENSE_ADC -DNO_BEMF_RECORDING -DNO_SPEED_SENDING -DSPEED_RAMP -IZ:/STSPIN32F0MotorController/STSPIN32F0_Uart/Lib/Middlewares/ST/MC_6Step_Lib/Inc -IZ:/STSPIN32F0MotorController/STSPIN32F0_Uart/Lib/Projects/Multi/Examples/MotionControl/STEVAL-SPIN3202/Inc -IZ:/STSPIN32F0MotorController/STSPIN32F0_Uart/Lib/Drivers/BSP/STEVAL-SPIN3202 -IZ:/STSPIN32F0MotorController/STSPIN32F0_Uart/Lib/Drivers/BSP/Components/stspin32f0 -IZ:/STSPIN32F0MotorController/STSPIN32F0_Uart/Lib/Drivers/BSP/Components/Common -IZ:/STSPIN32F0MotorController/STSPIN32F0_Uart/Lib/Drivers/STM32F0xx_HAL_Driver/Inc -IZ:/STSPIN32F0MotorController/STSPIN32F0_Uart/Lib/Drivers/CMSIS/Device/ST/STM32F0xx/Include -IZ:/STSPIN32F0MotorController/STSPIN32F0_Uart/Lib/Drivers/CMSIS/Include -IZ:/STSPIN32F0MotorController/STSPIN32F0_Uart/Lib/Middlewares/ST/UART_serial_com/Inc "-I..\\..\\..\\Inc" "-I..\\..\\..\\..\\..\\..\\..\\..\\Drivers\\BSP\\Components\\stspin32f0" "-I..\\..\\..\\..\\..\\..\\..\\..\\Drivers\\BSP\\Components\\Common" "-I..\\..\\..\\..\\..\\..\\..\\..\\Drivers\\BSP\\STEVAL-SPIN3202" "-I..\\..\\..\\..\\..\\..\\..\\..\\Drivers\\CMSIS\\Device\\ST\\STM32F0xx\\Include" "-I..\\..\\..\\..\\..\\..\\..\\..\\Drivers\\CMSIS\\Include" "-I..\\..\\..\\..\\..\\..\\..\\..\\Drivers\\STM32F0xx_HAL_Driver\\Inc" "-I..\\..\\..\\..\\..\\..\\..\\..\\Middlewares\\ST\\MC_6Step_Lib\\Inc" "-I..\\..\\..\\..\\..\\..\\..\\..\\Middlewares\\ST\\UART_serial_com\\Inc" "-IZ:/STSPIN32F0MotorController/STSPIN32F0_Uart\\User" -O3 -g3 -Wall -fmessage-length=0 -ffunction-sections -c -o "Drivers\\STM32F0xx_HAL_Driver\\stm32f0xx_hal_flash.o" "..\\Drivers\\STM32F0xx_HAL_Driver\\stm32f0xx_hal_flash.c" 
arm-none-eabi-gcc -mcpu=cortex-m0 -mthumb -mfloat-abi=soft -DDEBUG -DUSE_HAL_DRIVER -DSTM32F031x6 -DUART_COMM -DNO_PID -DNO_HALL_SENSORS -DNO_ALL_WINDINGS_ENERGIZATION -DNO_FIXED_HALL_DELAY -DNO_PWM_ON_BEMF_SENSING -DNO_MC_FAN_4PP_24V -DNO_MC_RS_57BL54 -DNO_MC_2036_U_024_B_K312 -DMC_BR2804_1700_KV_1 -DDELTA_6STEP_TABLE -DCOMPLEMENTARY_DRIVE -DVOLTAGE_MODE -DNO_POTENTIOMETER -DNO_CURRENT_SENSE_ADC -DNO_VBUS_SENSE_ADC -DNO_TEMP_SENSE_ADC -DNO_BEMF_RECORDING -DNO_SPEED_SENDING -DSPEED_RAMP -IZ:/STSPIN32F0MotorController/STSPIN32F0_Uart/Lib/Middlewares/ST/MC_6Step_Lib/Inc -IZ:/STSPIN32F0MotorController/STSPIN32F0_Uart/Lib/Projects/Multi/Examples/MotionControl/STEVAL-SPIN3202/Inc -IZ:/STSPIN32F0MotorController/STSPIN32F0_Uart/Lib/Drivers/BSP/STEVAL-SPIN3202 -IZ:/STSPIN32F0MotorController/STSPIN32F0_Uart/Lib/Drivers/BSP/Components/stspin32f0 -IZ:/STSPIN32F0MotorController/STSPIN32F0_Uart/Lib/Drivers/BSP/Components/Common -IZ:/STSPIN32F0MotorController/STSPIN32F0_Uart/Lib/Drivers/STM32F0xx_HAL_Driver/Inc -IZ:/STSPIN32F0MotorController/STSPIN32F0_Uart/Lib/Drivers/CMSIS/Device/ST/STM32F0xx/Include -IZ:/STSPIN32F0MotorController/STSPIN32F0_Uart/Lib/Drivers/CMSIS/Include -IZ:/STSPIN32F0MotorController/STSPIN32F0_Uart/Lib/Middlewares/ST/UART_serial_com/Inc "-I..\\..\\..\\Inc" "-I..\\..\\..\\..\\..\\..\\..\\..\\Drivers\\BSP\\Components\\stspin32f0" "-I..\\..\\..\\..\\..\\..\\..\\..\\Drivers\\BSP\\Components\\Common" "-I..\\..\\..\\..\\..\\..\\..\\..\\Drivers\\BSP\\STEVAL-SPIN3202" "-I..\\..\\..\\..\\..\\..\\..\\..\\Drivers\\CMSIS\\Device\\ST\\STM32F0xx\\Include" "-I..\\..\\..\\..\\..\\..\\..\\..\\Drivers\\CMSIS\\Include" "-I..\\..\\..\\..\\..\\..\\..\\..\\Drivers\\STM32F0xx_HAL_Driver\\Inc" "-I..\\..\\..\\..\\..\\..\\..\\..\\Middlewares\\ST\\MC_6Step_Lib\\Inc" "-I..\\..\\..\\..\\..\\..\\..\\..\\Middlewares\\ST\\UART_serial_com\\Inc" "-IZ:/STSPIN32F0MotorController/STSPIN32F0_Uart\\User" -O3 -g3 -Wall -fmessage-length=0 -ffunction-sections -c -o "Drivers\\STM32F0xx_HAL_Driver\\stm32f0xx_hal.o" "..\\Drivers\\STM32F0xx_HAL_Driver\\stm32f0xx_hal.c" 
arm-none-eabi-gcc -mcpu=cortex-m0 -mthumb -mfloat-abi=soft -DDEBUG -DUSE_HAL_DRIVER -DSTM32F031x6 -DUART_COMM -DNO_PID -DNO_HALL_SENSORS -DNO_ALL_WINDINGS_ENERGIZATION -DNO_FIXED_HALL_DELAY -DNO_PWM_ON_BEMF_SENSING -DNO_MC_FAN_4PP_24V -DNO_MC_RS_57BL54 -DNO_MC_2036_U_024_B_K312 -DMC_BR2804_1700_KV_1 -DDELTA_6STEP_TABLE -DCOMPLEMENTARY_DRIVE -DVOLTAGE_MODE -DNO_POTENTIOMETER -DNO_CURRENT_SENSE_ADC -DNO_VBUS_SENSE_ADC -DNO_TEMP_SENSE_ADC -DNO_BEMF_RECORDING -DNO_SPEED_SENDING -DSPEED_RAMP -IZ:/STSPIN32F0MotorController/STSPIN32F0_Uart/Lib/Middlewares/ST/MC_6Step_Lib/Inc -IZ:/STSPIN32F0MotorController/STSPIN32F0_Uart/Lib/Projects/Multi/Examples/MotionControl/STEVAL-SPIN3202/Inc -IZ:/STSPIN32F0MotorController/STSPIN32F0_Uart/Lib/Drivers/BSP/STEVAL-SPIN3202 -IZ:/STSPIN32F0MotorController/STSPIN32F0_Uart/Lib/Drivers/BSP/Components/stspin32f0 -IZ:/STSPIN32F0MotorController/STSPIN32F0_Uart/Lib/Drivers/BSP/Components/Common -IZ:/STSPIN32F0MotorController/STSPIN32F0_Uart/Lib/Drivers/STM32F0xx_HAL_Driver/Inc -IZ:/STSPIN32F0MotorController/STSPIN32F0_Uart/Lib/Drivers/CMSIS/Device/ST/STM32F0xx/Include -IZ:/STSPIN32F0MotorController/STSPIN32F0_Uart/Lib/Drivers/CMSIS/Include -IZ:/STSPIN32F0MotorController/STSPIN32F0_Uart/Lib/Middlewares/ST/UART_serial_com/Inc "-I..\\..\\..\\Inc" "-I..\\..\\..\\..\\..\\..\\..\\..\\Drivers\\BSP\\Components\\stspin32f0" "-I..\\..\\..\\..\\..\\..\\..\\..\\Drivers\\BSP\\Components\\Common" "-I..\\..\\..\\..\\..\\..\\..\\..\\Drivers\\BSP\\STEVAL-SPIN3202" "-I..\\..\\..\\..\\..\\..\\..\\..\\Drivers\\CMSIS\\Device\\ST\\STM32F0xx\\Include" "-I..\\..\\..\\..\\..\\..\\..\\..\\Drivers\\CMSIS\\Include" "-I..\\..\\..\\..\\..\\..\\..\\..\\Drivers\\STM32F0xx_HAL_Driver\\Inc" "-I..\\..\\..\\..\\..\\..\\..\\..\\Middlewares\\ST\\MC_6Step_Lib\\Inc" "-I..\\..\\..\\..\\..\\..\\..\\..\\Middlewares\\ST\\UART_serial_com\\Inc" "-IZ:/STSPIN32F0MotorController/STSPIN32F0_Uart\\User" -O3 -g3 -Wall -fmessage-length=0 -ffunction-sections -c -o "Drivers\\STM32F0xx_HAL_Driver\\stm32f0xx_hal_dma.o" "..\\Drivers\\STM32F0xx_HAL_Driver\\stm32f0xx_hal_dma.c" 
arm-none-eabi-gcc -mcpu=cortex-m0 -mthumb -mfloat-abi=soft -DDEBUG -DUSE_HAL_DRIVER -DSTM32F031x6 -DUART_COMM -DNO_PID -DNO_HALL_SENSORS -DNO_ALL_WINDINGS_ENERGIZATION -DNO_FIXED_HALL_DELAY -DNO_PWM_ON_BEMF_SENSING -DNO_MC_FAN_4PP_24V -DNO_MC_RS_57BL54 -DNO_MC_2036_U_024_B_K312 -DMC_BR2804_1700_KV_1 -DDELTA_6STEP_TABLE -DCOMPLEMENTARY_DRIVE -DVOLTAGE_MODE -DNO_POTENTIOMETER -DNO_CURRENT_SENSE_ADC -DNO_VBUS_SENSE_ADC -DNO_TEMP_SENSE_ADC -DNO_BEMF_RECORDING -DNO_SPEED_SENDING -DSPEED_RAMP -IZ:/STSPIN32F0MotorController/STSPIN32F0_Uart/Lib/Middlewares/ST/MC_6Step_Lib/Inc -IZ:/STSPIN32F0MotorController/STSPIN32F0_Uart/Lib/Projects/Multi/Examples/MotionControl/STEVAL-SPIN3202/Inc -IZ:/STSPIN32F0MotorController/STSPIN32F0_Uart/Lib/Drivers/BSP/STEVAL-SPIN3202 -IZ:/STSPIN32F0MotorController/STSPIN32F0_Uart/Lib/Drivers/BSP/Components/stspin32f0 -IZ:/STSPIN32F0MotorController/STSPIN32F0_Uart/Lib/Drivers/BSP/Components/Common -IZ:/STSPIN32F0MotorController/STSPIN32F0_Uart/Lib/Drivers/STM32F0xx_HAL_Driver/Inc -IZ:/STSPIN32F0MotorController/STSPIN32F0_Uart/Lib/Drivers/CMSIS/Device/ST/STM32F0xx/Include -IZ:/STSPIN32F0MotorController/STSPIN32F0_Uart/Lib/Drivers/CMSIS/Include -IZ:/STSPIN32F0MotorController/STSPIN32F0_Uart/Lib/Middlewares/ST/UART_serial_com/Inc "-I..\\..\\..\\Inc" "-I..\\..\\..\\..\\..\\..\\..\\..\\Drivers\\BSP\\Components\\stspin32f0" "-I..\\..\\..\\..\\..\\..\\..\\..\\Drivers\\BSP\\Components\\Common" "-I..\\..\\..\\..\\..\\..\\..\\..\\Drivers\\BSP\\STEVAL-SPIN3202" "-I..\\..\\..\\..\\..\\..\\..\\..\\Drivers\\CMSIS\\Device\\ST\\STM32F0xx\\Include" "-I..\\..\\..\\..\\..\\..\\..\\..\\Drivers\\CMSIS\\Include" "-I..\\..\\..\\..\\..\\..\\..\\..\\Drivers\\STM32F0xx_HAL_Driver\\Inc" "-I..\\..\\..\\..\\..\\..\\..\\..\\Middlewares\\ST\\MC_6Step_Lib\\Inc" "-I..\\..\\..\\..\\..\\..\\..\\..\\Middlewares\\ST\\UART_serial_com\\Inc" "-IZ:/STSPIN32F0MotorController/STSPIN32F0_Uart\\User" -O3 -g3 -Wall -fmessage-length=0 -ffunction-sections -c -o "Drivers\\STM32F0xx_HAL_Driver\\stm32f0xx_hal_tim.o" "..\\Drivers\\STM32F0xx_HAL_Driver\\stm32f0xx_hal_tim.c" 
arm-none-eabi-gcc -mcpu=cortex-m0 -mthumb -mfloat-abi=soft -DDEBUG -DUSE_HAL_DRIVER -DSTM32F031x6 -DUART_COMM -DNO_PID -DNO_HALL_SENSORS -DNO_ALL_WINDINGS_ENERGIZATION -DNO_FIXED_HALL_DELAY -DNO_PWM_ON_BEMF_SENSING -DNO_MC_FAN_4PP_24V -DNO_MC_RS_57BL54 -DNO_MC_2036_U_024_B_K312 -DMC_BR2804_1700_KV_1 -DDELTA_6STEP_TABLE -DCOMPLEMENTARY_DRIVE -DVOLTAGE_MODE -DNO_POTENTIOMETER -DNO_CURRENT_SENSE_ADC -DNO_VBUS_SENSE_ADC -DNO_TEMP_SENSE_ADC -DNO_BEMF_RECORDING -DNO_SPEED_SENDING -DSPEED_RAMP -IZ:/STSPIN32F0MotorController/STSPIN32F0_Uart/Lib/Middlewares/ST/MC_6Step_Lib/Inc -IZ:/STSPIN32F0MotorController/STSPIN32F0_Uart/Lib/Projects/Multi/Examples/MotionControl/STEVAL-SPIN3202/Inc -IZ:/STSPIN32F0MotorController/STSPIN32F0_Uart/Lib/Drivers/BSP/STEVAL-SPIN3202 -IZ:/STSPIN32F0MotorController/STSPIN32F0_Uart/Lib/Drivers/BSP/Components/stspin32f0 -IZ:/STSPIN32F0MotorController/STSPIN32F0_Uart/Lib/Drivers/BSP/Components/Common -IZ:/STSPIN32F0MotorController/STSPIN32F0_Uart/Lib/Drivers/STM32F0xx_HAL_Driver/Inc -IZ:/STSPIN32F0MotorController/STSPIN32F0_Uart/Lib/Drivers/CMSIS/Device/ST/STM32F0xx/Include -IZ:/STSPIN32F0MotorController/STSPIN32F0_Uart/Lib/Drivers/CMSIS/Include -IZ:/STSPIN32F0MotorController/STSPIN32F0_Uart/Lib/Middlewares/ST/UART_serial_com/Inc "-I..\\..\\..\\Inc" "-I..\\..\\..\\..\\..\\..\\..\\..\\Drivers\\BSP\\Components\\stspin32f0" "-I..\\..\\..\\..\\..\\..\\..\\..\\Drivers\\BSP\\Components\\Common" "-I..\\..\\..\\..\\..\\..\\..\\..\\Drivers\\BSP\\STEVAL-SPIN3202" "-I..\\..\\..\\..\\..\\..\\..\\..\\Drivers\\CMSIS\\Device\\ST\\STM32F0xx\\Include" "-I..\\..\\..\\..\\..\\..\\..\\..\\Drivers\\CMSIS\\Include" "-I..\\..\\..\\..\\..\\..\\..\\..\\Drivers\\STM32F0xx_HAL_Driver\\Inc" "-I..\\..\\..\\..\\..\\..\\..\\..\\Middlewares\\ST\\MC_6Step_Lib\\Inc" "-I..\\..\\..\\..\\..\\..\\..\\..\\Middlewares\\ST\\UART_serial_com\\Inc" "-IZ:/STSPIN32F0MotorController/STSPIN32F0_Uart\\User" -O3 -g3 -Wall -fmessage-length=0 -ffunction-sections -c -o "Drivers\\STM32F0xx_HAL_Driver\\stm32f0xx_hal_gpio.o" "..\\Drivers\\STM32F0xx_HAL_Driver\\stm32f0xx_hal_gpio.c" 
arm-none-eabi-gcc -mcpu=cortex-m0 -mthumb -mfloat-abi=soft -DDEBUG -DUSE_HAL_DRIVER -DSTM32F031x6 -DUART_COMM -DNO_PID -DNO_HALL_SENSORS -DNO_ALL_WINDINGS_ENERGIZATION -DNO_FIXED_HALL_DELAY -DNO_PWM_ON_BEMF_SENSING -DNO_MC_FAN_4PP_24V -DNO_MC_RS_57BL54 -DNO_MC_2036_U_024_B_K312 -DMC_BR2804_1700_KV_1 -DDELTA_6STEP_TABLE -DCOMPLEMENTARY_DRIVE -DVOLTAGE_MODE -DNO_POTENTIOMETER -DNO_CURRENT_SENSE_ADC -DNO_VBUS_SENSE_ADC -DNO_TEMP_SENSE_ADC -DNO_BEMF_RECORDING -DNO_SPEED_SENDING -DSPEED_RAMP -IZ:/STSPIN32F0MotorController/STSPIN32F0_Uart/Lib/Middlewares/ST/MC_6Step_Lib/Inc -IZ:/STSPIN32F0MotorController/STSPIN32F0_Uart/Lib/Projects/Multi/Examples/MotionControl/STEVAL-SPIN3202/Inc -IZ:/STSPIN32F0MotorController/STSPIN32F0_Uart/Lib/Drivers/BSP/STEVAL-SPIN3202 -IZ:/STSPIN32F0MotorController/STSPIN32F0_Uart/Lib/Drivers/BSP/Components/stspin32f0 -IZ:/STSPIN32F0MotorController/STSPIN32F0_Uart/Lib/Drivers/BSP/Components/Common -IZ:/STSPIN32F0MotorController/STSPIN32F0_Uart/Lib/Drivers/STM32F0xx_HAL_Driver/Inc -IZ:/STSPIN32F0MotorController/STSPIN32F0_Uart/Lib/Drivers/CMSIS/Device/ST/STM32F0xx/Include -IZ:/STSPIN32F0MotorController/STSPIN32F0_Uart/Lib/Drivers/CMSIS/Include -IZ:/STSPIN32F0MotorController/STSPIN32F0_Uart/Lib/Middlewares/ST/UART_serial_com/Inc "-I..\\..\\..\\Inc" "-I..\\..\\..\\..\\..\\..\\..\\..\\Drivers\\BSP\\Components\\stspin32f0" "-I..\\..\\..\\..\\..\\..\\..\\..\\Drivers\\BSP\\Components\\Common" "-I..\\..\\..\\..\\..\\..\\..\\..\\Drivers\\BSP\\STEVAL-SPIN3202" "-I..\\..\\..\\..\\..\\..\\..\\..\\Drivers\\CMSIS\\Device\\ST\\STM32F0xx\\Include" "-I..\\..\\..\\..\\..\\..\\..\\..\\Drivers\\CMSIS\\Include" "-I..\\..\\..\\..\\..\\..\\..\\..\\Drivers\\STM32F0xx_HAL_Driver\\Inc" "-I..\\..\\..\\..\\..\\..\\..\\..\\Middlewares\\ST\\MC_6Step_Lib\\Inc" "-I..\\..\\..\\..\\..\\..\\..\\..\\Middlewares\\ST\\UART_serial_com\\Inc" "-IZ:/STSPIN32F0MotorController/STSPIN32F0_Uart\\User" -O3 -g3 -Wall -fmessage-length=0 -ffunction-sections -c -o "User\\main_32F0.o" "..\\User\\main_32F0.c" 
arm-none-eabi-as -mcpu=cortex-m0 -mthumb -mfloat-abi=soft -IZ:/STSPIN32F0MotorController/STSPIN32F0_Uart/Lib/Projects/Multi/Examples/MotionControl/STEVAL-SPIN3202/Inc -IZ:/STSPIN32F0MotorController/STSPIN32F0_Uart/Lib/Drivers/BSP/Components/stspin32f0 -IZ:/STSPIN32F0MotorController/STSPIN32F0_Uart/Lib/Middlewares/ST/MC_6Step_Lib/Inc -IZ:/STSPIN32F0MotorController/STSPIN32F0_Uart/Lib/Drivers/STM32F0xx_HAL_Driver/Inc -IZ:/STSPIN32F0MotorController/STSPIN32F0_Uart/Lib/Drivers/CMSIS/Device/ST/STM32F0xx/Include -IZ:/STSPIN32F0MotorController/STSPIN32F0_Uart/Lib/Drivers/BSP/STEVAL-SPIN3202 -IZ:/STSPIN32F0MotorController/STSPIN32F0_Uart/Lib/Drivers/BSP/Components/Common -IZ:/STSPIN32F0MotorController/STSPIN32F0_Uart/Lib/Middlewares/ST/UART_serial_com/Inc -IZ:/STSPIN32F0MotorController/STSPIN32F0_Uart/Lib/Drivers/CMSIS/Include -g -o "startup\\startup_stm32f031x6.o" "..\\startup\\startup_stm32f031x6.s" 
arm-none-eabi-gcc -mcpu=cortex-m0 -mthumb -mfloat-abi=soft -DDEBUG -DUSE_HAL_DRIVER -DSTM32F031x6 -DUART_COMM -DNO_PID -DNO_HALL_SENSORS -DNO_ALL_WINDINGS_ENERGIZATION -DNO_FIXED_HALL_DELAY -DNO_PWM_ON_BEMF_SENSING -DNO_MC_FAN_4PP_24V -DNO_MC_RS_57BL54 -DNO_MC_2036_U_024_B_K312 -DMC_BR2804_1700_KV_1 -DDELTA_6STEP_TABLE -DCOMPLEMENTARY_DRIVE -DVOLTAGE_MODE -DNO_POTENTIOMETER -DNO_CURRENT_SENSE_ADC -DNO_VBUS_SENSE_ADC -DNO_TEMP_SENSE_ADC -DNO_BEMF_RECORDING -DNO_SPEED_SENDING -DSPEED_RAMP -IZ:/STSPIN32F0MotorController/STSPIN32F0_Uart/Lib/Middlewares/ST/MC_6Step_Lib/Inc -IZ:/STSPIN32F0MotorController/STSPIN32F0_Uart/Lib/Projects/Multi/Examples/MotionControl/STEVAL-SPIN3202/Inc -IZ:/STSPIN32F0MotorController/STSPIN32F0_Uart/Lib/Drivers/BSP/STEVAL-SPIN3202 -IZ:/STSPIN32F0MotorController/STSPIN32F0_Uart/Lib/Drivers/BSP/Components/stspin32f0 -IZ:/STSPIN32F0MotorController/STSPIN32F0_Uart/Lib/Drivers/BSP/Components/Common -IZ:/STSPIN32F0MotorController/STSPIN32F0_Uart/Lib/Drivers/STM32F0xx_HAL_Driver/Inc -IZ:/STSPIN32F0MotorController/STSPIN32F0_Uart/Lib/Drivers/CMSIS/Device/ST/STM32F0xx/Include -IZ:/STSPIN32F0MotorController/STSPIN32F0_Uart/Lib/Drivers/CMSIS/Include -IZ:/STSPIN32F0MotorController/STSPIN32F0_Uart/Lib/Middlewares/ST/UART_serial_com/Inc "-I..\\..\\..\\Inc" "-I..\\..\\..\\..\\..\\..\\..\\..\\Drivers\\BSP\\Components\\stspin32f0" "-I..\\..\\..\\..\\..\\..\\..\\..\\Drivers\\BSP\\Components\\Common" "-I..\\..\\..\\..\\..\\..\\..\\..\\Drivers\\BSP\\STEVAL-SPIN3202" "-I..\\..\\..\\..\\..\\..\\..\\..\\Drivers\\CMSIS\\Device\\ST\\STM32F0xx\\Include" "-I..\\..\\..\\..\\..\\..\\..\\..\\Drivers\\CMSIS\\Include" "-I..\\..\\..\\..\\..\\..\\..\\..\\Drivers\\STM32F0xx_HAL_Driver\\Inc" "-I..\\..\\..\\..\\..\\..\\..\\..\\Middlewares\\ST\\MC_6Step_Lib\\Inc" "-I..\\..\\..\\..\\..\\..\\..\\..\\Middlewares\\ST\\UART_serial_com\\Inc" "-IZ:/STSPIN32F0MotorController/STSPIN32F0_Uart\\User" -O3 -g3 -Wall -fmessage-length=0 -ffunction-sections -c -o "Middlewares\\UART_serial_com\\UART_UI.o" "..\\Middlewares\\UART_serial_com\\UART_UI.c" 
arm-none-eabi-gcc -mcpu=cortex-m0 -mthumb -mfloat-abi=soft -DDEBUG -DUSE_HAL_DRIVER -DSTM32F031x6 -DUART_COMM -DNO_PID -DNO_HALL_SENSORS -DNO_ALL_WINDINGS_ENERGIZATION -DNO_FIXED_HALL_DELAY -DNO_PWM_ON_BEMF_SENSING -DNO_MC_FAN_4PP_24V -DNO_MC_RS_57BL54 -DNO_MC_2036_U_024_B_K312 -DMC_BR2804_1700_KV_1 -DDELTA_6STEP_TABLE -DCOMPLEMENTARY_DRIVE -DVOLTAGE_MODE -DNO_POTENTIOMETER -DNO_CURRENT_SENSE_ADC -DNO_VBUS_SENSE_ADC -DNO_TEMP_SENSE_ADC -DNO_BEMF_RECORDING -DNO_SPEED_SENDING -DSPEED_RAMP -IZ:/STSPIN32F0MotorController/STSPIN32F0_Uart/Lib/Middlewares/ST/MC_6Step_Lib/Inc -IZ:/STSPIN32F0MotorController/STSPIN32F0_Uart/Lib/Projects/Multi/Examples/MotionControl/STEVAL-SPIN3202/Inc -IZ:/STSPIN32F0MotorController/STSPIN32F0_Uart/Lib/Drivers/BSP/STEVAL-SPIN3202 -IZ:/STSPIN32F0MotorController/STSPIN32F0_Uart/Lib/Drivers/BSP/Components/stspin32f0 -IZ:/STSPIN32F0MotorController/STSPIN32F0_Uart/Lib/Drivers/BSP/Components/Common -IZ:/STSPIN32F0MotorController/STSPIN32F0_Uart/Lib/Drivers/STM32F0xx_HAL_Driver/Inc -IZ:/STSPIN32F0MotorController/STSPIN32F0_Uart/Lib/Drivers/CMSIS/Device/ST/STM32F0xx/Include -IZ:/STSPIN32F0MotorController/STSPIN32F0_Uart/Lib/Drivers/CMSIS/Include -IZ:/STSPIN32F0MotorController/STSPIN32F0_Uart/Lib/Middlewares/ST/UART_serial_com/Inc "-I..\\..\\..\\Inc" "-I..\\..\\..\\..\\..\\..\\..\\..\\Drivers\\BSP\\Components\\stspin32f0" "-I..\\..\\..\\..\\..\\..\\..\\..\\Drivers\\BSP\\Components\\Common" "-I..\\..\\..\\..\\..\\..\\..\\..\\Drivers\\BSP\\STEVAL-SPIN3202" "-I..\\..\\..\\..\\..\\..\\..\\..\\Drivers\\CMSIS\\Device\\ST\\STM32F0xx\\Include" "-I..\\..\\..\\..\\..\\..\\..\\..\\Drivers\\CMSIS\\Include" "-I..\\..\\..\\..\\..\\..\\..\\..\\Drivers\\STM32F0xx_HAL_Driver\\Inc" "-I..\\..\\..\\..\\..\\..\\..\\..\\Middlewares\\ST\\MC_6Step_Lib\\Inc" "-I..\\..\\..\\..\\..\\..\\..\\..\\Middlewares\\ST\\UART_serial_com\\Inc" "-IZ:/STSPIN32F0MotorController/STSPIN32F0_Uart\\User" -O3 -g3 -Wall -fmessage-length=0 -ffunction-sections -c -o "Drivers\\STM32F0xx_HAL_Driver\\stm32f0xx_hal_flash_ex.o" "..\\Drivers\\STM32F0xx_HAL_Driver\\stm32f0xx_hal_flash_ex.c" 
arm-none-eabi-gcc -mcpu=cortex-m0 -mthumb -mfloat-abi=soft -DDEBUG -DUSE_HAL_DRIVER -DSTM32F031x6 -DUART_COMM -DNO_PID -DNO_HALL_SENSORS -DNO_ALL_WINDINGS_ENERGIZATION -DNO_FIXED_HALL_DELAY -DNO_PWM_ON_BEMF_SENSING -DNO_MC_FAN_4PP_24V -DNO_MC_RS_57BL54 -DNO_MC_2036_U_024_B_K312 -DMC_BR2804_1700_KV_1 -DDELTA_6STEP_TABLE -DCOMPLEMENTARY_DRIVE -DVOLTAGE_MODE -DNO_POTENTIOMETER -DNO_CURRENT_SENSE_ADC -DNO_VBUS_SENSE_ADC -DNO_TEMP_SENSE_ADC -DNO_BEMF_RECORDING -DNO_SPEED_SENDING -DSPEED_RAMP -IZ:/STSPIN32F0MotorController/STSPIN32F0_Uart/Lib/Middlewares/ST/MC_6Step_Lib/Inc -IZ:/STSPIN32F0MotorController/STSPIN32F0_Uart/Lib/Projects/Multi/Examples/MotionControl/STEVAL-SPIN3202/Inc -IZ:/STSPIN32F0MotorController/STSPIN32F0_Uart/Lib/Drivers/BSP/STEVAL-SPIN3202 -IZ:/STSPIN32F0MotorController/STSPIN32F0_Uart/Lib/Drivers/BSP/Components/stspin32f0 -IZ:/STSPIN32F0MotorController/STSPIN32F0_Uart/Lib/Drivers/BSP/Components/Common -IZ:/STSPIN32F0MotorController/STSPIN32F0_Uart/Lib/Drivers/STM32F0xx_HAL_Driver/Inc -IZ:/STSPIN32F0MotorController/STSPIN32F0_Uart/Lib/Drivers/CMSIS/Device/ST/STM32F0xx/Include -IZ:/STSPIN32F0MotorController/STSPIN32F0_Uart/Lib/Drivers/CMSIS/Include -IZ:/STSPIN32F0MotorController/STSPIN32F0_Uart/Lib/Middlewares/ST/UART_serial_com/Inc "-I..\\..\\..\\Inc" "-I..\\..\\..\\..\\..\\..\\..\\..\\Drivers\\BSP\\Components\\stspin32f0" "-I..\\..\\..\\..\\..\\..\\..\\..\\Drivers\\BSP\\Components\\Common" "-I..\\..\\..\\..\\..\\..\\..\\..\\Drivers\\BSP\\STEVAL-SPIN3202" "-I..\\..\\..\\..\\..\\..\\..\\..\\Drivers\\CMSIS\\Device\\ST\\STM32F0xx\\Include" "-I..\\..\\..\\..\\..\\..\\..\\..\\Drivers\\CMSIS\\Include" "-I..\\..\\..\\..\\..\\..\\..\\..\\Drivers\\STM32F0xx_HAL_Driver\\Inc" "-I..\\..\\..\\..\\..\\..\\..\\..\\Middlewares\\ST\\MC_6Step_Lib\\Inc" "-I..\\..\\..\\..\\..\\..\\..\\..\\Middlewares\\ST\\UART_serial_com\\Inc" "-IZ:/STSPIN32F0MotorController/STSPIN32F0_Uart\\User" -O3 -g3 -Wall -fmessage-length=0 -ffunction-sections -c -o "Drivers\\BSP\\Components\\stspin32f0.o" "..\\Drivers\\BSP\\Components\\stspin32f0.c" 
arm-none-eabi-gcc -mcpu=cortex-m0 -mthumb -mfloat-abi=soft -DDEBUG -DUSE_HAL_DRIVER -DSTM32F031x6 -DUART_COMM -DNO_PID -DNO_HALL_SENSORS -DNO_ALL_WINDINGS_ENERGIZATION -DNO_FIXED_HALL_DELAY -DNO_PWM_ON_BEMF_SENSING -DNO_MC_FAN_4PP_24V -DNO_MC_RS_57BL54 -DNO_MC_2036_U_024_B_K312 -DMC_BR2804_1700_KV_1 -DDELTA_6STEP_TABLE -DCOMPLEMENTARY_DRIVE -DVOLTAGE_MODE -DNO_POTENTIOMETER -DNO_CURRENT_SENSE_ADC -DNO_VBUS_SENSE_ADC -DNO_TEMP_SENSE_ADC -DNO_BEMF_RECORDING -DNO_SPEED_SENDING -DSPEED_RAMP -IZ:/STSPIN32F0MotorController/STSPIN32F0_Uart/Lib/Middlewares/ST/MC_6Step_Lib/Inc -IZ:/STSPIN32F0MotorController/STSPIN32F0_Uart/Lib/Projects/Multi/Examples/MotionControl/STEVAL-SPIN3202/Inc -IZ:/STSPIN32F0MotorController/STSPIN32F0_Uart/Lib/Drivers/BSP/STEVAL-SPIN3202 -IZ:/STSPIN32F0MotorController/STSPIN32F0_Uart/Lib/Drivers/BSP/Components/stspin32f0 -IZ:/STSPIN32F0MotorController/STSPIN32F0_Uart/Lib/Drivers/BSP/Components/Common -IZ:/STSPIN32F0MotorController/STSPIN32F0_Uart/Lib/Drivers/STM32F0xx_HAL_Driver/Inc -IZ:/STSPIN32F0MotorController/STSPIN32F0_Uart/Lib/Drivers/CMSIS/Device/ST/STM32F0xx/Include -IZ:/STSPIN32F0MotorController/STSPIN32F0_Uart/Lib/Drivers/CMSIS/Include -IZ:/STSPIN32F0MotorController/STSPIN32F0_Uart/Lib/Middlewares/ST/UART_serial_com/Inc "-I..\\..\\..\\Inc" "-I..\\..\\..\\..\\..\\..\\..\\..\\Drivers\\BSP\\Components\\stspin32f0" "-I..\\..\\..\\..\\..\\..\\..\\..\\Drivers\\BSP\\Components\\Common" "-I..\\..\\..\\..\\..\\..\\..\\..\\Drivers\\BSP\\STEVAL-SPIN3202" "-I..\\..\\..\\..\\..\\..\\..\\..\\Drivers\\CMSIS\\Device\\ST\\STM32F0xx\\Include" "-I..\\..\\..\\..\\..\\..\\..\\..\\Drivers\\CMSIS\\Include" "-I..\\..\\..\\..\\..\\..\\..\\..\\Drivers\\STM32F0xx_HAL_Driver\\Inc" "-I..\\..\\..\\..\\..\\..\\..\\..\\Middlewares\\ST\\MC_6Step_Lib\\Inc" "-I..\\..\\..\\..\\..\\..\\..\\..\\Middlewares\\ST\\UART_serial_com\\Inc" "-IZ:/STSPIN32F0MotorController/STSPIN32F0_Uart\\User" -O3 -g3 -Wall -fmessage-length=0 -ffunction-sections -c -o "Drivers\\STM32F0xx_HAL_Driver\\stm32f0xx_hal_tim_ex.o" "..\\Drivers\\STM32F0xx_HAL_Driver\\stm32f0xx_hal_tim_ex.c" 
arm-none-eabi-gcc -mcpu=cortex-m0 -mthumb -mfloat-abi=soft -DDEBUG -DUSE_HAL_DRIVER -DSTM32F031x6 -DUART_COMM -DNO_PID -DNO_HALL_SENSORS -DNO_ALL_WINDINGS_ENERGIZATION -DNO_FIXED_HALL_DELAY -DNO_PWM_ON_BEMF_SENSING -DNO_MC_FAN_4PP_24V -DNO_MC_RS_57BL54 -DNO_MC_2036_U_024_B_K312 -DMC_BR2804_1700_KV_1 -DDELTA_6STEP_TABLE -DCOMPLEMENTARY_DRIVE -DVOLTAGE_MODE -DNO_POTENTIOMETER -DNO_CURRENT_SENSE_ADC -DNO_VBUS_SENSE_ADC -DNO_TEMP_SENSE_ADC -DNO_BEMF_RECORDING -DNO_SPEED_SENDING -DSPEED_RAMP -IZ:/STSPIN32F0MotorController/STSPIN32F0_Uart/Lib/Middlewares/ST/MC_6Step_Lib/Inc -IZ:/STSPIN32F0MotorController/STSPIN32F0_Uart/Lib/Projects/Multi/Examples/MotionControl/STEVAL-SPIN3202/Inc -IZ:/STSPIN32F0MotorController/STSPIN32F0_Uart/Lib/Drivers/BSP/STEVAL-SPIN3202 -IZ:/STSPIN32F0MotorController/STSPIN32F0_Uart/Lib/Drivers/BSP/Components/stspin32f0 -IZ:/STSPIN32F0MotorController/STSPIN32F0_Uart/Lib/Drivers/BSP/Components/Common -IZ:/STSPIN32F0MotorController/STSPIN32F0_Uart/Lib/Drivers/STM32F0xx_HAL_Driver/Inc -IZ:/STSPIN32F0MotorController/STSPIN32F0_Uart/Lib/Drivers/CMSIS/Device/ST/STM32F0xx/Include -IZ:/STSPIN32F0MotorController/STSPIN32F0_Uart/Lib/Drivers/CMSIS/Include -IZ:/STSPIN32F0MotorController/STSPIN32F0_Uart/Lib/Middlewares/ST/UART_serial_com/Inc "-I..\\..\\..\\Inc" "-I..\\..\\..\\..\\..\\..\\..\\..\\Drivers\\BSP\\Components\\stspin32f0" "-I..\\..\\..\\..\\..\\..\\..\\..\\Drivers\\BSP\\Components\\Common" "-I..\\..\\..\\..\\..\\..\\..\\..\\Drivers\\BSP\\STEVAL-SPIN3202" "-I..\\..\\..\\..\\..\\..\\..\\..\\Drivers\\CMSIS\\Device\\ST\\STM32F0xx\\Include" "-I..\\..\\..\\..\\..\\..\\..\\..\\Drivers\\CMSIS\\Include" "-I..\\..\\..\\..\\..\\..\\..\\..\\Drivers\\STM32F0xx_HAL_Driver\\Inc" "-I..\\..\\..\\..\\..\\..\\..\\..\\Middlewares\\ST\\MC_6Step_Lib\\Inc" "-I..\\..\\..\\..\\..\\..\\..\\..\\Middlewares\\ST\\UART_serial_com\\Inc" "-IZ:/STSPIN32F0MotorController/STSPIN32F0_Uart\\User" -O3 -g3 -Wall -fmessage-length=0 -ffunction-sections -c -o "Drivers\\STM32F0xx_HAL_Driver\\stm32f0xx_hal_usart.o" "..\\Drivers\\STM32F0xx_HAL_Driver\\stm32f0xx_hal_usart.c" 
arm-none-eabi-gcc -mcpu=cortex-m0 -mthumb -mfloat-abi=soft -DDEBUG -DUSE_HAL_DRIVER -DSTM32F031x6 -DUART_COMM -DNO_PID -DNO_HALL_SENSORS -DNO_ALL_WINDINGS_ENERGIZATION -DNO_FIXED_HALL_DELAY -DNO_PWM_ON_BEMF_SENSING -DNO_MC_FAN_4PP_24V -DNO_MC_RS_57BL54 -DNO_MC_2036_U_024_B_K312 -DMC_BR2804_1700_KV_1 -DDELTA_6STEP_TABLE -DCOMPLEMENTARY_DRIVE -DVOLTAGE_MODE -DNO_POTENTIOMETER -DNO_CURRENT_SENSE_ADC -DNO_VBUS_SENSE_ADC -DNO_TEMP_SENSE_ADC -DNO_BEMF_RECORDING -DNO_SPEED_SENDING -DSPEED_RAMP -IZ:/STSPIN32F0MotorController/STSPIN32F0_Uart/Lib/Middlewares/ST/MC_6Step_Lib/Inc -IZ:/STSPIN32F0MotorController/STSPIN32F0_Uart/Lib/Projects/Multi/Examples/MotionControl/STEVAL-SPIN3202/Inc -IZ:/STSPIN32F0MotorController/STSPIN32F0_Uart/Lib/Drivers/BSP/STEVAL-SPIN3202 -IZ:/STSPIN32F0MotorController/STSPIN32F0_Uart/Lib/Drivers/BSP/Components/stspin32f0 -IZ:/STSPIN32F0MotorController/STSPIN32F0_Uart/Lib/Drivers/BSP/Components/Common -IZ:/STSPIN32F0MotorController/STSPIN32F0_Uart/Lib/Drivers/STM32F0xx_HAL_Driver/Inc -IZ:/STSPIN32F0MotorController/STSPIN32F0_Uart/Lib/Drivers/CMSIS/Device/ST/STM32F0xx/Include -IZ:/STSPIN32F0MotorController/STSPIN32F0_Uart/Lib/Drivers/CMSIS/Include -IZ:/STSPIN32F0MotorController/STSPIN32F0_Uart/Lib/Middlewares/ST/UART_serial_com/Inc "-I..\\..\\..\\Inc" "-I..\\..\\..\\..\\..\\..\\..\\..\\Drivers\\BSP\\Components\\stspin32f0" "-I..\\..\\..\\..\\..\\..\\..\\..\\Drivers\\BSP\\Components\\Common" "-I..\\..\\..\\..\\..\\..\\..\\..\\Drivers\\BSP\\STEVAL-SPIN3202" "-I..\\..\\..\\..\\..\\..\\..\\..\\Drivers\\CMSIS\\Device\\ST\\STM32F0xx\\Include" "-I..\\..\\..\\..\\..\\..\\..\\..\\Drivers\\CMSIS\\Include" "-I..\\..\\..\\..\\..\\..\\..\\..\\Drivers\\STM32F0xx_HAL_Driver\\Inc" "-I..\\..\\..\\..\\..\\..\\..\\..\\Middlewares\\ST\\MC_6Step_Lib\\Inc" "-I..\\..\\..\\..\\..\\..\\..\\..\\Middlewares\\ST\\UART_serial_com\\Inc" "-IZ:/STSPIN32F0MotorController/STSPIN32F0_Uart\\User" -O3 -g3 -Wall -fmessage-length=0 -ffunction-sections -c -o "Drivers\\STM32F0xx_HAL_Driver\\stm32f0xx_hal_cortex.o" "..\\Drivers\\STM32F0xx_HAL_Driver\\stm32f0xx_hal_cortex.c" 
arm-none-eabi-gcc -mcpu=cortex-m0 -mthumb -mfloat-abi=soft -DDEBUG -DUSE_HAL_DRIVER -DSTM32F031x6 -DUART_COMM -DNO_PID -DNO_HALL_SENSORS -DNO_ALL_WINDINGS_ENERGIZATION -DNO_FIXED_HALL_DELAY -DNO_PWM_ON_BEMF_SENSING -DNO_MC_FAN_4PP_24V -DNO_MC_RS_57BL54 -DNO_MC_2036_U_024_B_K312 -DMC_BR2804_1700_KV_1 -DDELTA_6STEP_TABLE -DCOMPLEMENTARY_DRIVE -DVOLTAGE_MODE -DNO_POTENTIOMETER -DNO_CURRENT_SENSE_ADC -DNO_VBUS_SENSE_ADC -DNO_TEMP_SENSE_ADC -DNO_BEMF_RECORDING -DNO_SPEED_SENDING -DSPEED_RAMP -IZ:/STSPIN32F0MotorController/STSPIN32F0_Uart/Lib/Middlewares/ST/MC_6Step_Lib/Inc -IZ:/STSPIN32F0MotorController/STSPIN32F0_Uart/Lib/Projects/Multi/Examples/MotionControl/STEVAL-SPIN3202/Inc -IZ:/STSPIN32F0MotorController/STSPIN32F0_Uart/Lib/Drivers/BSP/STEVAL-SPIN3202 -IZ:/STSPIN32F0MotorController/STSPIN32F0_Uart/Lib/Drivers/BSP/Components/stspin32f0 -IZ:/STSPIN32F0MotorController/STSPIN32F0_Uart/Lib/Drivers/BSP/Components/Common -IZ:/STSPIN32F0MotorController/STSPIN32F0_Uart/Lib/Drivers/STM32F0xx_HAL_Driver/Inc -IZ:/STSPIN32F0MotorController/STSPIN32F0_Uart/Lib/Drivers/CMSIS/Device/ST/STM32F0xx/Include -IZ:/STSPIN32F0MotorController/STSPIN32F0_Uart/Lib/Drivers/CMSIS/Include -IZ:/STSPIN32F0MotorController/STSPIN32F0_Uart/Lib/Middlewares/ST/UART_serial_com/Inc "-I..\\..\\..\\Inc" "-I..\\..\\..\\..\\..\\..\\..\\..\\Drivers\\BSP\\Components\\stspin32f0" "-I..\\..\\..\\..\\..\\..\\..\\..\\Drivers\\BSP\\Components\\Common" "-I..\\..\\..\\..\\..\\..\\..\\..\\Drivers\\BSP\\STEVAL-SPIN3202" "-I..\\..\\..\\..\\..\\..\\..\\..\\Drivers\\CMSIS\\Device\\ST\\STM32F0xx\\Include" "-I..\\..\\..\\..\\..\\..\\..\\..\\Drivers\\CMSIS\\Include" "-I..\\..\\..\\..\\..\\..\\..\\..\\Drivers\\STM32F0xx_HAL_Driver\\Inc" "-I..\\..\\..\\..\\..\\..\\..\\..\\Middlewares\\ST\\MC_6Step_Lib\\Inc" "-I..\\..\\..\\..\\..\\..\\..\\..\\Middlewares\\ST\\UART_serial_com\\Inc" "-IZ:/STSPIN32F0MotorController/STSPIN32F0_Uart\\User" -O3 -g3 -Wall -fmessage-length=0 -ffunction-sections -c -o "Middlewares\\MC_6Step_Lib\\6Step_Lib.o" "..\\Middlewares\\MC_6Step_Lib\\6Step_Lib.c" 
arm-none-eabi-gcc -mcpu=cortex-m0 -mthumb -mfloat-abi=soft --specs=nano.specs --specs=nosys.specs -TZ:/STSPIN32F0MotorController/STSPIN32F0_Uart/LinkerScript.ld -Wl,-Map=output.map -Wl,--gc-sections -lm -o STSPIN32F0_Uart.elf "Drivers\\BSP\\Components\\stspin32f0.o" "Drivers\\BSP\\STEVAL-SPIN3202\\STEVAL-SPIN3202.o" "Drivers\\CMSIS\\system_stm32f0xx.o" "Drivers\\STM32F0xx_HAL_Driver\\stm32f0xx_hal.o" "Drivers\\STM32F0xx_HAL_Driver\\stm32f0xx_hal_adc.o" "Drivers\\STM32F0xx_HAL_Driver\\stm32f0xx_hal_adc_ex.o" "Drivers\\STM32F0xx_HAL_Driver\\stm32f0xx_hal_cortex.o" "Drivers\\STM32F0xx_HAL_Driver\\stm32f0xx_hal_dma.o" "Drivers\\STM32F0xx_HAL_Driver\\stm32f0xx_hal_flash.o" "Drivers\\STM32F0xx_HAL_Driver\\stm32f0xx_hal_flash_ex.o" "Drivers\\STM32F0xx_HAL_Driver\\stm32f0xx_hal_gpio.o" "Drivers\\STM32F0xx_HAL_Driver\\stm32f0xx_hal_rcc.o" "Drivers\\STM32F0xx_HAL_Driver\\stm32f0xx_hal_rcc_ex.o" "Drivers\\STM32F0xx_HAL_Driver\\stm32f0xx_hal_tim.o" "Drivers\\STM32F0xx_HAL_Driver\\stm32f0xx_hal_tim_ex.o" "Drivers\\STM32F0xx_HAL_Driver\\stm32f0xx_hal_uart.o" "Drivers\\STM32F0xx_HAL_Driver\\stm32f0xx_hal_uart_ex.o" "Drivers\\STM32F0xx_HAL_Driver\\stm32f0xx_hal_usart.o" "Middlewares\\MC_6Step_Lib\\6Step_Lib.o" "Middlewares\\UART_serial_com\\UART_UI.o" "User\\main_32F0.o" "User\\stspin32f0_hal_msp.o" "User\\stspin32f0_it.o" "startup\\startup_stm32f031x6.o" 
arm-none-eabi-objcopy -O binary STSPIN32F0_Uart.elf STSPIN32F0_Uart.bin 
 arm-none-eabi-size STSPIN32F0_Uart.elf 
   text	   data	    bss	    dec	    hex	filename
  10248	   1016	   1832	  13096	   3328	STSPIN32F0_Uart.elf

22:01:04 Build Finished (took 14s.657ms)

